Archive member included to satisfy reference by file (symbol)

/home/maddocks/i2c-star-stm32f411ceu6-blackpill/libopencm3/lib/libopencm3_stm32f4.a(gpio_common_all.o)
                              console_cmd_gpio.o (gpio_set)
/home/maddocks/i2c-star-stm32f411ceu6-blackpill/libopencm3/lib/libopencm3_stm32f4.a(gpio_common_f0234.o)
                              console_cdcacm.o (gpio_mode_setup)
/home/maddocks/i2c-star-stm32f411ceu6-blackpill/libopencm3/lib/libopencm3_stm32f4.a(i2c_common_v1.o)
                              i2c_ctx.o (i2c_peripheral_enable)
/home/maddocks/i2c-star-stm32f411ceu6-blackpill/libopencm3/lib/libopencm3_stm32f4.a(rcc_common_all.o)
                              console_cdcacm.o (rcc_periph_clock_enable)
/home/maddocks/i2c-star-stm32f411ceu6-blackpill/libopencm3/lib/libopencm3_stm32f4.a(rcc.o)
                              i2c-explorer.o (rcc_clock_setup_pll)
/home/maddocks/i2c-star-stm32f411ceu6-blackpill/libopencm3/lib/libopencm3_stm32f4.a(usb.o)
                              console_cdcacm.o (usbd_init)
/home/maddocks/i2c-star-stm32f411ceu6-blackpill/libopencm3/lib/libopencm3_stm32f4.a(usb_standard.o)
                              console_cdcacm.o (usbd_register_set_config_callback)
/home/maddocks/i2c-star-stm32f411ceu6-blackpill/libopencm3/lib/libopencm3_stm32f4.a(usb_control.o)
                              console_cdcacm.o (usbd_register_control_callback)
/home/maddocks/i2c-star-stm32f411ceu6-blackpill/libopencm3/lib/libopencm3_stm32f4.a(usb_f107.o)
                              console_cdcacm.o (stm32f107_usb_driver)
/home/maddocks/i2c-star-stm32f411ceu6-blackpill/libopencm3/lib/libopencm3_stm32f4.a(vector.o)
                              (reset_handler)
/home/maddocks/i2c-star-stm32f411ceu6-blackpill/libopencm3/lib/libopencm3_stm32f4.a(systick.o)
                              time_libopencm3.o (systick_set_reload)
/home/maddocks/i2c-star-stm32f411ceu6-blackpill/libopencm3/lib/libopencm3_stm32f4.a(flash_common_all.o)
                              /home/maddocks/i2c-star-stm32f411ceu6-blackpill/libopencm3/lib/libopencm3_stm32f4.a(rcc.o) (flash_set_ws)
/home/maddocks/i2c-star-stm32f411ceu6-blackpill/libopencm3/lib/libopencm3_stm32f4.a(flash_common_idcache.o)
                              /home/maddocks/i2c-star-stm32f411ceu6-blackpill/libopencm3/lib/libopencm3_stm32f4.a(rcc.o) (flash_dcache_enable)
/home/maddocks/i2c-star-stm32f411ceu6-blackpill/libopencm3/lib/libopencm3_stm32f4.a(pwr.o)
                              /home/maddocks/i2c-star-stm32f411ceu6-blackpill/libopencm3/lib/libopencm3_stm32f4.a(rcc.o) (pwr_set_vos_scale)
/home/maddocks/i2c-star-stm32f411ceu6-blackpill/libopencm3/lib/libopencm3_stm32f4.a(usb_dwc_common.o)
                              /home/maddocks/i2c-star-stm32f411ceu6-blackpill/libopencm3/lib/libopencm3_stm32f4.a(usb_f107.o) (dwc_set_address)
/home/maddocks/arduino-1.8.16/portable/packages/STMicroelectronics/tools/xpack-arm-none-eabi-gcc/10.2.1-1.1/bin/../lib/gcc/arm-none-eabi/10.2.1/../../../../arm-none-eabi/lib/thumb/v7e-m+fp/hard/libc.a(lib_a-abort.o)
                              util.o (abort)
/home/maddocks/arduino-1.8.16/portable/packages/STMicroelectronics/tools/xpack-arm-none-eabi-gcc/10.2.1-1.1/bin/../lib/gcc/arm-none-eabi/10.2.1/../../../../arm-none-eabi/lib/thumb/v7e-m+fp/hard/libc.a(lib_a-ctype_.o)
                              console.o (_ctype_)
/home/maddocks/arduino-1.8.16/portable/packages/STMicroelectronics/tools/xpack-arm-none-eabi-gcc/10.2.1-1.1/bin/../lib/gcc/arm-none-eabi/10.2.1/../../../../arm-none-eabi/lib/thumb/v7e-m+fp/hard/libc.a(lib_a-errno.o)
                              console_cdcacm.o (__errno)
/home/maddocks/arduino-1.8.16/portable/packages/STMicroelectronics/tools/xpack-arm-none-eabi-gcc/10.2.1-1.1/bin/../lib/gcc/arm-none-eabi/10.2.1/../../../../arm-none-eabi/lib/thumb/v7e-m+fp/hard/libc.a(lib_a-fflush.o)
                              console.o (fflush)
/home/maddocks/arduino-1.8.16/portable/packages/STMicroelectronics/tools/xpack-arm-none-eabi-gcc/10.2.1-1.1/bin/../lib/gcc/arm-none-eabi/10.2.1/../../../../arm-none-eabi/lib/thumb/v7e-m+fp/hard/libc.a(lib_a-findfp.o)
                              /home/maddocks/arduino-1.8.16/portable/packages/STMicroelectronics/tools/xpack-arm-none-eabi-gcc/10.2.1-1.1/bin/../lib/gcc/arm-none-eabi/10.2.1/../../../../arm-none-eabi/lib/thumb/v7e-m+fp/hard/libc.a(lib_a-fflush.o) (__sinit)
/home/maddocks/arduino-1.8.16/portable/packages/STMicroelectronics/tools/xpack-arm-none-eabi-gcc/10.2.1-1.1/bin/../lib/gcc/arm-none-eabi/10.2.1/../../../../arm-none-eabi/lib/thumb/v7e-m+fp/hard/libc.a(lib_a-fprintf.o)
                              console.o (fprintf)
/home/maddocks/arduino-1.8.16/portable/packages/STMicroelectronics/tools/xpack-arm-none-eabi-gcc/10.2.1-1.1/bin/../lib/gcc/arm-none-eabi/10.2.1/../../../../arm-none-eabi/lib/thumb/v7e-m+fp/hard/libc.a(lib_a-fputc.o)
                              console.o (fputc)
[...]
Memory Configuration

Name             Origin             Length             Attributes
rom              0x0000000008000000 0x0000000000080000 xr
ram              0x0000000020000000 0x0000000000020000 xrw
*default*        0x0000000000000000 0xffffffffffffffff

Linker script and memory map

LOAD console.o
LOAD console_cdcacm.o
LOAD console_cmd_gpio.o
LOAD i2c_ctx.o
LOAD bitops.o
LOAD fibre.o
LOAD fibre_default.o
LOAD list.o
LOAD messageq.o
LOAD regdump.o
LOAD ringbuf.o
LOAD time_libopencm3.o
LOAD util.o
LOAD i2c-explorer.o
LOAD /home/maddocks/i2c-star-stm32f411ceu6-blackpill/libopencm3/lib/libopencm3_stm32f4.a
START GROUP
LOAD /home/maddocks/arduino-1.8.16/portable/packages/STMicroelectronics/tools/xpack-arm-none-eabi-gcc/10.2.1-1.1/bin/../lib/gcc/arm-none-eabi/10.2.1/../../../../arm-none-eabi/lib/thumb/v7e-m+fp/hard/libc.a
LOAD /home/maddocks/arduino-1.8.16/portable/packages/STMicroelectronics/tools/xpack-arm-none-eabi-gcc/10.2.1-1.1/bin/../lib/gcc/arm-none-eabi/10.2.1/thumb/v7e-m+fp/hard/libgcc.a
LOAD /home/maddocks/arduino-1.8.16/portable/packages/STMicroelectronics/tools/xpack-arm-none-eabi-gcc/10.2.1-1.1/bin/../lib/gcc/arm-none-eabi/10.2.1/../../../../arm-none-eabi/lib/thumb/v7e-m+fp/hard/libnosys.a
END GROUP
START GROUP
LOAD /home/maddocks/arduino-1.8.16/portable/packages/STMicroelectronics/tools/xpack-arm-none-eabi-gcc/10.2.1-1.1/bin/../lib/gcc/arm-none-eabi/10.2.1/thumb/v7e-m+fp/hard/libgcc.a
LOAD /home/maddocks/arduino-1.8.16/portable/packages/STMicroelectronics/tools/xpack-arm-none-eabi-gcc/10.2.1-1.1/bin/../lib/gcc/arm-none-eabi/10.2.1/../../../../arm-none-eabi/lib/thumb/v7e-m+fp/hard/libc.a
END GROUP

.text           0x0000000008000000     0xbdc4
 *(.vectors)
 .vectors       0x0000000008000000      0x1ac /home/maddocks/i2c-star-stm32f411ceu6-blackpill/libopencm3/lib/libopencm3_stm32f4.a(vector.o)
                0x0000000008000000                vector_table
 *(.text*)
 .text.console_help
                0x00000000080001ac       0x84 console.o
 .text.console_echo
                0x0000000008000230       0x34 console.o
 .text.do_prompt
                0x0000000008000264       0x28 console.o
 .text.console_unknown
                0x000000000800028c       0x1c console.o
 .text.console_init
                0x00000000080002a8       0x44 console.o
                0x00000000080002a8                console_init
 .text.console_register
                0x00000000080002ec       0x68 console.o
                0x00000000080002ec                console_register
 .text.console_putchar
                0x0000000008000354       0x14 console.o
                0x0000000008000354                console_putchar
 .text.console_run
                0x0000000008000368      0x178 console.o
                0x0000000008000368                console_run
 .text.console_fibre_endpoint
                0x00000000080004e0        0x8 console.o
 .text.cdcacm_control_request
                0x00000000080004e8       0x1c console_cdcacm.o
 .text.output_fibre
                0x0000000008000504       0x68 console_cdcacm.o
 .text.cdcacm_set_config
                0x000000000800056c       0x4c console_cdcacm.o
 .text.cdcacm_data_rx_cb
                0x00000000080005b8       0x60 console_cdcacm.o
 .text.usb_fibre
                0x0000000008000618       0x98 console_cdcacm.o
 .text._write   0x00000000080006b0       0x54 console_cdcacm.o
                0x00000000080006b0                _write
 .text.console_hwinit
                0x0000000008000704       0x20 console_cdcacm.o
                0x0000000008000704                console_hwinit
 .text.do_opendrain_toggle
                0x0000000008000724       0x3e console_cmd_gpio.o
 *fill*         0x0000000008000762        0x2 
 .text.parse_args.isra.0
                0x0000000008000764       0xd0 console_cmd_gpio.o
 .text.console_gpio_do_cmd
                0x0000000008000834      0x144 console_cmd_gpio.o
                0x0000000008000834                console_gpio_do_cmd
 .text.console_gpio_register
                0x0000000008000978       0xa0 console_cmd_gpio.o
                0x0000000008000978                console_gpio_register
 .text.i2c_ctx_is_timed_out
                0x0000000008000a18       0x3c i2c_ctx.o
 .text.i2c_ctx_init
                0x0000000008000a54       0x1e i2c_ctx.o
                0x0000000008000a54                i2c_ctx_init
 *fill*         0x0000000008000a72        0x2 
 .text.i2c_ctx_reset
                0x0000000008000a74       0x7c i2c_ctx.o
                0x0000000008000a74                i2c_ctx_reset
 .text.i2c_ctx_start
                0x0000000008000af0       0x46 i2c_ctx.o
                0x0000000008000af0                i2c_ctx_start
 .text.i2c_ctx_sendaddr
                0x0000000008000b36       0x76 i2c_ctx.o
                0x0000000008000b36                i2c_ctx_sendaddr
 .text.i2c_ctx_senddata
                0x0000000008000bac       0x40 i2c_ctx.o
                0x0000000008000bac                i2c_ctx_senddata
 .text.i2c_ctx_getdata
                0x0000000008000bec       0x60 i2c_ctx.o
                0x0000000008000bec                i2c_ctx_getdata
 .text.i2c_ctx_stop
                0x0000000008000c4c       0x46 i2c_ctx.o
                0x0000000008000c4c                i2c_ctx_stop
 .text.i2c_ctx_detect
                0x0000000008000c92       0xb6 i2c_ctx.o
                0x0000000008000c92                i2c_ctx_detect
 .text.i2c_ctx_setreg
                0x0000000008000d48       0x9e i2c_ctx.o
                0x0000000008000d48                i2c_ctx_setreg
 .text.i2c_ctx_getreg
                0x0000000008000de6       0xb6 i2c_ctx.o
                0x0000000008000de6                i2c_ctx_getreg
 .text.i2c_ctx_write
                0x0000000008000e9c       0x96 i2c_ctx.o
                0x0000000008000e9c                i2c_ctx_write
 .text.bitcnt   0x0000000008000f32       0x2a bitops.o
                0x0000000008000f32                bitcnt
 .text.ctz      0x0000000008000f5c        0xa bitops.o
                0x0000000008000f5c                ctz
 .text.duetime_cmp
                0x0000000008000f66        0xc fibre.o
 .text.messageq_empty
                0x0000000008000f72       0x1a fibre.o
 .text.fibre_init
                0x0000000008000f8c        0xc fibre.o
                0x0000000008000f8c                fibre_init
 .text.fibre_run
                0x0000000008000f98       0x3c fibre.o
                0x0000000008000f98                fibre_run
 .text.handle_atomic_runq
                0x0000000008000fd4       0x24 fibre.o
 .text.fibre_scheduler_next
                0x0000000008000ff8       0xfc fibre.o
                0x0000000008000ff8                fibre_scheduler_next
 .text.fibre_run_atomic
                0x00000000080010f4       0x40 fibre.o
                0x00000000080010f4                fibre_run_atomic
 .text.fibre_timeout
                0x0000000008001134       0x48 fibre.o
                0x0000000008001134                fibre_timeout
 .text.fibre_scheduler_main_loop
                0x000000000800117c        0xc fibre_default.o
                0x000000000800117c                fibre_scheduler_main_loop
 .text.list_insert
                0x0000000008001188       0x10 list.o
                0x0000000008001188                list_insert
 .text.list_extract
                0x0000000008001198       0x10 list.o
                0x0000000008001198                list_extract
 .text.list_iterate
                0x00000000080011a8        0x8 list.o
                0x00000000080011a8                list_iterate
 .text.list_iterator_next
                0x00000000080011b0        0xe list.o
                0x00000000080011b0                list_iterator_next
 .text.list_iterator_insert
                0x00000000080011be       0x10 list.o
                0x00000000080011be                list_iterator_insert
 .text.list_insert_sorted
                0x00000000080011ce       0x46 list.o
                0x00000000080011ce                list_insert_sorted
 .text.list_iterator_remove
                0x0000000008001214       0x1a list.o
                0x0000000008001214                list_iterator_remove
 .text.list_contains
                0x000000000800122e       0x24 list.o
                0x000000000800122e                list_contains
 .text.list_remove
                0x0000000008001252       0x18 list.o
                0x0000000008001252                list_remove
 .text.messageq_claim
                0x000000000800126a       0x7c messageq.o
                0x000000000800126a                messageq_claim
 .text.messageq_send
                0x00000000080012e6       0x2a messageq.o
                0x00000000080012e6                messageq_send
 .text.messageq_receive
                0x0000000008001310       0x4a messageq.o
                0x0000000008001310                messageq_receive
 .text.messageq_release
                0x000000000800135a       0x1a messageq.o
                0x000000000800135a                messageq_release
 .text.fregdump_single
                0x0000000008001374       0x58 regdump.o
                0x0000000008001374                fregdump_single
 .text.fregdump
                0x00000000080013cc       0x20 regdump.o
                0x00000000080013cc                fregdump
 .text.regdump  0x00000000080013ec       0x14 regdump.o
                0x00000000080013ec                regdump
 .text.ringbuf_init
                0x0000000008001400        0xc ringbuf.o
                0x0000000008001400                ringbuf_init
 .text.ringbuf_get
                0x000000000800140c       0x3a ringbuf.o
                0x000000000800140c                ringbuf_get
 .text.ringbuf_put
                0x0000000008001446       0x3a ringbuf.o
                0x0000000008001446                ringbuf_put
 .text.time_init
                0x0000000008001480       0x1c time_libopencm3.o
                0x0000000008001480                time_init
 .text.sys_tick_handler
                0x000000000800149c       0x18 time_libopencm3.o
                0x000000000800149c                sys_tick_handler
 .text.time_now
                0x00000000080014b4        0xc time_libopencm3.o
                0x00000000080014b4                time_now
 .text.time64_now
                0x00000000080014c0        0xc time_libopencm3.o
                0x00000000080014c0                time64_now
 .text.cyclecmp32
                0x00000000080014cc        0x4 util.o
                0x00000000080014cc                cyclecmp32
 .text.do_uptime
                0x00000000080014d0       0x60 i2c-explorer.o
 .text.do_i2cbus
                0x0000000008001530       0x54 i2c-explorer.o
 .text.do_i2cwrite
                0x0000000008001584       0xb0 i2c-explorer.o
 .text.do_i2cget
                0x0000000008001634       0x7c i2c-explorer.o
 .text.do_i2cset
                0x00000000080016b0       0x74 i2c-explorer.o
 .text.do_i2creset
                0x0000000008001724       0x2c i2c-explorer.o
 .text.do_i2cstop
                0x0000000008001750       0x40 i2c-explorer.o
 .text.do_i2csenddata
                0x0000000008001790       0x54 i2c-explorer.o
 .text.do_i2csendaddr
                0x00000000080017e4       0x68 i2c-explorer.o
 .text.do_i2cstart
                0x000000000800184c       0x40 i2c-explorer.o
 .text.do_i2cdetect
                0x000000000800188c       0xbc i2c-explorer.o
 .text.do_i2cgetdata
                0x0000000008001948       0x58 i2c-explorer.o
 .text.startup.main
                0x00000000080019a0      0x148 i2c-explorer.o
                0x00000000080019a0                main
 .text.gpio_set
                0x0000000008001ae8        0x4 /home/maddocks/i2c-star-stm32f411ceu6-blackpill/libopencm3/lib/libopencm3_stm32f4.a(gpio_common_all.o)
                0x0000000008001ae8                gpio_set
 .text.gpio_clear
                0x0000000008001aec        0x6 /home/maddocks/i2c-star-stm32f411ceu6-blackpill/libopencm3/lib/libopencm3_stm32f4.a(gpio_common_all.o)
                0x0000000008001aec                gpio_clear
 .text.gpio_get
                0x0000000008001af2        0x6 /home/maddocks/i2c-star-stm32f411ceu6-blackpill/libopencm3/lib/libopencm3_stm32f4.a(gpio_common_all.o)
                0x0000000008001af2                gpio_get
 .text.gpio_toggle
                0x0000000008001af8       0x12 /home/maddocks/i2c-star-stm32f411ceu6-blackpill/libopencm3/lib/libopencm3_stm32f4.a(gpio_common_all.o)
                0x0000000008001af8                gpio_toggle
 .text.gpio_mode_setup
                0x0000000008001b0a       0x40 /home/maddocks/i2c-star-stm32f411ceu6-blackpill/libopencm3/lib/libopencm3_stm32f4.a(gpio_common_f0234.o)
                0x0000000008001b0a                gpio_mode_setup
 .text.gpio_set_output_options
                0x0000000008001b4a       0x36 /home/maddocks/i2c-star-stm32f411ceu6-blackpill/libopencm3/lib/libopencm3_stm32f4.a(gpio_common_f0234.o)
                0x0000000008001b4a                gpio_set_output_options
 .text.gpio_set_af
                0x0000000008001b80       0x58 /home/maddocks/i2c-star-stm32f411ceu6-blackpill/libopencm3/lib/libopencm3_stm32f4.a(gpio_common_f0234.o)
                0x0000000008001b80                gpio_set_af
 .text.i2c_peripheral_enable
                0x0000000008001bd8        0xa /home/maddocks/i2c-star-stm32f411ceu6-blackpill/libopencm3/lib/libopencm3_stm32f4.a(i2c_common_v1.o)
                0x0000000008001bd8                i2c_peripheral_enable
 .text.i2c_peripheral_disable
                0x0000000008001be2        0xa /home/maddocks/i2c-star-stm32f411ceu6-blackpill/libopencm3/lib/libopencm3_stm32f4.a(i2c_common_v1.o)
                0x0000000008001be2                i2c_peripheral_disable
 .text.i2c_send_start
                0x0000000008001bec        0xa /home/maddocks/i2c-star-stm32f411ceu6-blackpill/libopencm3/lib/libopencm3_stm32f4.a(i2c_common_v1.o)
                0x0000000008001bec                i2c_send_start
 .text.i2c_send_stop
                0x0000000008001bf6        0xa /home/maddocks/i2c-star-stm32f411ceu6-blackpill/libopencm3/lib/libopencm3_stm32f4.a(i2c_common_v1.o)
                0x0000000008001bf6                i2c_send_stop
 .text.i2c_set_own_7bit_slave_address
                0x0000000008001c00        0xa /home/maddocks/i2c-star-stm32f411ceu6-blackpill/libopencm3/lib/libopencm3_stm32f4.a(i2c_common_v1.o)
                0x0000000008001c00                i2c_set_own_7bit_slave_address
 .text.i2c_set_clock_frequency
                0x0000000008001c0a        0xe /home/maddocks/i2c-star-stm32f411ceu6-blackpill/libopencm3/lib/libopencm3_stm32f4.a(i2c_common_v1.o)
                0x0000000008001c0a                i2c_set_clock_frequency
 .text.i2c_send_data
                0x0000000008001c18        0x4 /home/maddocks/i2c-star-stm32f411ceu6-blackpill/libopencm3/lib/libopencm3_stm32f4.a(i2c_common_v1.o)
                0x0000000008001c18                i2c_send_data
 .text.i2c_set_ccr
                0x0000000008001c1c        0xc /home/maddocks/i2c-star-stm32f411ceu6-blackpill/libopencm3/lib/libopencm3_stm32f4.a(i2c_common_v1.o)
                0x0000000008001c1c                i2c_set_ccr
 .text.i2c_set_trise
                0x0000000008001c28        0x4 /home/maddocks/i2c-star-stm32f411ceu6-blackpill/libopencm3/lib/libopencm3_stm32f4.a(i2c_common_v1.o)
                0x0000000008001c28                i2c_set_trise
 .text.i2c_send_7bit_address
                0x0000000008001c2c        0xa /home/maddocks/i2c-star-stm32f411ceu6-blackpill/libopencm3/lib/libopencm3_stm32f4.a(i2c_common_v1.o)
                0x0000000008001c2c                i2c_send_7bit_address
 .text.i2c_get_data
                0x0000000008001c36        0x6 /home/maddocks/i2c-star-stm32f411ceu6-blackpill/libopencm3/lib/libopencm3_stm32f4.a(i2c_common_v1.o)
                0x0000000008001c36                i2c_get_data
 .text.rcc_periph_clock_enable
                0x0000000008001c3c       0x1c /home/maddocks/i2c-star-stm32f411ceu6-blackpill/libopencm3/lib/libopencm3_stm32f4.a(rcc_common_all.o)
                0x0000000008001c3c                rcc_periph_clock_enable
 .text.rcc_periph_reset_pulse
                0x0000000008001c58       0x24 /home/maddocks/i2c-star-stm32f411ceu6-blackpill/libopencm3/lib/libopencm3_stm32f4.a(rcc_common_all.o)
                0x0000000008001c58                rcc_periph_reset_pulse
 .text.rcc_is_osc_ready
                0x0000000008001c7c       0x64 /home/maddocks/i2c-star-stm32f411ceu6-blackpill/libopencm3/lib/libopencm3_stm32f4.a(rcc.o)
                0x0000000008001c7c                rcc_is_osc_ready
 .text.rcc_wait_for_osc_ready
                0x0000000008001ce0       0x10 /home/maddocks/i2c-star-stm32f411ceu6-blackpill/libopencm3/lib/libopencm3_stm32f4.a(rcc.o)
                0x0000000008001ce0                rcc_wait_for_osc_ready
 .text.rcc_osc_on
                0x0000000008001cf0       0x74 /home/maddocks/i2c-star-stm32f411ceu6-blackpill/libopencm3/lib/libopencm3_stm32f4.a(rcc.o)
                0x0000000008001cf0                rcc_osc_on
 .text.rcc_osc_off
                0x0000000008001d64       0x74 /home/maddocks/i2c-star-stm32f411ceu6-blackpill/libopencm3/lib/libopencm3_stm32f4.a(rcc.o)
                0x0000000008001d64                rcc_osc_off
 .text.rcc_set_sysclk_source
                0x0000000008001dd8       0x18 /home/maddocks/i2c-star-stm32f411ceu6-blackpill/libopencm3/lib/libopencm3_stm32f4.a(rcc.o)
                0x0000000008001dd8                rcc_set_sysclk_source
 .text.rcc_set_ppre2
                0x0000000008001df0       0x18 /home/maddocks/i2c-star-stm32f411ceu6-blackpill/libopencm3/lib/libopencm3_stm32f4.a(rcc.o)
                0x0000000008001df0                rcc_set_ppre2
 .text.rcc_set_ppre1
                0x0000000008001e08       0x18 /home/maddocks/i2c-star-stm32f411ceu6-blackpill/libopencm3/lib/libopencm3_stm32f4.a(rcc.o)
                0x0000000008001e08                rcc_set_ppre1
 .text.rcc_set_hpre
                0x0000000008001e20       0x18 /home/maddocks/i2c-star-stm32f411ceu6-blackpill/libopencm3/lib/libopencm3_stm32f4.a(rcc.o)
                0x0000000008001e20                rcc_set_hpre
 .text.rcc_set_main_pll_hsi
                0x0000000008001e38       0x44 /home/maddocks/i2c-star-stm32f411ceu6-blackpill/libopencm3/lib/libopencm3_stm32f4.a(rcc.o)
                0x0000000008001e38                rcc_set_main_pll_hsi
 .text.rcc_set_main_pll_hse
                0x0000000008001e7c       0x44 /home/maddocks/i2c-star-stm32f411ceu6-blackpill/libopencm3/lib/libopencm3_stm32f4.a(rcc.o)
                0x0000000008001e7c                rcc_set_main_pll_hse
 .text.rcc_clock_setup_pll
                0x0000000008001ec0       0xe4 /home/maddocks/i2c-star-stm32f411ceu6-blackpill/libopencm3/lib/libopencm3_stm32f4.a(rcc.o)
                0x0000000008001ec0                rcc_clock_setup_pll
 .text.usbd_init
                0x0000000008001fa4       0x50 /home/maddocks/i2c-star-stm32f411ceu6-blackpill/libopencm3/lib/libopencm3_stm32f4.a(usb.o)
                0x0000000008001fa4                usbd_init
 .text.usbd_poll
                0x0000000008001ff4        0x8 /home/maddocks/i2c-star-stm32f411ceu6-blackpill/libopencm3/lib/libopencm3_stm32f4.a(usb.o)
                0x0000000008001ff4                usbd_poll
 .text.usbd_ep_setup
                0x0000000008001ffc       0x10 /home/maddocks/i2c-star-stm32f411ceu6-blackpill/libopencm3/lib/libopencm3_stm32f4.a(usb.o)
                0x0000000008001ffc                usbd_ep_setup
 .text._usbd_reset
                0x000000000800200c       0x30 /home/maddocks/i2c-star-stm32f411ceu6-blackpill/libopencm3/lib/libopencm3_stm32f4.a(usb.o)
                0x000000000800200c                _usbd_reset
 .text.usbd_ep_write_packet
                0x000000000800203c       0x10 /home/maddocks/i2c-star-stm32f411ceu6-blackpill/libopencm3/lib/libopencm3_stm32f4.a(usb.o)
                0x000000000800203c                usbd_ep_write_packet
 .text.usbd_ep_read_packet
                0x000000000800204c       0x10 /home/maddocks/i2c-star-stm32f411ceu6-blackpill/libopencm3/lib/libopencm3_stm32f4.a(usb.o)
                0x000000000800204c                usbd_ep_read_packet
 .text.usbd_ep_stall_set
                0x000000000800205c        0x8 /home/maddocks/i2c-star-stm32f411ceu6-blackpill/libopencm3/lib/libopencm3_stm32f4.a(usb.o)
                0x000000000800205c                usbd_ep_stall_set
 .text.usbd_ep_stall_get
                0x0000000008002064        0x8 /home/maddocks/i2c-star-stm32f411ceu6-blackpill/libopencm3/lib/libopencm3_stm32f4.a(usb.o)
                0x0000000008002064                usbd_ep_stall_get
 .text.usbd_ep_nak_set
                0x000000000800206c        0x8 /home/maddocks/i2c-star-stm32f411ceu6-blackpill/libopencm3/lib/libopencm3_stm32f4.a(usb.o)
                0x000000000800206c                usbd_ep_nak_set
 .text.usb_standard_set_address
                0x0000000008002074       0x28 /home/maddocks/i2c-star-stm32f411ceu6-blackpill/libopencm3/lib/libopencm3_stm32f4.a(usb_standard.o)
 .text.usb_standard_set_configuration
                0x000000000800209c       0x96 /home/maddocks/i2c-star-stm32f411ceu6-blackpill/libopencm3/lib/libopencm3_stm32f4.a(usb_standard.o)
 .text.usb_standard_get_configuration
                0x0000000008002132       0x22 /home/maddocks/i2c-star-stm32f411ceu6-blackpill/libopencm3/lib/libopencm3_stm32f4.a(usb_standard.o)
 .text.usb_standard_set_interface
                0x0000000008002154       0x54 /home/maddocks/i2c-star-stm32f411ceu6-blackpill/libopencm3/lib/libopencm3_stm32f4.a(usb_standard.o)
 .text.usb_standard_get_interface
                0x00000000080021a8       0x38 /home/maddocks/i2c-star-stm32f411ceu6-blackpill/libopencm3/lib/libopencm3_stm32f4.a(usb_standard.o)
 .text.usb_standard_device_get_status
                0x00000000080021e0       0x18 /home/maddocks/i2c-star-stm32f411ceu6-blackpill/libopencm3/lib/libopencm3_stm32f4.a(usb_standard.o)
 .text.usb_standard_endpoint_get_status
                0x00000000080021f8       0x2a /home/maddocks/i2c-star-stm32f411ceu6-blackpill/libopencm3/lib/libopencm3_stm32f4.a(usb_standard.o)
 .text.usb_standard_endpoint_stall
                0x0000000008002222       0x10 /home/maddocks/i2c-star-stm32f411ceu6-blackpill/libopencm3/lib/libopencm3_stm32f4.a(usb_standard.o)
 .text.usb_standard_endpoint_unstall
                0x0000000008002232       0x10 /home/maddocks/i2c-star-stm32f411ceu6-blackpill/libopencm3/lib/libopencm3_stm32f4.a(usb_standard.o)
 .text.usb_standard_get_descriptor
                0x0000000008002242      0x264 /home/maddocks/i2c-star-stm32f411ceu6-blackpill/libopencm3/lib/libopencm3_stm32f4.a(usb_standard.o)
 .text.usb_standard_interface_get_status
                0x00000000080024a6       0x18 /home/maddocks/i2c-star-stm32f411ceu6-blackpill/libopencm3/lib/libopencm3_stm32f4.a(usb_standard.o)
 .text.usbd_register_set_config_callback
                0x00000000080024be       0x28 /home/maddocks/i2c-star-stm32f411ceu6-blackpill/libopencm3/lib/libopencm3_stm32f4.a(usb_standard.o)
                0x00000000080024be                usbd_register_set_config_callback
 *fill*         0x00000000080024e6        0x2 
 .text._usbd_standard_request_device
                0x00000000080024e8       0x4c /home/maddocks/i2c-star-stm32f411ceu6-blackpill/libopencm3/lib/libopencm3_stm32f4.a(usb_standard.o)
                0x00000000080024e8                _usbd_standard_request_device
 .text._usbd_standard_request_interface
                0x0000000008002534       0x34 /home/maddocks/i2c-star-stm32f411ceu6-blackpill/libopencm3/lib/libopencm3_stm32f4.a(usb_standard.o)
                0x0000000008002534                _usbd_standard_request_interface
 .text._usbd_standard_request_endpoint
                0x0000000008002568       0x40 /home/maddocks/i2c-star-stm32f411ceu6-blackpill/libopencm3/lib/libopencm3_stm32f4.a(usb_standard.o)
                0x0000000008002568                _usbd_standard_request_endpoint
 .text._usbd_standard_request
                0x00000000080025a8       0x38 /home/maddocks/i2c-star-stm32f411ceu6-blackpill/libopencm3/lib/libopencm3_stm32f4.a(usb_standard.o)
                0x00000000080025a8                _usbd_standard_request
 .text.usb_control_send_chunk
                0x00000000080025e0       0x52 /home/maddocks/i2c-star-stm32f411ceu6-blackpill/libopencm3/lib/libopencm3_stm32f4.a(usb_control.o)
 .text.usb_control_request_dispatch
                0x0000000008002632       0x60 /home/maddocks/i2c-star-stm32f411ceu6-blackpill/libopencm3/lib/libopencm3_stm32f4.a(usb_control.o)
 .text.stall_transaction
                0x0000000008002692       0x14 /home/maddocks/i2c-star-stm32f411ceu6-blackpill/libopencm3/lib/libopencm3_stm32f4.a(usb_control.o)
 .text.usb_control_recv_chunk
                0x00000000080026a6       0x3c /home/maddocks/i2c-star-stm32f411ceu6-blackpill/libopencm3/lib/libopencm3_stm32f4.a(usb_control.o)
 .text.usb_control_setup_read
                0x00000000080026e2       0x66 /home/maddocks/i2c-star-stm32f411ceu6-blackpill/libopencm3/lib/libopencm3_stm32f4.a(usb_control.o)
 .text.usbd_register_control_callback
                0x0000000008002748       0x2c /home/maddocks/i2c-star-stm32f411ceu6-blackpill/libopencm3/lib/libopencm3_stm32f4.a(usb_control.o)
                0x0000000008002748                usbd_register_control_callback
 .text._usbd_control_setup
                0x0000000008002774       0x60 /home/maddocks/i2c-star-stm32f411ceu6-blackpill/libopencm3/lib/libopencm3_stm32f4.a(usb_control.o)
                0x0000000008002774                _usbd_control_setup
 .text._usbd_control_out
                0x00000000080027d4       0x82 /home/maddocks/i2c-star-stm32f411ceu6-blackpill/libopencm3/lib/libopencm3_stm32f4.a(usb_control.o)
                0x00000000080027d4                _usbd_control_out
 .text._usbd_control_in
                0x0000000008002856       0x64 /home/maddocks/i2c-star-stm32f411ceu6-blackpill/libopencm3/lib/libopencm3_stm32f4.a(usb_control.o)
                0x0000000008002856                _usbd_control_in
 *fill*         0x00000000080028ba        0x2 
 .text.stm32f107_usbd_init
                0x00000000080028bc       0xa0 /home/maddocks/i2c-star-stm32f411ceu6-blackpill/libopencm3/lib/libopencm3_stm32f4.a(usb_f107.o)
 .text.blocking_handler
                0x000000000800295c        0x2 /home/maddocks/i2c-star-stm32f411ceu6-blackpill/libopencm3/lib/libopencm3_stm32f4.a(vector.o)
                0x000000000800295c                dma2_stream1_isr
                0x000000000800295c                tim8_brk_tim12_isr
                0x000000000800295c                dma1_stream7_isr
                0x000000000800295c                usart3_isr
                0x000000000800295c                tim7_isr
                0x000000000800295c                dma2d_isr
                0x000000000800295c                uart8_isr
                0x000000000800295c                dma1_stream2_isr
                0x000000000800295c                otg_hs_isr
                0x000000000800295c                blocking_handler
                0x000000000800295c                tim5_isr
                0x000000000800295c                rtc_wkup_isr
                0x000000000800295c                otg_fs_isr
                0x000000000800295c                spi1_isr
                0x000000000800295c                i2c3_er_isr
                0x000000000800295c                exti2_isr
                0x000000000800295c                spi5_isr
                0x000000000800295c                usb_fs_wkup_isr
                0x000000000800295c                tamp_stamp_isr
                0x000000000800295c                can1_rx1_isr
                0x000000000800295c                dma2_stream0_isr
                0x000000000800295c                usart1_isr
                0x000000000800295c                i2c3_ev_isr
                0x000000000800295c                usage_fault_handler
                0x000000000800295c                can2_rx0_isr
                0x000000000800295c                dma1_stream6_isr
                0x000000000800295c                can2_rx1_isr
                0x000000000800295c                can1_sce_isr
                0x000000000800295c                tim1_cc_isr
                0x000000000800295c                can1_tx_isr
                0x000000000800295c                tim1_up_tim10_isr
                0x000000000800295c                sdio_isr
                0x000000000800295c                eth_isr
                0x000000000800295c                spi6_isr
                0x000000000800295c                dma2_stream5_isr
                0x000000000800295c                pvd_isr
                0x000000000800295c                can1_rx0_isr
                0x000000000800295c                rcc_isr
                0x000000000800295c                dma2_stream3_isr
                0x000000000800295c                flash_isr
                0x000000000800295c                uart4_isr
                0x000000000800295c                lcd_tft_isr
                0x000000000800295c                rtc_alarm_isr
                0x000000000800295c                exti15_10_isr
                0x000000000800295c                hash_rng_isr
                0x000000000800295c                tim1_trg_com_tim11_isr
                0x000000000800295c                hard_fault_handler
                0x000000000800295c                exti1_isr
                0x000000000800295c                i2c1_ev_isr
                0x000000000800295c                usart6_isr
                0x000000000800295c                spi2_isr
                0x000000000800295c                cryp_isr
                0x000000000800295c                nvic_wwdg_isr
                0x000000000800295c                dma1_stream1_isr
                0x000000000800295c                dma2_stream4_isr
                0x000000000800295c                exti3_isr
                0x000000000800295c                tim3_isr
                0x000000000800295c                usart2_isr
                0x000000000800295c                sai1_isr
                0x000000000800295c                fpu_isr
                0x000000000800295c                dma1_stream4_isr
                0x000000000800295c                i2c2_er_isr
                0x000000000800295c                i2c2_ev_isr
                0x000000000800295c                uart5_isr
                0x000000000800295c                dma2_stream6_isr
                0x000000000800295c                spi4_isr
                0x000000000800295c                adc_isr
                0x000000000800295c                dma2_stream7_isr
                0x000000000800295c                tim8_up_tim13_isr
                0x000000000800295c                fsmc_isr
                0x000000000800295c                exti4_isr
                0x000000000800295c                tim6_dac_isr
                0x000000000800295c                dma1_stream3_isr
                0x000000000800295c                tim8_trg_com_tim14_isr
                0x000000000800295c                mem_manage_handler
                0x000000000800295c                lcd_tft_err_isr
                0x000000000800295c                can2_tx_isr
                0x000000000800295c                exti9_5_isr
                0x000000000800295c                tim1_brk_tim9_isr
                0x000000000800295c                uart7_isr
                0x000000000800295c                can2_sce_isr
                0x000000000800295c                tim4_isr
                0x000000000800295c                otg_hs_wkup_isr
                0x000000000800295c                i2c1_er_isr
                0x000000000800295c                dma1_stream0_isr
                0x000000000800295c                tim8_cc_isr
                0x000000000800295c                dcmi_isr
                0x000000000800295c                dma2_stream2_isr
                0x000000000800295c                eth_wkup_isr
                0x000000000800295c                bus_fault_handler
                0x000000000800295c                otg_hs_ep1_out_isr
                0x000000000800295c                spi3_isr
                0x000000000800295c                dma1_stream5_isr
                0x000000000800295c                otg_hs_ep1_in_isr
                0x000000000800295c                tim2_isr
                0x000000000800295c                exti0_isr
 .text.null_handler
                0x000000000800295e        0x2 /home/maddocks/i2c-star-stm32f411ceu6-blackpill/libopencm3/lib/libopencm3_stm32f4.a(vector.o)
                0x000000000800295e                null_handler
                0x000000000800295e                sv_call_handler
                0x000000000800295e                pend_sv_handler
                0x000000000800295e                debug_monitor_handler
                0x000000000800295e                nmi_handler
 .text.reset_handler
                0x0000000008002960       0xa0 /home/maddocks/i2c-star-stm32f411ceu6-blackpill/libopencm3/lib/libopencm3_stm32f4.a(vector.o)
                0x0000000008002960                reset_handler
 .text.systick_set_reload
                0x0000000008002a00        0xc /home/maddocks/i2c-star-stm32f411ceu6-blackpill/libopencm3/lib/libopencm3_stm32f4.a(systick.o)
                0x0000000008002a00                systick_set_reload
 .text.systick_set_clocksource
                0x0000000008002a0c       0x14 /home/maddocks/i2c-star-stm32f411ceu6-blackpill/libopencm3/lib/libopencm3_stm32f4.a(systick.o)
                0x0000000008002a0c                systick_set_clocksource
 .text.systick_interrupt_enable
                0x0000000008002a20        0xe /home/maddocks/i2c-star-stm32f411ceu6-blackpill/libopencm3/lib/libopencm3_stm32f4.a(systick.o)
                0x0000000008002a20                systick_interrupt_enable
 .text.systick_counter_enable
                0x0000000008002a2e        0xe /home/maddocks/i2c-star-stm32f411ceu6-blackpill/libopencm3/lib/libopencm3_stm32f4.a(systick.o)
                0x0000000008002a2e                systick_counter_enable
 .text.flash_set_ws
                0x0000000008002a3c       0x18 /home/maddocks/i2c-star-stm32f411ceu6-blackpill/libopencm3/lib/libopencm3_stm32f4.a(flash_common_all.o)
                0x0000000008002a3c                flash_set_ws
 .text.flash_dcache_enable
                0x0000000008002a54       0x14 /home/maddocks/i2c-star-stm32f411ceu6-blackpill/libopencm3/lib/libopencm3_stm32f4.a(flash_common_idcache.o)
                0x0000000008002a54                flash_dcache_enable
 .text.flash_dcache_disable
                0x0000000008002a68       0x14 /home/maddocks/i2c-star-stm32f411ceu6-blackpill/libopencm3/lib/libopencm3_stm32f4.a(flash_common_idcache.o)
                0x0000000008002a68                flash_dcache_disable
 .text.flash_icache_enable
                0x0000000008002a7c       0x14 /home/maddocks/i2c-star-stm32f411ceu6-blackpill/libopencm3/lib/libopencm3_stm32f4.a(flash_common_idcache.o)
                0x0000000008002a7c                flash_icache_enable
 .text.flash_icache_disable
                0x0000000008002a90       0x14 /home/maddocks/i2c-star-stm32f411ceu6-blackpill/libopencm3/lib/libopencm3_stm32f4.a(flash_common_idcache.o)
                0x0000000008002a90                flash_icache_disable
 .text.pwr_set_vos_scale
                0x0000000008002aa4       0x18 /home/maddocks/i2c-star-stm32f411ceu6-blackpill/libopencm3/lib/libopencm3_stm32f4.a(pwr.o)
                0x0000000008002aa4                pwr_set_vos_scale
 .text.dwc_set_address
                0x0000000008002abc       0x18 /home/maddocks/i2c-star-stm32f411ceu6-blackpill/libopencm3/lib/libopencm3_stm32f4.a(usb_dwc_common.o)
                0x0000000008002abc                dwc_set_address
 .text.dwc_ep_setup
                0x0000000008002ad4      0x136 /home/maddocks/i2c-star-stm32f411ceu6-blackpill/libopencm3/lib/libopencm3_stm32f4.a(usb_dwc_common.o)
                0x0000000008002ad4                dwc_ep_setup
 .text.dwc_endpoints_reset
                0x0000000008002c0a       0x4c /home/maddocks/i2c-star-stm32f411ceu6-blackpill/libopencm3/lib/libopencm3_stm32f4.a(usb_dwc_common.o)
                0x0000000008002c0a                dwc_endpoints_reset
 .text.dwc_ep_stall_set
                0x0000000008002c56       0x88 /home/maddocks/i2c-star-stm32f411ceu6-blackpill/libopencm3/lib/libopencm3_stm32f4.a(usb_dwc_common.o)
                0x0000000008002c56                dwc_ep_stall_set
 .text.dwc_ep_stall_get
                0x0000000008002cde       0x28 /home/maddocks/i2c-star-stm32f411ceu6-blackpill/libopencm3/lib/libopencm3_stm32f4.a(usb_dwc_common.o)
                0x0000000008002cde                dwc_ep_stall_get
 .text.dwc_ep_nak_set
                0x0000000008002d06       0x28 /home/maddocks/i2c-star-stm32f411ceu6-blackpill/libopencm3/lib/libopencm3_stm32f4.a(usb_dwc_common.o)
                0x0000000008002d06                dwc_ep_nak_set
 .text.dwc_ep_write_packet
                0x0000000008002d2e       0x52 /home/maddocks/i2c-star-stm32f411ceu6-blackpill/libopencm3/lib/libopencm3_stm32f4.a(usb_dwc_common.o)
                0x0000000008002d2e                dwc_ep_write_packet
 .text.dwc_ep_read_packet
                0x0000000008002d80       0x74 /home/maddocks/i2c-star-stm32f411ceu6-blackpill/libopencm3/lib/libopencm3_stm32f4.a(usb_dwc_common.o)
                0x0000000008002d80                dwc_ep_read_packet
 .text.dwc_poll
                0x0000000008002df4      0x206 /home/maddocks/i2c-star-stm32f411ceu6-blackpill/libopencm3/lib/libopencm3_stm32f4.a(usb_dwc_common.o)
                0x0000000008002df4                dwc_poll
 .text.dwc_disconnect
                0x0000000008002ffa       0x1c /home/maddocks/i2c-star-stm32f411ceu6-blackpill/libopencm3/lib/libopencm3_stm32f4.a(usb_dwc_common.o)
                0x0000000008002ffa                dwc_disconnect
 *fill*         0x0000000008003016        0x2 
 .text.abort    0x0000000008003018       0x10 /home/maddocks/arduino-1.8.16/portable/packages/STMicroelectronics/tools/xpack-arm-none-eabi-gcc/10.2.1-1.1/bin/../lib/gcc/arm-none-eabi/10.2.1/../../../../arm-none-eabi/lib/thumb/v7e-m+fp/hard/libc.a(lib_a-abort.o)
                0x0000000008003018                abort
 .text.__errno  0x0000000008003028        0xc /home/maddocks/arduino-1.8.16/portable/packages/STMicroelectronics/tools/xpack-arm-none-eabi-gcc/10.2.1-1.1/bin/../lib/gcc/arm-none-eabi/10.2.1/../../../../arm-none-eabi/lib/thumb/v7e-m+fp/hard/libc.a(lib_a-errno.o)
                0x0000000008003028                __errno
 .text.__sflush_r
                0x0000000008003034      0x130 /home/maddocks/arduino-1.8.16/portable/packages/STMicroelectronics/tools/xpack-arm-none-eabi-gcc/10.2.1-1.1/bin/../lib/gcc/arm-none-eabi/10.2.1/../../../../arm-none-eabi/lib/thumb/v7e-m+fp/hard/libc.a(lib_a-fflush.o)
                0x0000000008003034                __sflush_r
 .text._fflush_r
                0x0000000008003164       0x5c /home/maddocks/arduino-1.8.16/portable/packages/STMicroelectronics/tools/xpack-arm-none-eabi-gcc/10.2.1-1.1/bin/../lib/gcc/arm-none-eabi/10.2.1/../../../../arm-none-eabi/lib/thumb/v7e-m+fp/hard/libc.a(lib_a-fflush.o)
                0x0000000008003164                _fflush_r
 .text.fflush   0x00000000080031c0       0x74 /home/maddocks/arduino-1.8.16/portable/packages/STMicroelectronics/tools/xpack-arm-none-eabi-gcc/10.2.1-1.1/bin/../lib/gcc/arm-none-eabi/10.2.1/../../../../arm-none-eabi/lib/thumb/v7e-m+fp/hard/libc.a(lib_a-fflush.o)
                0x00000000080031c0                fflush
 .text._cleanup_r
                0x0000000008003234        0xc /home/maddocks/arduino-1.8.16/portable/packages/STMicroelectronics/tools/xpack-arm-none-eabi-gcc/10.2.1-1.1/bin/../lib/gcc/arm-none-eabi/10.2.1/../../../../arm-none-eabi/lib/thumb/v7e-m+fp/hard/libc.a(lib_a-findfp.o)
                0x0000000008003234                _cleanup_r
 .text.__sinit  0x0000000008003240      0x10c /home/maddocks/arduino-1.8.16/portable/packages/STMicroelectronics/tools/xpack-arm-none-eabi-gcc/10.2.1-1.1/bin/../lib/gcc/arm-none-eabi/10.2.1/../../../../arm-none-eabi/lib/thumb/v7e-m+fp/hard/libc.a(lib_a-findfp.o)
                0x0000000008003240                __sinit
 .text.__sfp_lock_acquire
                0x000000000800334c        0xc /home/maddocks/arduino-1.8.16/portable/packages/STMicroelectronics/tools/xpack-arm-none-eabi-gcc/10.2.1-1.1/bin/../lib/gcc/arm-none-eabi/10.2.1/../../../../arm-none-eabi/lib/thumb/v7e-m+fp/hard/libc.a(lib_a-findfp.o)
                0x000000000800334c                __sfp_lock_acquire
 .text.__sfp_lock_release
                0x0000000008003358        0xc /home/maddocks/arduino-1.8.16/portable/packages/STMicroelectronics/tools/xpack-arm-none-eabi-gcc/10.2.1-1.1/bin/../lib/gcc/arm-none-eabi/10.2.1/../../../../arm-none-eabi/lib/thumb/v7e-m+fp/hard/libc.a(lib_a-findfp.o)
                0x0000000008003358                __sfp_lock_release
 .text.fprintf  0x0000000008003364       0x28 /home/maddocks/arduino-1.8.16/portable/packages/STMicroelectronics/tools/xpack-arm-none-eabi-gcc/10.2.1-1.1/bin/../lib/gcc/arm-none-eabi/10.2.1/../../../../arm-none-eabi/lib/thumb/v7e-m+fp/hard/libc.a(lib_a-fprintf.o)
                0x0000000008003364                fprintf
 .text.fputc    0x000000000800338c       0x64 /home/maddocks/arduino-1.8.16/portable/packages/STMicroelectronics/tools/xpack-arm-none-eabi-gcc/10.2.1-1.1/bin/../lib/gcc/arm-none-eabi/10.2.1/../../../../arm-none-eabi/lib/thumb/v7e-m+fp/hard/libc.a(lib_a-fputc.o)
                0x000000000800338c                fputc
 .text._fputs_r
                0x00000000080033f0       0x88 /home/maddocks/arduino-1.8.16/portable/packages/STMicroelectronics/tools/xpack-arm-none-eabi-gcc/10.2.1-1.1/bin/../lib/gcc/arm-none-eabi/10.2.1/../../../../arm-none-eabi/lib/thumb/v7e-m+fp/hard/libc.a(lib_a-fputs.o)
                0x00000000080033f0                _fputs_r
 .text.fputs    0x0000000008003478       0x18 /home/maddocks/arduino-1.8.16/portable/packages/STMicroelectronics/tools/xpack-arm-none-eabi-gcc/10.2.1-1.1/bin/../lib/gcc/arm-none-eabi/10.2.1/../../../../arm-none-eabi/lib/thumb/v7e-m+fp/hard/libc.a(lib_a-fputs.o)
                0x0000000008003478                fputs
 .text._malloc_trim_r
                0x0000000008003490       0xa0 /home/maddocks/arduino-1.8.16/portable/packages/STMicroelectronics/tools/xpack-arm-none-eabi-gcc/10.2.1-1.1/bin/../lib/gcc/arm-none-eabi/10.2.1/../../../../arm-none-eabi/lib/thumb/v7e-m+fp/hard/libc.a(lib_a-freer.o)
                0x0000000008003490                _malloc_trim_r
 .text._free_r  0x0000000008003530      0x20c /home/maddocks/arduino-1.8.16/portable/packages/STMicroelectronics/tools/xpack-arm-none-eabi-gcc/10.2.1-1.1/bin/../lib/gcc/arm-none-eabi/10.2.1/../../../../arm-none-eabi/lib/thumb/v7e-m+fp/hard/libc.a(lib_a-freer.o)
                0x0000000008003530                _free_r
 .text.__sfvwrite_r
                0x000000000800373c      0x2f0 /home/maddocks/arduino-1.8.16/portable/packages/STMicroelectronics/tools/xpack-arm-none-eabi-gcc/10.2.1-1.1/bin/../lib/gcc/arm-none-eabi/10.2.1/../../../../arm-none-eabi/lib/thumb/v7e-m+fp/hard/libc.a(lib_a-fvwrite.o)
                0x000000000800373c                __sfvwrite_r
 .text._fwalk_reent
                0x0000000008003a2c       0x48 /home/maddocks/arduino-1.8.16/portable/packages/STMicroelectronics/tools/xpack-arm-none-eabi-gcc/10.2.1-1.1/bin/../lib/gcc/arm-none-eabi/10.2.1/../../../../arm-none-eabi/lib/thumb/v7e-m+fp/hard/libc.a(lib_a-fwalk.o)
                0x0000000008003a2c                _fwalk_reent
 .text.__retarget_lock_init_recursive
                0x0000000008003a74        0x4 /home/maddocks/arduino-1.8.16/portable/packages/STMicroelectronics/tools/xpack-arm-none-eabi-gcc/10.2.1-1.1/bin/../lib/gcc/arm-none-eabi/10.2.1/../../../../arm-none-eabi/lib/thumb/v7e-m+fp/hard/libc.a(lib_a-lock.o)
                0x0000000008003a74                __retarget_lock_init_recursive
 .text.__retarget_lock_close_recursive
                0x0000000008003a78        0x4 /home/maddocks/arduino-1.8.16/portable/packages/STMicroelectronics/tools/xpack-arm-none-eabi-gcc/10.2.1-1.1/bin/../lib/gcc/arm-none-eabi/10.2.1/../../../../arm-none-eabi/lib/thumb/v7e-m+fp/hard/libc.a(lib_a-lock.o)
                0x0000000008003a78                __retarget_lock_close_recursive
 .text.__retarget_lock_acquire_recursive
                0x0000000008003a7c        0x4 /home/maddocks/arduino-1.8.16/portable/packages/STMicroelectronics/tools/xpack-arm-none-eabi-gcc/10.2.1-1.1/bin/../lib/gcc/arm-none-eabi/10.2.1/../../../../arm-none-eabi/lib/thumb/v7e-m+fp/hard/libc.a(lib_a-lock.o)
                0x0000000008003a7c                __retarget_lock_acquire_recursive
 .text.__retarget_lock_release_recursive
                0x0000000008003a80        0x4 /home/maddocks/arduino-1.8.16/portable/packages/STMicroelectronics/tools/xpack-arm-none-eabi-gcc/10.2.1-1.1/bin/../lib/gcc/arm-none-eabi/10.2.1/../../../../arm-none-eabi/lib/thumb/v7e-m+fp/hard/libc.a(lib_a-lock.o)
                0x0000000008003a80                __retarget_lock_release_recursive
 .text._malloc_r
                0x0000000008003a84      0x560 /home/maddocks/arduino-1.8.16/portable/packages/STMicroelectronics/tools/xpack-arm-none-eabi-gcc/10.2.1-1.1/bin/../lib/gcc/arm-none-eabi/10.2.1/../../../../arm-none-eabi/lib/thumb/v7e-m+fp/hard/libc.a(lib_a-mallocr.o)
                0x0000000008003a84                _malloc_r
 *fill*         0x0000000008003fe4        0xc 
 .text          0x0000000008003ff0       0xa0 /home/maddocks/arduino-1.8.16/portable/packages/STMicroelectronics/tools/xpack-arm-none-eabi-gcc/10.2.1-1.1/bin/../lib/gcc/arm-none-eabi/10.2.1/../../../../arm-none-eabi/lib/thumb/v7e-m+fp/hard/libc.a(lib_a-memchr.o)
                0x0000000008003ff0                memchr
 .text          0x0000000008004090      0x134 /home/maddocks/arduino-1.8.16/portable/packages/STMicroelectronics/tools/xpack-arm-none-eabi-gcc/10.2.1-1.1/bin/../lib/gcc/arm-none-eabi/10.2.1/../../../../arm-none-eabi/lib/thumb/v7e-m+fp/hard/libc.a(lib_a-memcpy.o)
                0x0000000008004090                memcpy
 .text.memmove  0x00000000080041c4       0xf8 /home/maddocks/arduino-1.8.16/portable/packages/STMicroelectronics/tools/xpack-arm-none-eabi-gcc/10.2.1-1.1/bin/../lib/gcc/arm-none-eabi/10.2.1/../../../../arm-none-eabi/lib/thumb/v7e-m+fp/hard/libc.a(lib_a-memmove.o)
                0x00000000080041c4                memmove
 .text.memset   0x00000000080042bc       0xa4 /home/maddocks/arduino-1.8.16/portable/packages/STMicroelectronics/tools/xpack-arm-none-eabi-gcc/10.2.1-1.1/bin/../lib/gcc/arm-none-eabi/10.2.1/../../../../arm-none-eabi/lib/thumb/v7e-m+fp/hard/libc.a(lib_a-memset.o)
                0x00000000080042bc                memset
 .text.__malloc_lock
                0x0000000008004360        0xc /home/maddocks/arduino-1.8.16/portable/packages/STMicroelectronics/tools/xpack-arm-none-eabi-gcc/10.2.1-1.1/bin/../lib/gcc/arm-none-eabi/10.2.1/../../../../arm-none-eabi/lib/thumb/v7e-m+fp/hard/libc.a(lib_a-mlock.o)
                0x0000000008004360                __malloc_lock
 .text.__malloc_unlock
                0x000000000800436c        0xc /home/maddocks/arduino-1.8.16/portable/packages/STMicroelectronics/tools/xpack-arm-none-eabi-gcc/10.2.1-1.1/bin/../lib/gcc/arm-none-eabi/10.2.1/../../../../arm-none-eabi/lib/thumb/v7e-m+fp/hard/libc.a(lib_a-mlock.o)
                0x000000000800436c                __malloc_unlock
 .text.printf   0x0000000008004378       0x28 /home/maddocks/arduino-1.8.16/portable/packages/STMicroelectronics/tools/xpack-arm-none-eabi-gcc/10.2.1-1.1/bin/../lib/gcc/arm-none-eabi/10.2.1/../../../../arm-none-eabi/lib/thumb/v7e-m+fp/hard/libc.a(lib_a-printf.o)
                0x0000000008004378                printf
 .text.putchar  0x00000000080043a0       0x10 /home/maddocks/arduino-1.8.16/portable/packages/STMicroelectronics/tools/xpack-arm-none-eabi-gcc/10.2.1-1.1/bin/../lib/gcc/arm-none-eabi/10.2.1/../../../../arm-none-eabi/lib/thumb/v7e-m+fp/hard/libc.a(lib_a-putchar.o)
                0x00000000080043a0                putchar
 .text._putc_r  0x00000000080043b0       0x74 /home/maddocks/arduino-1.8.16/portable/packages/STMicroelectronics/tools/xpack-arm-none-eabi-gcc/10.2.1-1.1/bin/../lib/gcc/arm-none-eabi/10.2.1/../../../../arm-none-eabi/lib/thumb/v7e-m+fp/hard/libc.a(lib_a-putc.o)
                0x00000000080043b0                _putc_r
 .text._puts_r  0x0000000008004424       0x9c /home/maddocks/arduino-1.8.16/portable/packages/STMicroelectronics/tools/xpack-arm-none-eabi-gcc/10.2.1-1.1/bin/../lib/gcc/arm-none-eabi/10.2.1/../../../../arm-none-eabi/lib/thumb/v7e-m+fp/hard/libc.a(lib_a-puts.o)
                0x0000000008004424                _puts_r
 .text.puts     0x00000000080044c0       0x10 /home/maddocks/arduino-1.8.16/portable/packages/STMicroelectronics/tools/xpack-arm-none-eabi-gcc/10.2.1-1.1/bin/../lib/gcc/arm-none-eabi/10.2.1/../../../../arm-none-eabi/lib/thumb/v7e-m+fp/hard/libc.a(lib_a-puts.o)
                0x00000000080044c0                puts
 .text._realloc_r
                0x00000000080044d0      0x3d8 /home/maddocks/arduino-1.8.16/portable/packages/STMicroelectronics/tools/xpack-arm-none-eabi-gcc/10.2.1-1.1/bin/../lib/gcc/arm-none-eabi/10.2.1/../../../../arm-none-eabi/lib/thumb/v7e-m+fp/hard/libc.a(lib_a-reallocr.o)
                0x00000000080044d0                _realloc_r
 .text._sbrk_r  0x00000000080048a8       0x24 /home/maddocks/arduino-1.8.16/portable/packages/STMicroelectronics/tools/xpack-arm-none-eabi-gcc/10.2.1-1.1/bin/../lib/gcc/arm-none-eabi/10.2.1/../../../../arm-none-eabi/lib/thumb/v7e-m+fp/hard/libc.a(lib_a-sbrkr.o)
                0x00000000080048a8                _sbrk_r
 .text.raise    0x00000000080048cc       0x5c /home/maddocks/arduino-1.8.16/portable/packages/STMicroelectronics/tools/xpack-arm-none-eabi-gcc/10.2.1-1.1/bin/../lib/gcc/arm-none-eabi/10.2.1/../../../../arm-none-eabi/lib/thumb/v7e-m+fp/hard/libc.a(lib_a-signal.o)
                0x00000000080048cc                raise
 .text._kill_r  0x0000000008004928       0x2c /home/maddocks/arduino-1.8.16/portable/packages/STMicroelectronics/tools/xpack-arm-none-eabi-gcc/10.2.1-1.1/bin/../lib/gcc/arm-none-eabi/10.2.1/../../../../arm-none-eabi/lib/thumb/v7e-m+fp/hard/libc.a(lib_a-signalr.o)
                0x0000000008004928                _kill_r
 .text._getpid_r
                0x0000000008004954        0x4 /home/maddocks/arduino-1.8.16/portable/packages/STMicroelectronics/tools/xpack-arm-none-eabi-gcc/10.2.1-1.1/bin/../lib/gcc/arm-none-eabi/10.2.1/../../../../arm-none-eabi/lib/thumb/v7e-m+fp/hard/libc.a(lib_a-signalr.o)
                0x0000000008004954                _getpid_r
 .text.__sread  0x0000000008004958       0x24 /home/maddocks/arduino-1.8.16/portable/packages/STMicroelectronics/tools/xpack-arm-none-eabi-gcc/10.2.1-1.1/bin/../lib/gcc/arm-none-eabi/10.2.1/../../../../arm-none-eabi/lib/thumb/v7e-m+fp/hard/libc.a(lib_a-stdio.o)
                0x0000000008004958                __sread
 .text.__swrite
                0x000000000800497c       0x40 /home/maddocks/arduino-1.8.16/portable/packages/STMicroelectronics/tools/xpack-arm-none-eabi-gcc/10.2.1-1.1/bin/../lib/gcc/arm-none-eabi/10.2.1/../../../../arm-none-eabi/lib/thumb/v7e-m+fp/hard/libc.a(lib_a-stdio.o)
                0x000000000800497c                __swrite
 .text.__sseek  0x00000000080049bc       0x20 /home/maddocks/arduino-1.8.16/portable/packages/STMicroelectronics/tools/xpack-arm-none-eabi-gcc/10.2.1-1.1/bin/../lib/gcc/arm-none-eabi/10.2.1/../../../../arm-none-eabi/lib/thumb/v7e-m+fp/hard/libc.a(lib_a-stdio.o)
                0x00000000080049bc                __sseek
 .text.__sclose
                0x00000000080049dc        0x8 /home/maddocks/arduino-1.8.16/portable/packages/STMicroelectronics/tools/xpack-arm-none-eabi-gcc/10.2.1-1.1/bin/../lib/gcc/arm-none-eabi/10.2.1/../../../../arm-none-eabi/lib/thumb/v7e-m+fp/hard/libc.a(lib_a-stdio.o)
                0x00000000080049dc                __sclose
 *fill*         0x00000000080049e4       0x1c 
 .text          0x0000000008004a00      0x2dc /home/maddocks/arduino-1.8.16/portable/packages/STMicroelectronics/tools/xpack-arm-none-eabi-gcc/10.2.1-1.1/bin/../lib/gcc/arm-none-eabi/10.2.1/../../../../arm-none-eabi/lib/thumb/v7e-m+fp/hard/libc.a(lib_a-strcmp.o)
                0x0000000008004a08                strcmp
 *fill*         0x0000000008004cdc       0x24 
 .text          0x0000000008004d00       0xdc /home/maddocks/arduino-1.8.16/portable/packages/STMicroelectronics/tools/xpack-arm-none-eabi-gcc/10.2.1-1.1/bin/../lib/gcc/arm-none-eabi/10.2.1/../../../../arm-none-eabi/lib/thumb/v7e-m+fp/hard/libc.a(lib_a-strlen.o)
                0x0000000008004d00                strlen
 .text._strtol_l.part.0
                0x0000000008004ddc      0x120 /home/maddocks/arduino-1.8.16/portable/packages/STMicroelectronics/tools/xpack-arm-none-eabi-gcc/10.2.1-1.1/bin/../lib/gcc/arm-none-eabi/10.2.1/../../../../arm-none-eabi/lib/thumb/v7e-m+fp/hard/libc.a(lib_a-strtol.o)
 .text.strtol   0x0000000008004efc       0x2c /home/maddocks/arduino-1.8.16/portable/packages/STMicroelectronics/tools/xpack-arm-none-eabi-gcc/10.2.1-1.1/bin/../lib/gcc/arm-none-eabi/10.2.1/../../../../arm-none-eabi/lib/thumb/v7e-m+fp/hard/libc.a(lib_a-strtol.o)
                0x0000000008004efc                strtol
 .text._vfprintf_r
                0x0000000008004f28     0x1b98 /home/maddocks/arduino-1.8.16/portable/packages/STMicroelectronics/tools/xpack-arm-none-eabi-gcc/10.2.1-1.1/bin/../lib/gcc/arm-none-eabi/10.2.1/../../../../arm-none-eabi/lib/thumb/v7e-m+fp/hard/libc.a(lib_a-vfprintf.o)
                0x0000000008004f28                _vfprintf_r
 .text.__sbprintf
                0x0000000008006ac0       0x80 /home/maddocks/arduino-1.8.16/portable/packages/STMicroelectronics/tools/xpack-arm-none-eabi-gcc/10.2.1-1.1/bin/../lib/gcc/arm-none-eabi/10.2.1/../../../../arm-none-eabi/lib/thumb/v7e-m+fp/hard/libc.a(lib_a-vfprintf.o)
 .text.__swbuf_r
                0x0000000008006b40       0xb0 /home/maddocks/arduino-1.8.16/portable/packages/STMicroelectronics/tools/xpack-arm-none-eabi-gcc/10.2.1-1.1/bin/../lib/gcc/arm-none-eabi/10.2.1/../../../../arm-none-eabi/lib/thumb/v7e-m+fp/hard/libc.a(lib_a-wbuf.o)
                0x0000000008006b40                __swbuf_r
 .text._write_r
                0x0000000008006bf0       0x2c /home/maddocks/arduino-1.8.16/portable/packages/STMicroelectronics/tools/xpack-arm-none-eabi-gcc/10.2.1-1.1/bin/../lib/gcc/arm-none-eabi/10.2.1/../../../../arm-none-eabi/lib/thumb/v7e-m+fp/hard/libc.a(lib_a-writer.o)
                0x0000000008006bf0                _write_r
 .text.__swsetup_r
                0x0000000008006c1c       0xd4 /home/maddocks/arduino-1.8.16/portable/packages/STMicroelectronics/tools/xpack-arm-none-eabi-gcc/10.2.1-1.1/bin/../lib/gcc/arm-none-eabi/10.2.1/../../../../arm-none-eabi/lib/thumb/v7e-m+fp/hard/libc.a(lib_a-wsetup.o)
                0x0000000008006c1c                __swsetup_r
 .text._close_r
                0x0000000008006cf0       0x24 /home/maddocks/arduino-1.8.16/portable/packages/STMicroelectronics/tools/xpack-arm-none-eabi-gcc/10.2.1-1.1/bin/../lib/gcc/arm-none-eabi/10.2.1/../../../../arm-none-eabi/lib/thumb/v7e-m+fp/hard/libc.a(lib_a-closer.o)
                0x0000000008006cf0                _close_r
 .text.quorem   0x0000000008006d14      0x128 /home/maddocks/arduino-1.8.16/portable/packages/STMicroelectronics/tools/xpack-arm-none-eabi-gcc/10.2.1-1.1/bin/../lib/gcc/arm-none-eabi/10.2.1/../../../../arm-none-eabi/lib/thumb/v7e-m+fp/hard/libc.a(lib_a-dtoa.o)
 *fill*         0x0000000008006e3c        0x4 
 .text._dtoa_r  0x0000000008006e40      0xf40 /home/maddocks/arduino-1.8.16/portable/packages/STMicroelectronics/tools/xpack-arm-none-eabi-gcc/10.2.1-1.1/bin/../lib/gcc/arm-none-eabi/10.2.1/../../../../arm-none-eabi/lib/thumb/v7e-m+fp/hard/libc.a(lib_a-dtoa.o)
                0x0000000008006e40                _dtoa_r
 .text._fclose_r
                0x0000000008007d80       0xcc /home/maddocks/arduino-1.8.16/portable/packages/STMicroelectronics/tools/xpack-arm-none-eabi-gcc/10.2.1-1.1/bin/../lib/gcc/arm-none-eabi/10.2.1/../../../../arm-none-eabi/lib/thumb/v7e-m+fp/hard/libc.a(lib_a-fclose.o)
                0x0000000008007d80                _fclose_r
 .text._localeconv_r
                0x0000000008007e4c        0x8 /home/maddocks/arduino-1.8.16/portable/packages/STMicroelectronics/tools/xpack-arm-none-eabi-gcc/10.2.1-1.1/bin/../lib/gcc/arm-none-eabi/10.2.1/../../../../arm-none-eabi/lib/thumb/v7e-m+fp/hard/libc.a(lib_a-localeconv.o)
                0x0000000008007e4c                _localeconv_r
 .text.__locale_mb_cur_max
                0x0000000008007e54        0xc /home/maddocks/arduino-1.8.16/portable/packages/STMicroelectronics/tools/xpack-arm-none-eabi-gcc/10.2.1-1.1/bin/../lib/gcc/arm-none-eabi/10.2.1/../../../../arm-none-eabi/lib/thumb/v7e-m+fp/hard/libc.a(lib_a-locale.o)
                0x0000000008007e54                __locale_mb_cur_max
 .text._lseek_r
                0x0000000008007e60       0x2c /home/maddocks/arduino-1.8.16/portable/packages/STMicroelectronics/tools/xpack-arm-none-eabi-gcc/10.2.1-1.1/bin/../lib/gcc/arm-none-eabi/10.2.1/../../../../arm-none-eabi/lib/thumb/v7e-m+fp/hard/libc.a(lib_a-lseekr.o)
                0x0000000008007e60                _lseek_r
 .text.__smakebuf_r
                0x0000000008007e8c       0xe0 /home/maddocks/arduino-1.8.16/portable/packages/STMicroelectronics/tools/xpack-arm-none-eabi-gcc/10.2.1-1.1/bin/../lib/gcc/arm-none-eabi/10.2.1/../../../../arm-none-eabi/lib/thumb/v7e-m+fp/hard/libc.a(lib_a-makebuf.o)
                0x0000000008007e8c                __smakebuf_r
 .text.__ascii_mbtowc
                0x0000000008007f6c       0x2c /home/maddocks/arduino-1.8.16/portable/packages/STMicroelectronics/tools/xpack-arm-none-eabi-gcc/10.2.1-1.1/bin/../lib/gcc/arm-none-eabi/10.2.1/../../../../arm-none-eabi/lib/thumb/v7e-m+fp/hard/libc.a(lib_a-mbtowc_r.o)
                0x0000000008007f6c                __ascii_mbtowc
 .text._Balloc  0x0000000008007f98       0x4c /home/maddocks/arduino-1.8.16/portable/packages/STMicroelectronics/tools/xpack-arm-none-eabi-gcc/10.2.1-1.1/bin/../lib/gcc/arm-none-eabi/10.2.1/../../../../arm-none-eabi/lib/thumb/v7e-m+fp/hard/libc.a(lib_a-mprec.o)
                0x0000000008007f98                _Balloc
 .text._Bfree   0x0000000008007fe4       0x14 /home/maddocks/arduino-1.8.16/portable/packages/STMicroelectronics/tools/xpack-arm-none-eabi-gcc/10.2.1-1.1/bin/../lib/gcc/arm-none-eabi/10.2.1/../../../../arm-none-eabi/lib/thumb/v7e-m+fp/hard/libc.a(lib_a-mprec.o)
                0x0000000008007fe4                _Bfree
 .text.__multadd
                0x0000000008007ff8       0xa8 /home/maddocks/arduino-1.8.16/portable/packages/STMicroelectronics/tools/xpack-arm-none-eabi-gcc/10.2.1-1.1/bin/../lib/gcc/arm-none-eabi/10.2.1/../../../../arm-none-eabi/lib/thumb/v7e-m+fp/hard/libc.a(lib_a-mprec.o)
                0x0000000008007ff8                __multadd
 .text.__hi0bits
                0x00000000080080a0       0x40 /home/maddocks/arduino-1.8.16/portable/packages/STMicroelectronics/tools/xpack-arm-none-eabi-gcc/10.2.1-1.1/bin/../lib/gcc/arm-none-eabi/10.2.1/../../../../arm-none-eabi/lib/thumb/v7e-m+fp/hard/libc.a(lib_a-mprec.o)
                0x00000000080080a0                __hi0bits
 .text.__lo0bits
                0x00000000080080e0       0x60 /home/maddocks/arduino-1.8.16/portable/packages/STMicroelectronics/tools/xpack-arm-none-eabi-gcc/10.2.1-1.1/bin/../lib/gcc/arm-none-eabi/10.2.1/../../../../arm-none-eabi/lib/thumb/v7e-m+fp/hard/libc.a(lib_a-mprec.o)
                0x00000000080080e0                __lo0bits
 .text.__i2b    0x0000000008008140       0x5c /home/maddocks/arduino-1.8.16/portable/packages/STMicroelectronics/tools/xpack-arm-none-eabi-gcc/10.2.1-1.1/bin/../lib/gcc/arm-none-eabi/10.2.1/../../../../arm-none-eabi/lib/thumb/v7e-m+fp/hard/libc.a(lib_a-mprec.o)
                0x0000000008008140                __i2b
 .text.__multiply
                0x000000000800819c      0x158 /home/maddocks/arduino-1.8.16/portable/packages/STMicroelectronics/tools/xpack-arm-none-eabi-gcc/10.2.1-1.1/bin/../lib/gcc/arm-none-eabi/10.2.1/../../../../arm-none-eabi/lib/thumb/v7e-m+fp/hard/libc.a(lib_a-mprec.o)
                0x000000000800819c                __multiply
 .text.__pow5mult
                0x00000000080082f4       0xc0 /home/maddocks/arduino-1.8.16/portable/packages/STMicroelectronics/tools/xpack-arm-none-eabi-gcc/10.2.1-1.1/bin/../lib/gcc/arm-none-eabi/10.2.1/../../../../arm-none-eabi/lib/thumb/v7e-m+fp/hard/libc.a(lib_a-mprec.o)
                0x00000000080082f4                __pow5mult
 .text.__lshift
                0x00000000080083b4       0xf0 /home/maddocks/arduino-1.8.16/portable/packages/STMicroelectronics/tools/xpack-arm-none-eabi-gcc/10.2.1-1.1/bin/../lib/gcc/arm-none-eabi/10.2.1/../../../../arm-none-eabi/lib/thumb/v7e-m+fp/hard/libc.a(lib_a-mprec.o)
                0x00000000080083b4                __lshift
 .text.__mcmp   0x00000000080084a4       0x44 /home/maddocks/arduino-1.8.16/portable/packages/STMicroelectronics/tools/xpack-arm-none-eabi-gcc/10.2.1-1.1/bin/../lib/gcc/arm-none-eabi/10.2.1/../../../../arm-none-eabi/lib/thumb/v7e-m+fp/hard/libc.a(lib_a-mprec.o)
                0x00000000080084a4                __mcmp
 .text.__mdiff  0x00000000080084e8      0x14c /home/maddocks/arduino-1.8.16/portable/packages/STMicroelectronics/tools/xpack-arm-none-eabi-gcc/10.2.1-1.1/bin/../lib/gcc/arm-none-eabi/10.2.1/../../../../arm-none-eabi/lib/thumb/v7e-m+fp/hard/libc.a(lib_a-mprec.o)
                0x00000000080084e8                __mdiff
 .text.__d2b    0x0000000008008634       0xd0 /home/maddocks/arduino-1.8.16/portable/packages/STMicroelectronics/tools/xpack-arm-none-eabi-gcc/10.2.1-1.1/bin/../lib/gcc/arm-none-eabi/10.2.1/../../../../arm-none-eabi/lib/thumb/v7e-m+fp/hard/libc.a(lib_a-mprec.o)
                0x0000000008008634                __d2b
 .text._read_r  0x0000000008008704       0x2c /home/maddocks/arduino-1.8.16/portable/packages/STMicroelectronics/tools/xpack-arm-none-eabi-gcc/10.2.1-1.1/bin/../lib/gcc/arm-none-eabi/10.2.1/../../../../arm-none-eabi/lib/thumb/v7e-m+fp/hard/libc.a(lib_a-readr.o)
                0x0000000008008704                _read_r
 .text.frexp    0x0000000008008730       0x6c /home/maddocks/arduino-1.8.16/portable/packages/STMicroelectronics/tools/xpack-arm-none-eabi-gcc/10.2.1-1.1/bin/../lib/gcc/arm-none-eabi/10.2.1/../../../../arm-none-eabi/lib/thumb/v7e-m+fp/hard/libc.a(lib_a-s_frexp.o)
                0x0000000008008730                frexp
 .text.strncpy  0x000000000800879c       0x64 /home/maddocks/arduino-1.8.16/portable/packages/STMicroelectronics/tools/xpack-arm-none-eabi-gcc/10.2.1-1.1/bin/../lib/gcc/arm-none-eabi/10.2.1/../../../../arm-none-eabi/lib/thumb/v7e-m+fp/hard/libc.a(lib_a-strncpy.o)
                0x000000000800879c                strncpy
 .text.__sprint_r.part.0
                0x0000000008008800       0x78 /home/maddocks/arduino-1.8.16/portable/packages/STMicroelectronics/tools/xpack-arm-none-eabi-gcc/10.2.1-1.1/bin/../lib/gcc/arm-none-eabi/10.2.1/../../../../arm-none-eabi/lib/thumb/v7e-m+fp/hard/libc.a(lib_a-vfiprintf.o)
 .text.__sprint_r
                0x0000000008008878       0x18 /home/maddocks/arduino-1.8.16/portable/packages/STMicroelectronics/tools/xpack-arm-none-eabi-gcc/10.2.1-1.1/bin/../lib/gcc/arm-none-eabi/10.2.1/../../../../arm-none-eabi/lib/thumb/v7e-m+fp/hard/libc.a(lib_a-vfiprintf.o)
                0x0000000008008878                __sprint_r
 .text._vfiprintf_r
                0x0000000008008890      0xdf4 /home/maddocks/arduino-1.8.16/portable/packages/STMicroelectronics/tools/xpack-arm-none-eabi-gcc/10.2.1-1.1/bin/../lib/gcc/arm-none-eabi/10.2.1/../../../../arm-none-eabi/lib/thumb/v7e-m+fp/hard/libc.a(lib_a-vfiprintf.o)
                0x0000000008008890                _vfiprintf_r
 .text.__sbprintf
                0x0000000008009684       0x80 /home/maddocks/arduino-1.8.16/portable/packages/STMicroelectronics/tools/xpack-arm-none-eabi-gcc/10.2.1-1.1/bin/../lib/gcc/arm-none-eabi/10.2.1/../../../../arm-none-eabi/lib/thumb/v7e-m+fp/hard/libc.a(lib_a-vfiprintf.o)
 .text.__ascii_wctomb
                0x0000000008009704       0x1c /home/maddocks/arduino-1.8.16/portable/packages/STMicroelectronics/tools/xpack-arm-none-eabi-gcc/10.2.1-1.1/bin/../lib/gcc/arm-none-eabi/10.2.1/../../../../arm-none-eabi/lib/thumb/v7e-m+fp/hard/libc.a(lib_a-wctomb_r.o)
                0x0000000008009704                __ascii_wctomb
 .text.__assert_func
                0x0000000008009720       0x40 /home/maddocks/arduino-1.8.16/portable/packages/STMicroelectronics/tools/xpack-arm-none-eabi-gcc/10.2.1-1.1/bin/../lib/gcc/arm-none-eabi/10.2.1/../../../../arm-none-eabi/lib/thumb/v7e-m+fp/hard/libc.a(lib_a-assert.o)
                0x0000000008009720                __assert_func
 .text._calloc_r
                0x0000000008009760       0x60 /home/maddocks/arduino-1.8.16/portable/packages/STMicroelectronics/tools/xpack-arm-none-eabi-gcc/10.2.1-1.1/bin/../lib/gcc/arm-none-eabi/10.2.1/../../../../arm-none-eabi/lib/thumb/v7e-m+fp/hard/libc.a(lib_a-callocr.o)
                0x0000000008009760                _calloc_r
 .text.fiprintf
                0x00000000080097c0       0x28 /home/maddocks/arduino-1.8.16/portable/packages/STMicroelectronics/tools/xpack-arm-none-eabi-gcc/10.2.1-1.1/bin/../lib/gcc/arm-none-eabi/10.2.1/../../../../arm-none-eabi/lib/thumb/v7e-m+fp/hard/libc.a(lib_a-fiprintf.o)
                0x00000000080097c0                fiprintf
 .text.__fputwc
                0x00000000080097e8       0xa8 /home/maddocks/arduino-1.8.16/portable/packages/STMicroelectronics/tools/xpack-arm-none-eabi-gcc/10.2.1-1.1/bin/../lib/gcc/arm-none-eabi/10.2.1/../../../../arm-none-eabi/lib/thumb/v7e-m+fp/hard/libc.a(lib_a-fputwc.o)
                0x00000000080097e8                __fputwc
 .text._fputwc_r
                0x0000000008009890       0x68 /home/maddocks/arduino-1.8.16/portable/packages/STMicroelectronics/tools/xpack-arm-none-eabi-gcc/10.2.1-1.1/bin/../lib/gcc/arm-none-eabi/10.2.1/../../../../arm-none-eabi/lib/thumb/v7e-m+fp/hard/libc.a(lib_a-fputwc.o)
                0x0000000008009890                _fputwc_r
 .text._fstat_r
                0x00000000080098f8       0x2c /home/maddocks/arduino-1.8.16/portable/packages/STMicroelectronics/tools/xpack-arm-none-eabi-gcc/10.2.1-1.1/bin/../lib/gcc/arm-none-eabi/10.2.1/../../../../arm-none-eabi/lib/thumb/v7e-m+fp/hard/libc.a(lib_a-fstatr.o)
                0x00000000080098f8                _fstat_r
 .text._isatty_r
                0x0000000008009924       0x24 /home/maddocks/arduino-1.8.16/portable/packages/STMicroelectronics/tools/xpack-arm-none-eabi-gcc/10.2.1-1.1/bin/../lib/gcc/arm-none-eabi/10.2.1/../../../../arm-none-eabi/lib/thumb/v7e-m+fp/hard/libc.a(lib_a-isattyr.o)
                0x0000000008009924                _isatty_r
 .text._wcrtomb_r
                0x0000000008009948       0x3c /home/maddocks/arduino-1.8.16/portable/packages/STMicroelectronics/tools/xpack-arm-none-eabi-gcc/10.2.1-1.1/bin/../lib/gcc/arm-none-eabi/10.2.1/../../../../arm-none-eabi/lib/thumb/v7e-m+fp/hard/libc.a(lib_a-wcrtomb.o)
                0x0000000008009948                _wcrtomb_r
 .text          0x0000000008009984      0x378 /home/maddocks/arduino-1.8.16/portable/packages/STMicroelectronics/tools/xpack-arm-none-eabi-gcc/10.2.1-1.1/bin/../lib/gcc/arm-none-eabi/10.2.1/thumb/v7e-m+fp/hard/libgcc.a(_arm_addsubdf3.o)
                0x0000000008009984                __aeabi_drsub
                0x000000000800998c                __aeabi_dsub
                0x000000000800998c                __subdf3
                0x0000000008009990                __adddf3
                0x0000000008009990                __aeabi_dadd
                0x0000000008009c08                __aeabi_ui2d
                0x0000000008009c08                __floatunsidf
                0x0000000008009c28                __floatsidf
                0x0000000008009c28                __aeabi_i2d
                0x0000000008009c4c                __extendsfdf2
                0x0000000008009c4c                __aeabi_f2d
                0x0000000008009c90                __aeabi_ul2d
                0x0000000008009c90                __floatundidf
                0x0000000008009ca0                __floatdidf
                0x0000000008009ca0                __aeabi_l2d
 .text          0x0000000008009cfc      0x424 /home/maddocks/arduino-1.8.16/portable/packages/STMicroelectronics/tools/xpack-arm-none-eabi-gcc/10.2.1-1.1/bin/../lib/gcc/arm-none-eabi/10.2.1/thumb/v7e-m+fp/hard/libgcc.a(_arm_muldivdf3.o)
                0x0000000008009cfc                __aeabi_dmul
                0x0000000008009cfc                __muldf3
                0x0000000008009f50                __aeabi_ddiv
                0x0000000008009f50                __divdf3
 .text          0x000000000800a120      0x110 /home/maddocks/arduino-1.8.16/portable/packages/STMicroelectronics/tools/xpack-arm-none-eabi-gcc/10.2.1-1.1/bin/../lib/gcc/arm-none-eabi/10.2.1/thumb/v7e-m+fp/hard/libgcc.a(_arm_cmpdf2.o)
                0x000000000800a120                __gtdf2
                0x000000000800a120                __gedf2
                0x000000000800a128                __ltdf2
                0x000000000800a128                __ledf2
                0x000000000800a130                __cmpdf2
                0x000000000800a130                __eqdf2
                0x000000000800a130                __nedf2
                0x000000000800a1ac                __aeabi_cdrcmple
                0x000000000800a1bc                __aeabi_cdcmple
                0x000000000800a1bc                __aeabi_cdcmpeq
                0x000000000800a1cc                __aeabi_dcmpeq
                0x000000000800a1e0                __aeabi_dcmplt
                0x000000000800a1f4                __aeabi_dcmple
                0x000000000800a208                __aeabi_dcmpge
                0x000000000800a21c                __aeabi_dcmpgt
 .text          0x000000000800a230       0x2c /home/maddocks/arduino-1.8.16/portable/packages/STMicroelectronics/tools/xpack-arm-none-eabi-gcc/10.2.1-1.1/bin/../lib/gcc/arm-none-eabi/10.2.1/thumb/v7e-m+fp/hard/libgcc.a(_arm_unorddf2.o)
                0x000000000800a230                __aeabi_dcmpun
                0x000000000800a230                __unorddf2
 .text          0x000000000800a25c       0x50 /home/maddocks/arduino-1.8.16/portable/packages/STMicroelectronics/tools/xpack-arm-none-eabi-gcc/10.2.1-1.1/bin/../lib/gcc/arm-none-eabi/10.2.1/thumb/v7e-m+fp/hard/libgcc.a(_arm_fixdfsi.o)
                0x000000000800a25c                __fixdfsi
                0x000000000800a25c                __aeabi_d2iz
 .text          0x000000000800a2ac       0x30 /home/maddocks/arduino-1.8.16/portable/packages/STMicroelectronics/tools/xpack-arm-none-eabi-gcc/10.2.1-1.1/bin/../lib/gcc/arm-none-eabi/10.2.1/thumb/v7e-m+fp/hard/libgcc.a(_aeabi_uldivmod.o)
                0x000000000800a2ac                __aeabi_uldivmod
 .text.__udivmoddi4
                0x000000000800a2dc      0x2d0 /home/maddocks/arduino-1.8.16/portable/packages/STMicroelectronics/tools/xpack-arm-none-eabi-gcc/10.2.1-1.1/bin/../lib/gcc/arm-none-eabi/10.2.1/thumb/v7e-m+fp/hard/libgcc.a(_udivmoddi4.o)
                0x000000000800a2dc                __udivmoddi4
 .text.selfrel_offset31
                0x000000000800a5ac       0x14 /home/maddocks/arduino-1.8.16/portable/packages/STMicroelectronics/tools/xpack-arm-none-eabi-gcc/10.2.1-1.1/bin/../lib/gcc/arm-none-eabi/10.2.1/thumb/v7e-m+fp/hard/libgcc.a(unwind-arm.o)
 .text.search_EIT_table
                0x000000000800a5c0       0x5c /home/maddocks/arduino-1.8.16/portable/packages/STMicroelectronics/tools/xpack-arm-none-eabi-gcc/10.2.1-1.1/bin/../lib/gcc/arm-none-eabi/10.2.1/thumb/v7e-m+fp/hard/libgcc.a(unwind-arm.o)
 .text.__gnu_unwind_get_pr_addr
                0x000000000800a61c       0x28 /home/maddocks/arduino-1.8.16/portable/packages/STMicroelectronics/tools/xpack-arm-none-eabi-gcc/10.2.1-1.1/bin/../lib/gcc/arm-none-eabi/10.2.1/thumb/v7e-m+fp/hard/libgcc.a(unwind-arm.o)
 .text.get_eit_entry
                0x000000000800a644       0x9c /home/maddocks/arduino-1.8.16/portable/packages/STMicroelectronics/tools/xpack-arm-none-eabi-gcc/10.2.1-1.1/bin/../lib/gcc/arm-none-eabi/10.2.1/thumb/v7e-m+fp/hard/libgcc.a(unwind-arm.o)
 .text.restore_non_core_regs
                0x000000000800a6e0       0x58 /home/maddocks/arduino-1.8.16/portable/packages/STMicroelectronics/tools/xpack-arm-none-eabi-gcc/10.2.1-1.1/bin/../lib/gcc/arm-none-eabi/10.2.1/thumb/v7e-m+fp/hard/libgcc.a(unwind-arm.o)
 .text._Unwind_decode_typeinfo_ptr.constprop.0
                0x000000000800a738        0xc /home/maddocks/arduino-1.8.16/portable/packages/STMicroelectronics/tools/xpack-arm-none-eabi-gcc/10.2.1-1.1/bin/../lib/gcc/arm-none-eabi/10.2.1/thumb/v7e-m+fp/hard/libgcc.a(unwind-arm.o)
 .text._Unwind_DebugHook
                0x000000000800a744        0x4 /home/maddocks/arduino-1.8.16/portable/packages/STMicroelectronics/tools/xpack-arm-none-eabi-gcc/10.2.1-1.1/bin/../lib/gcc/arm-none-eabi/10.2.1/thumb/v7e-m+fp/hard/libgcc.a(unwind-arm.o)
 .text.unwind_phase2
                0x000000000800a748       0x3c /home/maddocks/arduino-1.8.16/portable/packages/STMicroelectronics/tools/xpack-arm-none-eabi-gcc/10.2.1-1.1/bin/../lib/gcc/arm-none-eabi/10.2.1/thumb/v7e-m+fp/hard/libgcc.a(unwind-arm.o)
 .text.unwind_phase2_forced
                0x000000000800a784       0xcc /home/maddocks/arduino-1.8.16/portable/packages/STMicroelectronics/tools/xpack-arm-none-eabi-gcc/10.2.1-1.1/bin/../lib/gcc/arm-none-eabi/10.2.1/thumb/v7e-m+fp/hard/libgcc.a(unwind-arm.o)
 .text.__gnu_Unwind_RaiseException
                0x000000000800a850       0x68 /home/maddocks/arduino-1.8.16/portable/packages/STMicroelectronics/tools/xpack-arm-none-eabi-gcc/10.2.1-1.1/bin/../lib/gcc/arm-none-eabi/10.2.1/thumb/v7e-m+fp/hard/libgcc.a(unwind-arm.o)
                0x000000000800a850                __gnu_Unwind_RaiseException
 .text.__gnu_Unwind_ForcedUnwind
                0x000000000800a8b8       0x10 /home/maddocks/arduino-1.8.16/portable/packages/STMicroelectronics/tools/xpack-arm-none-eabi-gcc/10.2.1-1.1/bin/../lib/gcc/arm-none-eabi/10.2.1/thumb/v7e-m+fp/hard/libgcc.a(unwind-arm.o)
                0x000000000800a8b8                __gnu_Unwind_ForcedUnwind
 .text.__gnu_Unwind_Resume
                0x000000000800a8c8       0x44 /home/maddocks/arduino-1.8.16/portable/packages/STMicroelectronics/tools/xpack-arm-none-eabi-gcc/10.2.1-1.1/bin/../lib/gcc/arm-none-eabi/10.2.1/thumb/v7e-m+fp/hard/libgcc.a(unwind-arm.o)
                0x000000000800a8c8                __gnu_Unwind_Resume
 .text.__gnu_Unwind_Resume_or_Rethrow
                0x000000000800a90c       0x14 /home/maddocks/arduino-1.8.16/portable/packages/STMicroelectronics/tools/xpack-arm-none-eabi-gcc/10.2.1-1.1/bin/../lib/gcc/arm-none-eabi/10.2.1/thumb/v7e-m+fp/hard/libgcc.a(unwind-arm.o)
                0x000000000800a90c                __gnu_Unwind_Resume_or_Rethrow
 .text._Unwind_VRS_Get
                0x000000000800a920       0x30 /home/maddocks/arduino-1.8.16/portable/packages/STMicroelectronics/tools/xpack-arm-none-eabi-gcc/10.2.1-1.1/bin/../lib/gcc/arm-none-eabi/10.2.1/thumb/v7e-m+fp/hard/libgcc.a(unwind-arm.o)
                0x000000000800a920                _Unwind_VRS_Get
 .text._Unwind_GetGR
                0x000000000800a950       0x1c /home/maddocks/arduino-1.8.16/portable/packages/STMicroelectronics/tools/xpack-arm-none-eabi-gcc/10.2.1-1.1/bin/../lib/gcc/arm-none-eabi/10.2.1/thumb/v7e-m+fp/hard/libgcc.a(unwind-arm.o)
 .text._Unwind_VRS_Set
                0x000000000800a96c       0x30 /home/maddocks/arduino-1.8.16/portable/packages/STMicroelectronics/tools/xpack-arm-none-eabi-gcc/10.2.1-1.1/bin/../lib/gcc/arm-none-eabi/10.2.1/thumb/v7e-m+fp/hard/libgcc.a(unwind-arm.o)
                0x000000000800a96c                _Unwind_VRS_Set
 .text._Unwind_SetGR
                0x000000000800a99c       0x18 /home/maddocks/arduino-1.8.16/portable/packages/STMicroelectronics/tools/xpack-arm-none-eabi-gcc/10.2.1-1.1/bin/../lib/gcc/arm-none-eabi/10.2.1/thumb/v7e-m+fp/hard/libgcc.a(unwind-arm.o)
 .text.__gnu_Unwind_Backtrace
                0x000000000800a9b4       0x84 /home/maddocks/arduino-1.8.16/portable/packages/STMicroelectronics/tools/xpack-arm-none-eabi-gcc/10.2.1-1.1/bin/../lib/gcc/arm-none-eabi/10.2.1/thumb/v7e-m+fp/hard/libgcc.a(unwind-arm.o)
                0x000000000800a9b4                __gnu_Unwind_Backtrace
 .text.__gnu_unwind_pr_common
                0x000000000800aa38      0x2a8 /home/maddocks/arduino-1.8.16/portable/packages/STMicroelectronics/tools/xpack-arm-none-eabi-gcc/10.2.1-1.1/bin/../lib/gcc/arm-none-eabi/10.2.1/thumb/v7e-m+fp/hard/libgcc.a(unwind-arm.o)
 .text.__aeabi_unwind_cpp_pr0
                0x000000000800ace0        0x8 /home/maddocks/arduino-1.8.16/portable/packages/STMicroelectronics/tools/xpack-arm-none-eabi-gcc/10.2.1-1.1/bin/../lib/gcc/arm-none-eabi/10.2.1/thumb/v7e-m+fp/hard/libgcc.a(unwind-arm.o)
                0x000000000800ace0                __aeabi_unwind_cpp_pr0
 .text.__aeabi_unwind_cpp_pr1
                0x000000000800ace8        0x8 /home/maddocks/arduino-1.8.16/portable/packages/STMicroelectronics/tools/xpack-arm-none-eabi-gcc/10.2.1-1.1/bin/../lib/gcc/arm-none-eabi/10.2.1/thumb/v7e-m+fp/hard/libgcc.a(unwind-arm.o)
                0x000000000800ace8                __aeabi_unwind_cpp_pr1
 .text.__aeabi_unwind_cpp_pr2
                0x000000000800acf0        0x8 /home/maddocks/arduino-1.8.16/portable/packages/STMicroelectronics/tools/xpack-arm-none-eabi-gcc/10.2.1-1.1/bin/../lib/gcc/arm-none-eabi/10.2.1/thumb/v7e-m+fp/hard/libgcc.a(unwind-arm.o)
                0x000000000800acf0                __aeabi_unwind_cpp_pr2
 .text._Unwind_VRS_Pop
                0x000000000800acf8      0x284 /home/maddocks/arduino-1.8.16/portable/packages/STMicroelectronics/tools/xpack-arm-none-eabi-gcc/10.2.1-1.1/bin/../lib/gcc/arm-none-eabi/10.2.1/thumb/v7e-m+fp/hard/libgcc.a(unwind-arm.o)
                0x000000000800acf8                _Unwind_VRS_Pop
 .text          0x000000000800af7c      0x1ac /home/maddocks/arduino-1.8.16/portable/packages/STMicroelectronics/tools/xpack-arm-none-eabi-gcc/10.2.1-1.1/bin/../lib/gcc/arm-none-eabi/10.2.1/thumb/v7e-m+fp/hard/libgcc.a(libunwind.o)
                0x000000000800af7c                __restore_core_regs
                0x000000000800af7c                restore_core_regs
                0x000000000800af94                __gnu_Unwind_Restore_VFP
                0x000000000800af9c                __gnu_Unwind_Save_VFP
                0x000000000800afa4                __gnu_Unwind_Restore_VFP_D
                0x000000000800afac                __gnu_Unwind_Save_VFP_D
                0x000000000800afb4                __gnu_Unwind_Restore_VFP_D_16_to_31
                0x000000000800afbc                __gnu_Unwind_Save_VFP_D_16_to_31
                0x000000000800afc4                __gnu_Unwind_Restore_WMMXD
                0x000000000800b008                __gnu_Unwind_Save_WMMXD
                0x000000000800b04c                __gnu_Unwind_Restore_WMMXC
                0x000000000800b060                __gnu_Unwind_Save_WMMXC
                0x000000000800b074                ___Unwind_RaiseException
                0x000000000800b074                _Unwind_RaiseException
                0x000000000800b098                ___Unwind_Resume
                0x000000000800b098                _Unwind_Resume
                0x000000000800b0bc                _Unwind_Resume_or_Rethrow
                0x000000000800b0bc                ___Unwind_Resume_or_Rethrow
                0x000000000800b0e0                ___Unwind_ForcedUnwind
                0x000000000800b0e0                _Unwind_ForcedUnwind
                0x000000000800b104                _Unwind_Backtrace
                0x000000000800b104                ___Unwind_Backtrace
 .text.next_unwind_byte
                0x000000000800b128       0x38 /home/maddocks/arduino-1.8.16/portable/packages/STMicroelectronics/tools/xpack-arm-none-eabi-gcc/10.2.1-1.1/bin/../lib/gcc/arm-none-eabi/10.2.1/thumb/v7e-m+fp/hard/libgcc.a(pr-support.o)
 .text.__gnu_unwind_execute
                0x000000000800b160      0x2ac /home/maddocks/arduino-1.8.16/portable/packages/STMicroelectronics/tools/xpack-arm-none-eabi-gcc/10.2.1-1.1/bin/../lib/gcc/arm-none-eabi/10.2.1/thumb/v7e-m+fp/hard/libgcc.a(pr-support.o)
                0x000000000800b160                __gnu_unwind_execute
 .text          0x000000000800b40c        0x4 /home/maddocks/arduino-1.8.16/portable/packages/STMicroelectronics/tools/xpack-arm-none-eabi-gcc/10.2.1-1.1/bin/../lib/gcc/arm-none-eabi/10.2.1/thumb/v7e-m+fp/hard/libgcc.a(_dvmd_tls.o)
                0x000000000800b40c                __aeabi_ldiv0
                0x000000000800b40c                __aeabi_idiv0
 .text._close   0x000000000800b410       0x10 /home/maddocks/arduino-1.8.16/portable/packages/STMicroelectronics/tools/xpack-arm-none-eabi-gcc/10.2.1-1.1/bin/../lib/gcc/arm-none-eabi/10.2.1/../../../../arm-none-eabi/lib/thumb/v7e-m+fp/hard/libnosys.a(close.o)
                0x000000000800b410                _close
 .text._fstat   0x000000000800b420       0x10 /home/maddocks/arduino-1.8.16/portable/packages/STMicroelectronics/tools/xpack-arm-none-eabi-gcc/10.2.1-1.1/bin/../lib/gcc/arm-none-eabi/10.2.1/../../../../arm-none-eabi/lib/thumb/v7e-m+fp/hard/libnosys.a(fstat.o)
                0x000000000800b420                _fstat
 .text._getpid  0x000000000800b430       0x10 /home/maddocks/arduino-1.8.16/portable/packages/STMicroelectronics/tools/xpack-arm-none-eabi-gcc/10.2.1-1.1/bin/../lib/gcc/arm-none-eabi/10.2.1/../../../../arm-none-eabi/lib/thumb/v7e-m+fp/hard/libnosys.a(getpid.o)
                0x000000000800b430                _getpid
 .text._isatty  0x000000000800b440       0x10 /home/maddocks/arduino-1.8.16/portable/packages/STMicroelectronics/tools/xpack-arm-none-eabi-gcc/10.2.1-1.1/bin/../lib/gcc/arm-none-eabi/10.2.1/../../../../arm-none-eabi/lib/thumb/v7e-m+fp/hard/libnosys.a(isatty.o)
                0x000000000800b440                _isatty
 .text._kill    0x000000000800b450       0x10 /home/maddocks/arduino-1.8.16/portable/packages/STMicroelectronics/tools/xpack-arm-none-eabi-gcc/10.2.1-1.1/bin/../lib/gcc/arm-none-eabi/10.2.1/../../../../arm-none-eabi/lib/thumb/v7e-m+fp/hard/libnosys.a(kill.o)
                0x000000000800b450                _kill
 .text._lseek   0x000000000800b460       0x10 /home/maddocks/arduino-1.8.16/portable/packages/STMicroelectronics/tools/xpack-arm-none-eabi-gcc/10.2.1-1.1/bin/../lib/gcc/arm-none-eabi/10.2.1/../../../../arm-none-eabi/lib/thumb/v7e-m+fp/hard/libnosys.a(lseek.o)
                0x000000000800b460                _lseek
 .text._read    0x000000000800b470       0x10 /home/maddocks/arduino-1.8.16/portable/packages/STMicroelectronics/tools/xpack-arm-none-eabi-gcc/10.2.1-1.1/bin/../lib/gcc/arm-none-eabi/10.2.1/../../../../arm-none-eabi/lib/thumb/v7e-m+fp/hard/libnosys.a(read.o)
                0x000000000800b470                _read
 .text._sbrk    0x000000000800b480       0x1c /home/maddocks/arduino-1.8.16/portable/packages/STMicroelectronics/tools/xpack-arm-none-eabi-gcc/10.2.1-1.1/bin/../lib/gcc/arm-none-eabi/10.2.1/../../../../arm-none-eabi/lib/thumb/v7e-m+fp/hard/libnosys.a(sbrk.o)
                0x000000000800b480                _sbrk
 .text._exit    0x000000000800b49c        0x4 /home/maddocks/arduino-1.8.16/portable/packages/STMicroelectronics/tools/xpack-arm-none-eabi-gcc/10.2.1-1.1/bin/../lib/gcc/arm-none-eabi/10.2.1/../../../../arm-none-eabi/lib/thumb/v7e-m+fp/hard/libnosys.a(_exit.o)
                0x000000000800b49c                _exit
                0x000000000800b4a0                . = ALIGN (0x4)
 *(.rodata*)
 .rodata.console_help.str1.1
                0x000000000800b4a0       0x1b console.o
 .rodata.console_echo.str1.1
                0x000000000800b4bb        0x4 console.o
 .rodata.console_unknown.str1.1
                0x000000000800b4bf       0x15 console.o
 .rodata.console_init.str1.1
                0x000000000800b4d4        0x3 console.o
 .rodata.console_run.str1.1
                0x000000000800b4d7       0x13 console.o
 .rodata.str1.1
                0x000000000800b4ea        0xa console.o
 .rodata.cmd_echo
                0x000000000800b4f4        0x8 console.o
 .rodata.cmd_help
                0x000000000800b4fc        0x8 console.o
 .rodata.cmd_unknown
                0x000000000800b504        0x8 console.o
 .rodata.str1.1
                0x000000000800b50c       0x2e console_cdcacm.o
 .rodata.cdcacm_functional_descriptors
                0x000000000800b53a       0x13 console_cdcacm.o
 .rodata.comm_endp
                0x000000000800b54d        0xf console_cdcacm.o
 .rodata.comm_iface
                0x000000000800b55c       0x15 console_cdcacm.o
 .rodata.config
                0x000000000800b571        0xd console_cdcacm.o
 .rodata.data_endp
                0x000000000800b57e       0x1e console_cdcacm.o
 .rodata.data_iface
                0x000000000800b59c       0x15 console_cdcacm.o
 .rodata.desc   0x000000000800b5b1       0x12 console_cdcacm.o
 *fill*         0x000000000800b5c3        0x1 
 .rodata.ifaces
                0x000000000800b5c4       0x20 console_cdcacm.o
 .rodata.parse_args.isra.0.str1.1
                0x000000000800b5e4       0x35 console_cmd_gpio.o
                                         0x42 (size before relaxing)
 .rodata.console_gpio_do_cmd.str1.1
                0x000000000800b619       0x6e console_cmd_gpio.o
 .rodata.i2c_ctx_is_timed_out.str1.1
                0x000000000800b687       0x1a i2c_ctx.o
 .rodata.str1.1
                0x000000000800b6a1       0xc2 i2c_ctx.o
 *fill*         0x000000000800b763        0x1 
 .rodata.i2c_sr1_desc
                0x000000000800b764       0x80 i2c_ctx.o
 .rodata.fregdump_single.str1.1
                0x000000000800b7e4       0x1d regdump.o
 .rodata.do_uptime.str1.1
                0x000000000800b801       0x15 i2c-explorer.o
 .rodata.do_i2cbus.str1.1
                0x000000000800b816       0x13 i2c-explorer.o
 .rodata.do_i2cwrite.str1.1
                0x000000000800b829        0xe i2c-explorer.o
 .rodata.do_i2cget.str1.1
                0x000000000800b837        0xd i2c-explorer.o
 .rodata.do_i2cdetect.str1.1
                0x000000000800b844       0x44 i2c-explorer.o
 .rodata.str1.1
                0x000000000800b888       0x74 i2c-explorer.o
 .rodata.cmd_list
                0x000000000800b8fc       0x60 i2c-explorer.o
 .rodata.gpio_list
                0x000000000800b95c       0x28 i2c-explorer.o
 .rodata.rcc_hse_8mhz_3v3
                0x000000000800b984       0x54 /home/maddocks/i2c-star-stm32f411ceu6-blackpill/libopencm3/lib/libopencm3_stm32f4.a(rcc.o)
                0x000000000800b984                rcc_hse_8mhz_3v3
 .rodata.stm32f107_usb_driver
                0x000000000800b9d8       0x34 /home/maddocks/i2c-star-stm32f411ceu6-blackpill/libopencm3/lib/libopencm3_stm32f4.a(usb_f107.o)
                0x000000000800b9d8                stm32f107_usb_driver
 .rodata._ctype_
                0x000000000800ba0c      0x101 /home/maddocks/arduino-1.8.16/portable/packages/STMicroelectronics/tools/xpack-arm-none-eabi-gcc/10.2.1-1.1/bin/../lib/gcc/arm-none-eabi/10.2.1/../../../../arm-none-eabi/lib/thumb/v7e-m+fp/hard/libc.a(lib_a-ctype_.o)
                0x000000000800ba0c                _ctype_
 *fill*         0x000000000800bb0d        0x3 
 .rodata._global_impure_ptr
                0x000000000800bb10        0x4 /home/maddocks/arduino-1.8.16/portable/packages/STMicroelectronics/tools/xpack-arm-none-eabi-gcc/10.2.1-1.1/bin/../lib/gcc/arm-none-eabi/10.2.1/../../../../arm-none-eabi/lib/thumb/v7e-m+fp/hard/libc.a(lib_a-impure.o)
                0x000000000800bb10                _global_impure_ptr
 .rodata._puts_r.str1.4
                0x000000000800bb14        0x2 /home/maddocks/arduino-1.8.16/portable/packages/STMicroelectronics/tools/xpack-arm-none-eabi-gcc/10.2.1-1.1/bin/../lib/gcc/arm-none-eabi/10.2.1/../../../../arm-none-eabi/lib/thumb/v7e-m+fp/hard/libc.a(lib_a-puts.o)
 *fill*         0x000000000800bb16        0x2 
 .rodata._vfprintf_r.str1.4
                0x000000000800bb18       0x42 /home/maddocks/arduino-1.8.16/portable/packages/STMicroelectronics/tools/xpack-arm-none-eabi-gcc/10.2.1-1.1/bin/../lib/gcc/arm-none-eabi/10.2.1/../../../../arm-none-eabi/lib/thumb/v7e-m+fp/hard/libc.a(lib_a-vfprintf.o)
 *fill*         0x000000000800bb5a        0x2 
 .rodata.blanks.1
                0x000000000800bb5c       0x10 /home/maddocks/arduino-1.8.16/portable/packages/STMicroelectronics/tools/xpack-arm-none-eabi-gcc/10.2.1-1.1/bin/../lib/gcc/arm-none-eabi/10.2.1/../../../../arm-none-eabi/lib/thumb/v7e-m+fp/hard/libc.a(lib_a-vfprintf.o)
 .rodata.zeroes.0
                0x000000000800bb6c       0x10 /home/maddocks/arduino-1.8.16/portable/packages/STMicroelectronics/tools/xpack-arm-none-eabi-gcc/10.2.1-1.1/bin/../lib/gcc/arm-none-eabi/10.2.1/../../../../arm-none-eabi/lib/thumb/v7e-m+fp/hard/libc.a(lib_a-vfprintf.o)
 .rodata._dtoa_r.str1.4
                0x000000000800bb7c       0x7e /home/maddocks/arduino-1.8.16/portable/packages/STMicroelectronics/tools/xpack-arm-none-eabi-gcc/10.2.1-1.1/bin/../lib/gcc/arm-none-eabi/10.2.1/../../../../arm-none-eabi/lib/thumb/v7e-m+fp/hard/libc.a(lib_a-dtoa.o)
                                         0x82 (size before relaxing)
 *fill*         0x000000000800bbfa        0x2 
 .rodata._setlocale_r.str1.4
                0x000000000800bbfc        0xa /home/maddocks/arduino-1.8.16/portable/packages/STMicroelectronics/tools/xpack-arm-none-eabi-gcc/10.2.1-1.1/bin/../lib/gcc/arm-none-eabi/10.2.1/../../../../arm-none-eabi/lib/thumb/v7e-m+fp/hard/libc.a(lib_a-locale.o)
                                          0xd (size before relaxing)
 *fill*         0x000000000800bc06        0x2 
 .rodata.str1.4
                0x000000000800bc08        0x2 /home/maddocks/arduino-1.8.16/portable/packages/STMicroelectronics/tools/xpack-arm-none-eabi-gcc/10.2.1-1.1/bin/../lib/gcc/arm-none-eabi/10.2.1/../../../../arm-none-eabi/lib/thumb/v7e-m+fp/hard/libc.a(lib_a-locale.o)
 *fill*         0x000000000800bc0a        0x2 
 .rodata.__multadd.str1.4
                0x000000000800bc0c       0x5b /home/maddocks/arduino-1.8.16/portable/packages/STMicroelectronics/tools/xpack-arm-none-eabi-gcc/10.2.1-1.1/bin/../lib/gcc/arm-none-eabi/10.2.1/../../../../arm-none-eabi/lib/thumb/v7e-m+fp/hard/libc.a(lib_a-mprec.o)
                                         0x6f (size before relaxing)
 *fill*         0x000000000800bc67        0x1 
 .rodata.__mprec_bigtens
                0x000000000800bc68       0x28 /home/maddocks/arduino-1.8.16/portable/packages/STMicroelectronics/tools/xpack-arm-none-eabi-gcc/10.2.1-1.1/bin/../lib/gcc/arm-none-eabi/10.2.1/../../../../arm-none-eabi/lib/thumb/v7e-m+fp/hard/libc.a(lib_a-mprec.o)
                0x000000000800bc68                __mprec_bigtens
 .rodata.__mprec_tens
                0x000000000800bc90       0xc8 /home/maddocks/arduino-1.8.16/portable/packages/STMicroelectronics/tools/xpack-arm-none-eabi-gcc/10.2.1-1.1/bin/../lib/gcc/arm-none-eabi/10.2.1/../../../../arm-none-eabi/lib/thumb/v7e-m+fp/hard/libc.a(lib_a-mprec.o)
                0x000000000800bc90                __mprec_tens
 .rodata.p05.0  0x000000000800bd58        0xc /home/maddocks/arduino-1.8.16/portable/packages/STMicroelectronics/tools/xpack-arm-none-eabi-gcc/10.2.1-1.1/bin/../lib/gcc/arm-none-eabi/10.2.1/../../../../arm-none-eabi/lib/thumb/v7e-m+fp/hard/libc.a(lib_a-mprec.o)
 .rodata._vfiprintf_r.str1.4
                0x000000000800bd64       0x2f /home/maddocks/arduino-1.8.16/portable/packages/STMicroelectronics/tools/xpack-arm-none-eabi-gcc/10.2.1-1.1/bin/../lib/gcc/arm-none-eabi/10.2.1/../../../../arm-none-eabi/lib/thumb/v7e-m+fp/hard/libc.a(lib_a-vfiprintf.o)
 .rodata.blanks.1
                0x000000000800bd64       0x10 /home/maddocks/arduino-1.8.16/portable/packages/STMicroelectronics/tools/xpack-arm-none-eabi-gcc/10.2.1-1.1/bin/../lib/gcc/arm-none-eabi/10.2.1/../../../../arm-none-eabi/lib/thumb/v7e-m+fp/hard/libc.a(lib_a-vfiprintf.o)
 .rodata.zeroes.0
                0x000000000800bd74       0x10 /home/maddocks/arduino-1.8.16/portable/packages/STMicroelectronics/tools/xpack-arm-none-eabi-gcc/10.2.1-1.1/bin/../lib/gcc/arm-none-eabi/10.2.1/../../../../arm-none-eabi/lib/thumb/v7e-m+fp/hard/libc.a(lib_a-vfiprintf.o)
 .rodata.__assert_func.str1.4
                0x000000000800bd84       0x3f /home/maddocks/arduino-1.8.16/portable/packages/STMicroelectronics/tools/xpack-arm-none-eabi-gcc/10.2.1-1.1/bin/../lib/gcc/arm-none-eabi/10.2.1/../../../../arm-none-eabi/lib/thumb/v7e-m+fp/hard/libc.a(lib_a-assert.o)
                                         0x43 (size before relaxing)
                0x000000000800bdc4                . = ALIGN (0x4)
 *fill*         0x000000000800bdc3        0x1 

.glue_7         0x000000000800bdc4        0x0
 .glue_7        0x000000000800bdc4        0x0 linker stubs

.glue_7t        0x000000000800bdc4        0x0
 .glue_7t       0x000000000800bdc4        0x0 linker stubs

.vfp11_veneer   0x000000000800bdc4        0x0
 .vfp11_veneer  0x000000000800bdc4        0x0 linker stubs

.v4_bx          0x000000000800bdc4        0x0
 .v4_bx         0x000000000800bdc4        0x0 linker stubs

.iplt           0x000000000800bdc4        0x0
 .iplt          0x000000000800bdc4        0x0 console.o

.preinit_array  0x000000000800bdc4        0x0
                0x000000000800bdc4                . = ALIGN (0x4)
                0x000000000800bdc4                __preinit_array_start = .
 *(.preinit_array)
                0x000000000800bdc4                __preinit_array_end = .

.init_array     0x000000000800bdc4        0x0
                0x000000000800bdc4                . = ALIGN (0x4)
                0x000000000800bdc4                __init_array_start = .
 *(SORT_BY_NAME(.init_array.*))
 *(.init_array)
                0x000000000800bdc4                __init_array_end = .

.fini_array     0x000000000800bdc4        0x0
                0x000000000800bdc4                . = ALIGN (0x4)
                0x000000000800bdc4                __fini_array_start = .
 *(.fini_array)
 *(SORT_BY_NAME(.fini_array.*))
                0x000000000800bdc4                __fini_array_end = .

.ARM.extab      0x000000000800bdc4       0x6c
 *(.ARM.extab*)
 .ARM.extab.text.abort