Archive member included to satisfy reference by file (symbol)

/home/maddocks/USB-GPIO/i2c-star-stm32f411ceu6-blackpill/libopencm3/lib/libopencm3_stm32f4.a(gpio_common_all.o)
                              i2c-stm32f4-usb.o (gpio_set)
/home/maddocks/USB-GPIO/i2c-star-stm32f411ceu6-blackpill/libopencm3/lib/libopencm3_stm32f4.a(gpio_common_f0234.o)
                              pwm.o (gpio_mode_setup)
/home/maddocks/USB-GPIO/i2c-star-stm32f411ceu6-blackpill/libopencm3/lib/libopencm3_stm32f4.a(i2c_common_v1.o)
                              i2c_ctx.o (i2c_peripheral_enable)
/home/maddocks/USB-GPIO/i2c-star-stm32f411ceu6-blackpill/libopencm3/lib/libopencm3_stm32f4.a(rcc_common_all.o)
                              pwm.o (rcc_periph_clock_enable)
/home/maddocks/USB-GPIO/i2c-star-stm32f411ceu6-blackpill/libopencm3/lib/libopencm3_stm32f4.a(rcc.o)
                              i2c-stm32f4-usb.o (rcc_clock_setup_pll)
/home/maddocks/USB-GPIO/i2c-star-stm32f411ceu6-blackpill/libopencm3/lib/libopencm3_stm32f4.a(timer_common_all.o)
                              pwm.o (timer_set_mode)
/home/maddocks/USB-GPIO/i2c-star-stm32f411ceu6-blackpill/libopencm3/lib/libopencm3_stm32f4.a(usb.o)
                              i2c-stm32f4-usb.o (usbd_init)
/home/maddocks/USB-GPIO/i2c-star-stm32f411ceu6-blackpill/libopencm3/lib/libopencm3_stm32f4.a(usb_standard.o)
                              i2c-stm32f4-usb.o (usbd_register_set_config_callback)
/home/maddocks/USB-GPIO/i2c-star-stm32f411ceu6-blackpill/libopencm3/lib/libopencm3_stm32f4.a(usb_control.o)
                              i2c-stm32f4-usb.o (usbd_register_control_callback)
/home/maddocks/USB-GPIO/i2c-star-stm32f411ceu6-blackpill/libopencm3/lib/libopencm3_stm32f4.a(usb_f107.o)
                              i2c-stm32f4-usb.o (stm32f107_usb_driver)
/home/maddocks/USB-GPIO/i2c-star-stm32f411ceu6-blackpill/libopencm3/lib/libopencm3_stm32f4.a(vector.o)
                              (reset_handler)
/home/maddocks/USB-GPIO/i2c-star-stm32f411ceu6-blackpill/libopencm3/lib/libopencm3_stm32f4.a(systick.o)
                              time_libopencm3.o (systick_set_reload)
/home/maddocks/USB-GPIO/i2c-star-stm32f411ceu6-blackpill/libopencm3/lib/libopencm3_stm32f4.a(flash_common_all.o)
                              /home/maddocks/USB-GPIO/i2c-star-stm32f411ceu6-blackpill/libopencm3/lib/libopencm3_stm32f4.a(rcc.o) (flash_set_ws)
/home/maddocks/USB-GPIO/i2c-star-stm32f411ceu6-blackpill/libopencm3/lib/libopencm3_stm32f4.a(flash_common_idcache.o)
                              /home/maddocks/USB-GPIO/i2c-star-stm32f411ceu6-blackpill/libopencm3/lib/libopencm3_stm32f4.a(rcc.o) (flash_dcache_enable)
/home/maddocks/USB-GPIO/i2c-star-stm32f411ceu6-blackpill/libopencm3/lib/libopencm3_stm32f4.a(pwr.o)
                              /home/maddocks/USB-GPIO/i2c-star-stm32f411ceu6-blackpill/libopencm3/lib/libopencm3_stm32f4.a(rcc.o) (pwr_set_vos_scale)
/home/maddocks/USB-GPIO/i2c-star-stm32f411ceu6-blackpill/libopencm3/lib/libopencm3_stm32f4.a(usb_dwc_common.o)
                              /home/maddocks/USB-GPIO/i2c-star-stm32f411ceu6-blackpill/libopencm3/lib/libopencm3_stm32f4.a(usb_f107.o) (dwc_set_address)
/usr/lib/gcc/arm-none-eabi/9.2.1/../../../arm-none-eabi/lib/thumb/v7e-m+fp/hard/libc.a(lib_a-abort.o)
                              util.o (abort)
/usr/lib/gcc/arm-none-eabi/9.2.1/../../../arm-none-eabi/lib/thumb/v7e-m+fp/hard/libc.a(lib_a-fprintf.o)
                              regdump.o (fprintf)
/usr/lib/gcc/arm-none-eabi/9.2.1/../../../arm-none-eabi/lib/thumb/v7e-m+fp/hard/libc.a(lib_a-impure.o)
                              regdump.o (_impure_ptr)
/usr/lib/gcc/arm-none-eabi/9.2.1/../../../arm-none-eabi/lib/thumb/v7e-m+fp/hard/libc.a(lib_a-malloc.o)
                              util.o (malloc)
/usr/lib/gcc/arm-none-eabi/9.2.1/../../../arm-none-eabi/lib/thumb/v7e-m+fp/hard/libc.a(lib_a-mallocr.o)
                              /usr/lib/gcc/arm-none-eabi/9.2.1/../../../arm-none-eabi/lib/thumb/v7e-m+fp/hard/libc.a(lib_a-malloc.o) (_malloc_r)
/usr/lib/gcc/arm-none-eabi/9.2.1/../../../arm-none-eabi/lib/thumb/v7e-m+fp/hard/libc.a(lib_a-memcpy.o)
                              /home/maddocks/USB-GPIO/i2c-star-stm32f411ceu6-blackpill/libopencm3/lib/libopencm3_stm32f4.a(usb_standard.o) (memcpy)
/usr/lib/gcc/arm-none-eabi/9.2.1/../../../arm-none-eabi/lib/thumb/v7e-m+fp/hard/libc.a(lib_a-memset.o)
                              i2c_ctx.o (memset)
/usr/lib/gcc/arm-none-eabi/9.2.1/../../../arm-none-eabi/lib/thumb/v7e-m+fp/hard/libc.a(lib_a-mlock.o)
                              /usr/lib/gcc/arm-none-eabi/9.2.1/../../../arm-none-eabi/lib/thumb/v7e-m+fp/hard/libc.a(lib_a-mallocr.o) (__malloc_lock)
/usr/lib/gcc/arm-none-eabi/9.2.1/../../../arm-none-eabi/lib/thumb/v7e-m+fp/hard/libc.a(lib_a-puts.o)
                              i2c_ctx.o (puts)
/usr/lib/gcc/arm-none-eabi/9.2.1/../../../arm-none-eabi/lib/thumb/v7e-m+fp/hard/libc.a(lib_a-sbrkr.o)
[...]
Memory Configuration

Name             Origin             Length             Attributes
rom              0x0000000008000000 0x0000000000080000 xr
ram              0x0000000020000000 0x0000000000020000 xrw
*default*        0x0000000000000000 0xffffffffffffffff

Linker script and memory map

LOAD pwm.o
LOAD i2c_ctx.o
LOAD bitops.o
LOAD fibre.o
LOAD fibre_default.o
LOAD list.o
LOAD messageq.o
LOAD regdump.o
LOAD ringbuf.o
LOAD time_libopencm3.o
LOAD util.o
LOAD i2c-stm32f4-usb.o
LOAD /home/maddocks/USB-GPIO/i2c-star-stm32f411ceu6-blackpill/libopencm3/lib/libopencm3_stm32f4.a
START GROUP
LOAD /usr/lib/gcc/arm-none-eabi/9.2.1/../../../arm-none-eabi/lib/thumb/v7e-m+fp/hard/libc.a
LOAD /usr/lib/gcc/arm-none-eabi/9.2.1/thumb/v7e-m+fp/hard/libgcc.a
LOAD /usr/lib/gcc/arm-none-eabi/9.2.1/../../../arm-none-eabi/lib/thumb/v7e-m+fp/hard/libnosys.a
END GROUP
START GROUP
LOAD /usr/lib/gcc/arm-none-eabi/9.2.1/thumb/v7e-m+fp/hard/libgcc.a
LOAD /usr/lib/gcc/arm-none-eabi/9.2.1/../../../arm-none-eabi/lib/thumb/v7e-m+fp/hard/libc.a
END GROUP

.text           0x0000000008000000     0x9bb0
 *(.vectors)
 .vectors       0x0000000008000000      0x1ac /home/maddocks/USB-GPIO/i2c-star-stm32f411ceu6-blackpill/libopencm3/lib/libopencm3_stm32f4.a(vector.o)
                0x0000000008000000                vector_table
 *(.text*)
 .text.pwm_init
                0x00000000080001ac      0x190 pwm.o
                0x00000000080001ac                pwm_init
 .text.pwm_set_frequency
                0x000000000800033c       0x2c pwm.o
                0x000000000800033c                pwm_set_frequency
 .text.pwm_set_dc
                0x0000000008000368       0x48 pwm.o
                0x0000000008000368                pwm_set_dc
 .text.pwm_start
                0x00000000080003b0       0x18 pwm.o
                0x00000000080003b0                pwm_start
 .text.i2c_ctx_is_timed_out
                0x00000000080003c8       0x3c i2c_ctx.o
 .text.i2c_ctx_init
                0x0000000008000404       0x1e i2c_ctx.o
                0x0000000008000404                i2c_ctx_init
 *fill*         0x0000000008000422        0x2 
 .text.i2c_ctx_reset
                0x0000000008000424       0x7c i2c_ctx.o
                0x0000000008000424                i2c_ctx_reset
 .text.i2c_ctx_start
                0x00000000080004a0       0x46 i2c_ctx.o
                0x00000000080004a0                i2c_ctx_start
 .text.i2c_ctx_sendaddr
                0x00000000080004e6       0x78 i2c_ctx.o
                0x00000000080004e6                i2c_ctx_sendaddr
 .text.i2c_ctx_senddata
                0x000000000800055e       0x40 i2c_ctx.o
                0x000000000800055e                i2c_ctx_senddata
 .text.i2c_ctx_getdata
                0x000000000800059e       0x60 i2c_ctx.o
                0x000000000800059e                i2c_ctx_getdata
 .text.i2c_ctx_stop
                0x00000000080005fe       0x46 i2c_ctx.o
                0x00000000080005fe                i2c_ctx_stop
 .text.bitcnt   0x0000000008000644       0x2a bitops.o
                0x0000000008000644                bitcnt
 .text.ctz      0x000000000800066e        0xa bitops.o
                0x000000000800066e                ctz
 .text.messageq_empty
                0x0000000008000678       0x1a fibre.o
 *fill*         0x0000000008000692        0x2 
 .text.fibre_run
                0x0000000008000694       0x3c fibre.o
                0x0000000008000694                fibre_run
 .text.handle_atomic_runq
                0x00000000080006d0       0x24 fibre.o
 .text.fibre_scheduler_next
                0x00000000080006f4       0xfc fibre.o
                0x00000000080006f4                fibre_scheduler_next
 .text.fibre_scheduler_main_loop
                0x00000000080007f0        0xc fibre_default.o
                0x00000000080007f0                fibre_scheduler_main_loop
 .text.list_insert
                0x00000000080007fc       0x10 list.o
                0x00000000080007fc                list_insert
 .text.list_extract
                0x000000000800080c       0x10 list.o
                0x000000000800080c                list_extract
 .text.list_iterate
                0x000000000800081c        0x8 list.o
                0x000000000800081c                list_iterate
 .text.list_iterator_next
                0x0000000008000824        0xe list.o
                0x0000000008000824                list_iterator_next
 .text.list_iterator_remove
                0x0000000008000832       0x1a list.o
                0x0000000008000832                list_iterator_remove
 .text.list_contains
                0x000000000800084c       0x24 list.o
                0x000000000800084c                list_contains
 .text.list_remove
                0x0000000008000870       0x18 list.o
                0x0000000008000870                list_remove
 .text.messageq_receive
                0x0000000008000888       0x4a messageq.o
                0x0000000008000888                messageq_receive
 .text.messageq_release
                0x00000000080008d2       0x1a messageq.o
                0x00000000080008d2                messageq_release
 .text.fregdump_single
                0x00000000080008ec       0x58 regdump.o
                0x00000000080008ec                fregdump_single
 .text.fregdump
                0x0000000008000944       0x20 regdump.o
                0x0000000008000944                fregdump
 .text.regdump  0x0000000008000964       0x14 regdump.o
                0x0000000008000964                regdump
 .text.time_init
                0x0000000008000978       0x1c time_libopencm3.o
                0x0000000008000978                time_init
 .text.sys_tick_handler
                0x0000000008000994       0x18 time_libopencm3.o
                0x0000000008000994                sys_tick_handler
 .text.time_now
                0x00000000080009ac        0xc time_libopencm3.o
                0x00000000080009ac                time_now
 .text.cyclecmp32
                0x00000000080009b8        0x4 util.o
                0x00000000080009b8                cyclecmp32
 .text.my_delay_1
                0x00000000080009bc       0x10 i2c-stm32f4-usb.o
 .text.usb_fibre
                0x00000000080009cc       0xa4 i2c-stm32f4-usb.o
 .text.usb_set_config
                0x0000000008000a70       0x48 i2c-stm32f4-usb.o
 .text.usb_control_request
                0x0000000008000ab8      0x144 i2c-stm32f4-usb.o
 .text.usb_control_gpio_request
                0x0000000008000bfc      0x26c i2c-stm32f4-usb.o
 .text.startup.main
                0x0000000008000e68      0x184 i2c-stm32f4-usb.o
                0x0000000008000e68                main
 .text.gpio_set
                0x0000000008000fec        0x4 /home/maddocks/USB-GPIO/i2c-star-stm32f411ceu6-blackpill/libopencm3/lib/libopencm3_stm32f4.a(gpio_common_all.o)
                0x0000000008000fec                gpio_set
 .text.gpio_clear
                0x0000000008000ff0        0x6 /home/maddocks/USB-GPIO/i2c-star-stm32f411ceu6-blackpill/libopencm3/lib/libopencm3_stm32f4.a(gpio_common_all.o)
                0x0000000008000ff0                gpio_clear
 .text.gpio_get
                0x0000000008000ff6        0x6 /home/maddocks/USB-GPIO/i2c-star-stm32f411ceu6-blackpill/libopencm3/lib/libopencm3_stm32f4.a(gpio_common_all.o)
                0x0000000008000ff6                gpio_get
 .text.gpio_mode_setup
                0x0000000008000ffc       0x40 /home/maddocks/USB-GPIO/i2c-star-stm32f411ceu6-blackpill/libopencm3/lib/libopencm3_stm32f4.a(gpio_common_f0234.o)
                0x0000000008000ffc                gpio_mode_setup
 .text.gpio_set_output_options
                0x000000000800103c       0x36 /home/maddocks/USB-GPIO/i2c-star-stm32f411ceu6-blackpill/libopencm3/lib/libopencm3_stm32f4.a(gpio_common_f0234.o)
                0x000000000800103c                gpio_set_output_options
 .text.gpio_set_af
                0x0000000008001072       0x54 /home/maddocks/USB-GPIO/i2c-star-stm32f411ceu6-blackpill/libopencm3/lib/libopencm3_stm32f4.a(gpio_common_f0234.o)
                0x0000000008001072                gpio_set_af
 .text.i2c_peripheral_enable
                0x00000000080010c6        0xa /home/maddocks/USB-GPIO/i2c-star-stm32f411ceu6-blackpill/libopencm3/lib/libopencm3_stm32f4.a(i2c_common_v1.o)
                0x00000000080010c6                i2c_peripheral_enable
 .text.i2c_peripheral_disable
                0x00000000080010d0        0xa /home/maddocks/USB-GPIO/i2c-star-stm32f411ceu6-blackpill/libopencm3/lib/libopencm3_stm32f4.a(i2c_common_v1.o)
                0x00000000080010d0                i2c_peripheral_disable
 .text.i2c_send_start
                0x00000000080010da        0xa /home/maddocks/USB-GPIO/i2c-star-stm32f411ceu6-blackpill/libopencm3/lib/libopencm3_stm32f4.a(i2c_common_v1.o)
                0x00000000080010da                i2c_send_start
 .text.i2c_send_stop
                0x00000000080010e4        0xa /home/maddocks/USB-GPIO/i2c-star-stm32f411ceu6-blackpill/libopencm3/lib/libopencm3_stm32f4.a(i2c_common_v1.o)
                0x00000000080010e4                i2c_send_stop
 .text.i2c_set_own_7bit_slave_address
                0x00000000080010ee        0xa /home/maddocks/USB-GPIO/i2c-star-stm32f411ceu6-blackpill/libopencm3/lib/libopencm3_stm32f4.a(i2c_common_v1.o)
                0x00000000080010ee                i2c_set_own_7bit_slave_address
 .text.i2c_set_clock_frequency
                0x00000000080010f8        0xe /home/maddocks/USB-GPIO/i2c-star-stm32f411ceu6-blackpill/libopencm3/lib/libopencm3_stm32f4.a(i2c_common_v1.o)
                0x00000000080010f8                i2c_set_clock_frequency
 .text.i2c_send_data
                0x0000000008001106        0x4 /home/maddocks/USB-GPIO/i2c-star-stm32f411ceu6-blackpill/libopencm3/lib/libopencm3_stm32f4.a(i2c_common_v1.o)
                0x0000000008001106                i2c_send_data
 .text.i2c_set_ccr
                0x000000000800110a        0xc /home/maddocks/USB-GPIO/i2c-star-stm32f411ceu6-blackpill/libopencm3/lib/libopencm3_stm32f4.a(i2c_common_v1.o)
                0x000000000800110a                i2c_set_ccr
 .text.i2c_set_trise
                0x0000000008001116        0x4 /home/maddocks/USB-GPIO/i2c-star-stm32f411ceu6-blackpill/libopencm3/lib/libopencm3_stm32f4.a(i2c_common_v1.o)
                0x0000000008001116                i2c_set_trise
 .text.i2c_send_7bit_address
                0x000000000800111a        0xa /home/maddocks/USB-GPIO/i2c-star-stm32f411ceu6-blackpill/libopencm3/lib/libopencm3_stm32f4.a(i2c_common_v1.o)
                0x000000000800111a                i2c_send_7bit_address
 .text.i2c_get_data
                0x0000000008001124        0x6 /home/maddocks/USB-GPIO/i2c-star-stm32f411ceu6-blackpill/libopencm3/lib/libopencm3_stm32f4.a(i2c_common_v1.o)
                0x0000000008001124                i2c_get_data
 .text.rcc_periph_clock_enable
                0x000000000800112a       0x1c /home/maddocks/USB-GPIO/i2c-star-stm32f411ceu6-blackpill/libopencm3/lib/libopencm3_stm32f4.a(rcc_common_all.o)
                0x000000000800112a                rcc_periph_clock_enable
 .text.rcc_periph_reset_pulse
                0x0000000008001146       0x24 /home/maddocks/USB-GPIO/i2c-star-stm32f411ceu6-blackpill/libopencm3/lib/libopencm3_stm32f4.a(rcc_common_all.o)
                0x0000000008001146                rcc_periph_reset_pulse
 *fill*         0x000000000800116a        0x2 
 .text.rcc_is_osc_ready
                0x000000000800116c       0x5c /home/maddocks/USB-GPIO/i2c-star-stm32f411ceu6-blackpill/libopencm3/lib/libopencm3_stm32f4.a(rcc.o)
                0x000000000800116c                rcc_is_osc_ready
 .text.rcc_wait_for_osc_ready
                0x00000000080011c8       0x10 /home/maddocks/USB-GPIO/i2c-star-stm32f411ceu6-blackpill/libopencm3/lib/libopencm3_stm32f4.a(rcc.o)
                0x00000000080011c8                rcc_wait_for_osc_ready
 .text.rcc_osc_on
                0x00000000080011d8       0x58 /home/maddocks/USB-GPIO/i2c-star-stm32f411ceu6-blackpill/libopencm3/lib/libopencm3_stm32f4.a(rcc.o)
                0x00000000080011d8                rcc_osc_on
 .text.rcc_osc_off
                0x0000000008001230       0x58 /home/maddocks/USB-GPIO/i2c-star-stm32f411ceu6-blackpill/libopencm3/lib/libopencm3_stm32f4.a(rcc.o)
                0x0000000008001230                rcc_osc_off
 .text.rcc_set_sysclk_source
                0x0000000008001288       0x14 /home/maddocks/USB-GPIO/i2c-star-stm32f411ceu6-blackpill/libopencm3/lib/libopencm3_stm32f4.a(rcc.o)
                0x0000000008001288                rcc_set_sysclk_source
 .text.rcc_set_ppre2
                0x000000000800129c       0x14 /home/maddocks/USB-GPIO/i2c-star-stm32f411ceu6-blackpill/libopencm3/lib/libopencm3_stm32f4.a(rcc.o)
                0x000000000800129c                rcc_set_ppre2
 .text.rcc_set_ppre1
                0x00000000080012b0       0x14 /home/maddocks/USB-GPIO/i2c-star-stm32f411ceu6-blackpill/libopencm3/lib/libopencm3_stm32f4.a(rcc.o)
                0x00000000080012b0                rcc_set_ppre1
 .text.rcc_set_hpre
                0x00000000080012c4       0x14 /home/maddocks/USB-GPIO/i2c-star-stm32f411ceu6-blackpill/libopencm3/lib/libopencm3_stm32f4.a(rcc.o)
                0x00000000080012c4                rcc_set_hpre
 .text.rcc_set_main_pll_hsi
                0x00000000080012d8       0x44 /home/maddocks/USB-GPIO/i2c-star-stm32f411ceu6-blackpill/libopencm3/lib/libopencm3_stm32f4.a(rcc.o)
                0x00000000080012d8                rcc_set_main_pll_hsi
 .text.rcc_set_main_pll_hse
                0x000000000800131c       0x44 /home/maddocks/USB-GPIO/i2c-star-stm32f411ceu6-blackpill/libopencm3/lib/libopencm3_stm32f4.a(rcc.o)
                0x000000000800131c                rcc_set_main_pll_hse
 .text.rcc_clock_setup_pll
                0x0000000008001360       0xf4 /home/maddocks/USB-GPIO/i2c-star-stm32f411ceu6-blackpill/libopencm3/lib/libopencm3_stm32f4.a(rcc.o)
                0x0000000008001360                rcc_clock_setup_pll
 .text.timer_set_mode
                0x0000000008001454       0x12 /home/maddocks/USB-GPIO/i2c-star-stm32f411ceu6-blackpill/libopencm3/lib/libopencm3_stm32f4.a(timer_common_all.o)
                0x0000000008001454                timer_set_mode
 .text.timer_enable_preload
                0x0000000008001466        0xa /home/maddocks/USB-GPIO/i2c-star-stm32f411ceu6-blackpill/libopencm3/lib/libopencm3_stm32f4.a(timer_common_all.o)
                0x0000000008001466                timer_enable_preload
 .text.timer_continuous_mode
                0x0000000008001470        0xa /home/maddocks/USB-GPIO/i2c-star-stm32f411ceu6-blackpill/libopencm3/lib/libopencm3_stm32f4.a(timer_common_all.o)
                0x0000000008001470                timer_continuous_mode
 .text.timer_enable_counter
                0x000000000800147a        0xa /home/maddocks/USB-GPIO/i2c-star-stm32f411ceu6-blackpill/libopencm3/lib/libopencm3_stm32f4.a(timer_common_all.o)
                0x000000000800147a                timer_enable_counter
 .text.timer_set_prescaler
                0x0000000008001484        0x4 /home/maddocks/USB-GPIO/i2c-star-stm32f411ceu6-blackpill/libopencm3/lib/libopencm3_stm32f4.a(timer_common_all.o)
                0x0000000008001484                timer_set_prescaler
 .text.timer_set_repetition_counter
                0x0000000008001488        0x4 /home/maddocks/USB-GPIO/i2c-star-stm32f411ceu6-blackpill/libopencm3/lib/libopencm3_stm32f4.a(timer_common_all.o)
                0x0000000008001488                timer_set_repetition_counter
 .text.timer_set_period
                0x000000000800148c        0x4 /home/maddocks/USB-GPIO/i2c-star-stm32f411ceu6-blackpill/libopencm3/lib/libopencm3_stm32f4.a(timer_common_all.o)
                0x000000000800148c                timer_set_period
 .text.timer_disable_oc_clear
                0x0000000008001490       0x34 /home/maddocks/USB-GPIO/i2c-star-stm32f411ceu6-blackpill/libopencm3/lib/libopencm3_stm32f4.a(timer_common_all.o)
                0x0000000008001490                timer_disable_oc_clear
 .text.timer_set_oc_mode
                0x00000000080014c4      0x18c /home/maddocks/USB-GPIO/i2c-star-stm32f411ceu6-blackpill/libopencm3/lib/libopencm3_stm32f4.a(timer_common_all.o)
                0x00000000080014c4                timer_set_oc_mode
 .text.timer_enable_oc_preload
                0x0000000008001650       0x34 /home/maddocks/USB-GPIO/i2c-star-stm32f411ceu6-blackpill/libopencm3/lib/libopencm3_stm32f4.a(timer_common_all.o)
                0x0000000008001650                timer_enable_oc_preload
 .text.timer_set_oc_polarity_high
                0x0000000008001684       0x4a /home/maddocks/USB-GPIO/i2c-star-stm32f411ceu6-blackpill/libopencm3/lib/libopencm3_stm32f4.a(timer_common_all.o)
                0x0000000008001684                timer_set_oc_polarity_high
 .text.timer_enable_oc_output
                0x00000000080016ce       0x4a /home/maddocks/USB-GPIO/i2c-star-stm32f411ceu6-blackpill/libopencm3/lib/libopencm3_stm32f4.a(timer_common_all.o)
                0x00000000080016ce                timer_enable_oc_output
 .text.timer_disable_oc_output
                0x0000000008001718       0x4a /home/maddocks/USB-GPIO/i2c-star-stm32f411ceu6-blackpill/libopencm3/lib/libopencm3_stm32f4.a(timer_common_all.o)
                0x0000000008001718                timer_disable_oc_output
 .text.timer_set_oc_idle_state_set
                0x0000000008001762       0x4a /home/maddocks/USB-GPIO/i2c-star-stm32f411ceu6-blackpill/libopencm3/lib/libopencm3_stm32f4.a(timer_common_all.o)
                0x0000000008001762                timer_set_oc_idle_state_set
 .text.timer_set_oc_value
                0x00000000080017ac       0x20 /home/maddocks/USB-GPIO/i2c-star-stm32f411ceu6-blackpill/libopencm3/lib/libopencm3_stm32f4.a(timer_common_all.o)
                0x00000000080017ac                timer_set_oc_value
 .text.timer_enable_break_main_output
                0x00000000080017cc        0xa /home/maddocks/USB-GPIO/i2c-star-stm32f411ceu6-blackpill/libopencm3/lib/libopencm3_stm32f4.a(timer_common_all.o)
                0x00000000080017cc                timer_enable_break_main_output
 .text.timer_disable_break_automatic_output
                0x00000000080017d6        0xa /home/maddocks/USB-GPIO/i2c-star-stm32f411ceu6-blackpill/libopencm3/lib/libopencm3_stm32f4.a(timer_common_all.o)
                0x00000000080017d6                timer_disable_break_automatic_output
 .text.timer_set_break_polarity_high
                0x00000000080017e0        0xa /home/maddocks/USB-GPIO/i2c-star-stm32f411ceu6-blackpill/libopencm3/lib/libopencm3_stm32f4.a(timer_common_all.o)
                0x00000000080017e0                timer_set_break_polarity_high
 .text.timer_disable_break
                0x00000000080017ea        0xa /home/maddocks/USB-GPIO/i2c-star-stm32f411ceu6-blackpill/libopencm3/lib/libopencm3_stm32f4.a(timer_common_all.o)
                0x00000000080017ea                timer_disable_break
 .text.timer_set_enabled_off_state_in_run_mode
                0x00000000080017f4        0xa /home/maddocks/USB-GPIO/i2c-star-stm32f411ceu6-blackpill/libopencm3/lib/libopencm3_stm32f4.a(timer_common_all.o)
                0x00000000080017f4                timer_set_enabled_off_state_in_run_mode
 .text.timer_set_enabled_off_state_in_idle_mode
                0x00000000080017fe        0xa /home/maddocks/USB-GPIO/i2c-star-stm32f411ceu6-blackpill/libopencm3/lib/libopencm3_stm32f4.a(timer_common_all.o)
                0x00000000080017fe                timer_set_enabled_off_state_in_idle_mode
 .text.timer_set_break_lock
                0x0000000008001808        0x8 /home/maddocks/USB-GPIO/i2c-star-stm32f411ceu6-blackpill/libopencm3/lib/libopencm3_stm32f4.a(timer_common_all.o)
                0x0000000008001808                timer_set_break_lock
 .text.timer_set_deadtime
                0x0000000008001810        0x4 /home/maddocks/USB-GPIO/i2c-star-stm32f411ceu6-blackpill/libopencm3/lib/libopencm3_stm32f4.a(timer_common_all.o)
                0x0000000008001810                timer_set_deadtime
 .text.timer_generate_event
                0x0000000008001814        0x8 /home/maddocks/USB-GPIO/i2c-star-stm32f411ceu6-blackpill/libopencm3/lib/libopencm3_stm32f4.a(timer_common_all.o)
                0x0000000008001814                timer_generate_event
 .text.usbd_init
                0x000000000800181c       0x50 /home/maddocks/USB-GPIO/i2c-star-stm32f411ceu6-blackpill/libopencm3/lib/libopencm3_stm32f4.a(usb.o)
                0x000000000800181c                usbd_init
 .text.usbd_poll
                0x000000000800186c        0x8 /home/maddocks/USB-GPIO/i2c-star-stm32f411ceu6-blackpill/libopencm3/lib/libopencm3_stm32f4.a(usb.o)
                0x000000000800186c                usbd_poll
 .text.usbd_ep_setup
                0x0000000008001874       0x10 /home/maddocks/USB-GPIO/i2c-star-stm32f411ceu6-blackpill/libopencm3/lib/libopencm3_stm32f4.a(usb.o)
                0x0000000008001874                usbd_ep_setup
 .text._usbd_reset
                0x0000000008001884       0x30 /home/maddocks/USB-GPIO/i2c-star-stm32f411ceu6-blackpill/libopencm3/lib/libopencm3_stm32f4.a(usb.o)
                0x0000000008001884                _usbd_reset
 .text.usbd_ep_write_packet
                0x00000000080018b4       0x10 /home/maddocks/USB-GPIO/i2c-star-stm32f411ceu6-blackpill/libopencm3/lib/libopencm3_stm32f4.a(usb.o)
                0x00000000080018b4                usbd_ep_write_packet
 .text.usbd_ep_read_packet
                0x00000000080018c4       0x10 /home/maddocks/USB-GPIO/i2c-star-stm32f411ceu6-blackpill/libopencm3/lib/libopencm3_stm32f4.a(usb.o)
                0x00000000080018c4                usbd_ep_read_packet
 .text.usbd_ep_stall_set
                0x00000000080018d4        0x8 /home/maddocks/USB-GPIO/i2c-star-stm32f411ceu6-blackpill/libopencm3/lib/libopencm3_stm32f4.a(usb.o)
                0x00000000080018d4                usbd_ep_stall_set
 .text.usbd_ep_stall_get
                0x00000000080018dc        0x8 /home/maddocks/USB-GPIO/i2c-star-stm32f411ceu6-blackpill/libopencm3/lib/libopencm3_stm32f4.a(usb.o)
                0x00000000080018dc                usbd_ep_stall_get
 .text.usbd_ep_nak_set
                0x00000000080018e4        0x8 /home/maddocks/USB-GPIO/i2c-star-stm32f411ceu6-blackpill/libopencm3/lib/libopencm3_stm32f4.a(usb.o)
                0x00000000080018e4                usbd_ep_nak_set
 .text.usb_standard_set_address
                0x00000000080018ec       0x2a /home/maddocks/USB-GPIO/i2c-star-stm32f411ceu6-blackpill/libopencm3/lib/libopencm3_stm32f4.a(usb_standard.o)
 .text.usb_standard_set_configuration
                0x0000000008001916       0x96 /home/maddocks/USB-GPIO/i2c-star-stm32f411ceu6-blackpill/libopencm3/lib/libopencm3_stm32f4.a(usb_standard.o)
 .text.usb_standard_get_configuration
                0x00000000080019ac       0x22 /home/maddocks/USB-GPIO/i2c-star-stm32f411ceu6-blackpill/libopencm3/lib/libopencm3_stm32f4.a(usb_standard.o)
 .text.usb_standard_get_interface
                0x00000000080019ce       0x38 /home/maddocks/USB-GPIO/i2c-star-stm32f411ceu6-blackpill/libopencm3/lib/libopencm3_stm32f4.a(usb_standard.o)
 .text.usb_standard_device_get_status
                0x0000000008001a06       0x18 /home/maddocks/USB-GPIO/i2c-star-stm32f411ceu6-blackpill/libopencm3/lib/libopencm3_stm32f4.a(usb_standard.o)
 .text.usb_standard_endpoint_get_status
                0x0000000008001a1e       0x2a /home/maddocks/USB-GPIO/i2c-star-stm32f411ceu6-blackpill/libopencm3/lib/libopencm3_stm32f4.a(usb_standard.o)
 .text.usb_standard_endpoint_stall
                0x0000000008001a48       0x10 /home/maddocks/USB-GPIO/i2c-star-stm32f411ceu6-blackpill/libopencm3/lib/libopencm3_stm32f4.a(usb_standard.o)
 .text.usb_standard_endpoint_unstall
                0x0000000008001a58       0x10 /home/maddocks/USB-GPIO/i2c-star-stm32f411ceu6-blackpill/libopencm3/lib/libopencm3_stm32f4.a(usb_standard.o)
 .text.usb_standard_set_interface
                0x0000000008001a68       0x54 /home/maddocks/USB-GPIO/i2c-star-stm32f411ceu6-blackpill/libopencm3/lib/libopencm3_stm32f4.a(usb_standard.o)
 .text.usb_standard_get_descriptor
                0x0000000008001abc      0x264 /home/maddocks/USB-GPIO/i2c-star-stm32f411ceu6-blackpill/libopencm3/lib/libopencm3_stm32f4.a(usb_standard.o)
 .text.usb_standard_interface_get_status
                0x0000000008001d20       0x18 /home/maddocks/USB-GPIO/i2c-star-stm32f411ceu6-blackpill/libopencm3/lib/libopencm3_stm32f4.a(usb_standard.o)
 .text.usbd_register_set_config_callback
                0x0000000008001d38       0x28 /home/maddocks/USB-GPIO/i2c-star-stm32f411ceu6-blackpill/libopencm3/lib/libopencm3_stm32f4.a(usb_standard.o)
                0x0000000008001d38                usbd_register_set_config_callback
 .text._usbd_standard_request_device
                0x0000000008001d60       0x4c /home/maddocks/USB-GPIO/i2c-star-stm32f411ceu6-blackpill/libopencm3/lib/libopencm3_stm32f4.a(usb_standard.o)
                0x0000000008001d60                _usbd_standard_request_device
 .text._usbd_standard_request_interface
                0x0000000008001dac       0x34 /home/maddocks/USB-GPIO/i2c-star-stm32f411ceu6-blackpill/libopencm3/lib/libopencm3_stm32f4.a(usb_standard.o)
                0x0000000008001dac                _usbd_standard_request_interface
 .text._usbd_standard_request_endpoint
                0x0000000008001de0       0x40 /home/maddocks/USB-GPIO/i2c-star-stm32f411ceu6-blackpill/libopencm3/lib/libopencm3_stm32f4.a(usb_standard.o)
                0x0000000008001de0                _usbd_standard_request_endpoint
 .text._usbd_standard_request
                0x0000000008001e20       0x38 /home/maddocks/USB-GPIO/i2c-star-stm32f411ceu6-blackpill/libopencm3/lib/libopencm3_stm32f4.a(usb_standard.o)
                0x0000000008001e20                _usbd_standard_request
 .text.usb_control_send_chunk
                0x0000000008001e58       0x52 /home/maddocks/USB-GPIO/i2c-star-stm32f411ceu6-blackpill/libopencm3/lib/libopencm3_stm32f4.a(usb_control.o)
 .text.usb_control_request_dispatch
                0x0000000008001eaa       0x60 /home/maddocks/USB-GPIO/i2c-star-stm32f411ceu6-blackpill/libopencm3/lib/libopencm3_stm32f4.a(usb_control.o)
 .text.stall_transaction
                0x0000000008001f0a       0x14 /home/maddocks/USB-GPIO/i2c-star-stm32f411ceu6-blackpill/libopencm3/lib/libopencm3_stm32f4.a(usb_control.o)
 .text.usb_control_recv_chunk
                0x0000000008001f1e       0x3c /home/maddocks/USB-GPIO/i2c-star-stm32f411ceu6-blackpill/libopencm3/lib/libopencm3_stm32f4.a(usb_control.o)
 .text.usb_control_setup_read
                0x0000000008001f5a       0x66 /home/maddocks/USB-GPIO/i2c-star-stm32f411ceu6-blackpill/libopencm3/lib/libopencm3_stm32f4.a(usb_control.o)
 .text.usbd_register_control_callback
                0x0000000008001fc0       0x2c /home/maddocks/USB-GPIO/i2c-star-stm32f411ceu6-blackpill/libopencm3/lib/libopencm3_stm32f4.a(usb_control.o)
                0x0000000008001fc0                usbd_register_control_callback
 .text._usbd_control_setup
                0x0000000008001fec       0x60 /home/maddocks/USB-GPIO/i2c-star-stm32f411ceu6-blackpill/libopencm3/lib/libopencm3_stm32f4.a(usb_control.o)
                0x0000000008001fec                _usbd_control_setup
 .text._usbd_control_out
                0x000000000800204c       0x82 /home/maddocks/USB-GPIO/i2c-star-stm32f411ceu6-blackpill/libopencm3/lib/libopencm3_stm32f4.a(usb_control.o)
                0x000000000800204c                _usbd_control_out
 .text._usbd_control_in
                0x00000000080020ce       0x64 /home/maddocks/USB-GPIO/i2c-star-stm32f411ceu6-blackpill/libopencm3/lib/libopencm3_stm32f4.a(usb_control.o)
                0x00000000080020ce                _usbd_control_in
 *fill*         0x0000000008002132        0x2 
 .text.stm32f107_usbd_init
                0x0000000008002134       0xd0 /home/maddocks/USB-GPIO/i2c-star-stm32f411ceu6-blackpill/libopencm3/lib/libopencm3_stm32f4.a(usb_f107.o)
 .text.blocking_handler
                0x0000000008002204        0x2 /home/maddocks/USB-GPIO/i2c-star-stm32f411ceu6-blackpill/libopencm3/lib/libopencm3_stm32f4.a(vector.o)
                0x0000000008002204                dma2_stream1_isr
                0x0000000008002204                tim8_brk_tim12_isr
                0x0000000008002204                dma1_stream7_isr
                0x0000000008002204                usart3_isr
                0x0000000008002204                tim7_isr
                0x0000000008002204                dma2d_isr
                0x0000000008002204                uart8_isr
                0x0000000008002204                dma1_stream2_isr
                0x0000000008002204                otg_hs_isr
                0x0000000008002204                blocking_handler
                0x0000000008002204                tim5_isr
                0x0000000008002204                rtc_wkup_isr
                0x0000000008002204                otg_fs_isr
                0x0000000008002204                spi1_isr
                0x0000000008002204                i2c3_er_isr
                0x0000000008002204                exti2_isr
                0x0000000008002204                spi5_isr
                0x0000000008002204                usb_fs_wkup_isr
                0x0000000008002204                tamp_stamp_isr
                0x0000000008002204                can1_rx1_isr
                0x0000000008002204                dma2_stream0_isr
                0x0000000008002204                usart1_isr
                0x0000000008002204                i2c3_ev_isr
                0x0000000008002204                usage_fault_handler
                0x0000000008002204                can2_rx0_isr
                0x0000000008002204                dma1_stream6_isr
                0x0000000008002204                can2_rx1_isr
                0x0000000008002204                can1_sce_isr
                0x0000000008002204                tim1_cc_isr
                0x0000000008002204                can1_tx_isr
                0x0000000008002204                tim1_up_tim10_isr
                0x0000000008002204                sdio_isr
                0x0000000008002204                eth_isr
                0x0000000008002204                spi6_isr
                0x0000000008002204                dma2_stream5_isr
                0x0000000008002204                pvd_isr
                0x0000000008002204                can1_rx0_isr
                0x0000000008002204                rcc_isr
                0x0000000008002204                dma2_stream3_isr
                0x0000000008002204                flash_isr
                0x0000000008002204                uart4_isr
                0x0000000008002204                lcd_tft_isr
                0x0000000008002204                rtc_alarm_isr
                0x0000000008002204                exti15_10_isr
                0x0000000008002204                hash_rng_isr
                0x0000000008002204                tim1_trg_com_tim11_isr
                0x0000000008002204                hard_fault_handler
                0x0000000008002204                exti1_isr
                0x0000000008002204                i2c1_ev_isr
                0x0000000008002204                usart6_isr
                0x0000000008002204                spi2_isr
                0x0000000008002204                cryp_isr
                0x0000000008002204                nvic_wwdg_isr
                0x0000000008002204                dma1_stream1_isr
                0x0000000008002204                dma2_stream4_isr
                0x0000000008002204                exti3_isr
                0x0000000008002204                tim3_isr
                0x0000000008002204                usart2_isr
                0x0000000008002204                sai1_isr
                0x0000000008002204                fpu_isr
                0x0000000008002204                dma1_stream4_isr
                0x0000000008002204                i2c2_er_isr
                0x0000000008002204                i2c2_ev_isr
                0x0000000008002204                uart5_isr
                0x0000000008002204                dma2_stream6_isr
                0x0000000008002204                spi4_isr
                0x0000000008002204                adc_isr
                0x0000000008002204                dma2_stream7_isr
                0x0000000008002204                tim8_up_tim13_isr
                0x0000000008002204                fsmc_isr
                0x0000000008002204                exti4_isr
                0x0000000008002204                tim6_dac_isr
                0x0000000008002204                dma1_stream3_isr
                0x0000000008002204                tim8_trg_com_tim14_isr
                0x0000000008002204                mem_manage_handler
                0x0000000008002204                lcd_tft_err_isr
                0x0000000008002204                can2_tx_isr
                0x0000000008002204                exti9_5_isr
                0x0000000008002204                tim1_brk_tim9_isr
                0x0000000008002204                uart7_isr
                0x0000000008002204                can2_sce_isr
                0x0000000008002204                tim4_isr
                0x0000000008002204                otg_hs_wkup_isr
                0x0000000008002204                i2c1_er_isr
                0x0000000008002204                dma1_stream0_isr
                0x0000000008002204                tim8_cc_isr
                0x0000000008002204                dcmi_isr
                0x0000000008002204                dma2_stream2_isr
                0x0000000008002204                eth_wkup_isr
                0x0000000008002204                bus_fault_handler
                0x0000000008002204                otg_hs_ep1_out_isr
                0x0000000008002204                spi3_isr
                0x0000000008002204                dma1_stream5_isr
                0x0000000008002204                otg_hs_ep1_in_isr
                0x0000000008002204                tim2_isr
                0x0000000008002204                exti0_isr
 .text.null_handler
                0x0000000008002206        0x2 /home/maddocks/USB-GPIO/i2c-star-stm32f411ceu6-blackpill/libopencm3/lib/libopencm3_stm32f4.a(vector.o)
                0x0000000008002206                null_handler
                0x0000000008002206                sv_call_handler
                0x0000000008002206                pend_sv_handler
                0x0000000008002206                debug_monitor_handler
                0x0000000008002206                nmi_handler
 .text.reset_handler
                0x0000000008002208       0x98 /home/maddocks/USB-GPIO/i2c-star-stm32f411ceu6-blackpill/libopencm3/lib/libopencm3_stm32f4.a(vector.o)
                0x0000000008002208                reset_handler
 .text.systick_set_reload
                0x00000000080022a0       0x10 /home/maddocks/USB-GPIO/i2c-star-stm32f411ceu6-blackpill/libopencm3/lib/libopencm3_stm32f4.a(systick.o)
                0x00000000080022a0                systick_set_reload
 .text.systick_set_clocksource
                0x00000000080022b0       0x18 /home/maddocks/USB-GPIO/i2c-star-stm32f411ceu6-blackpill/libopencm3/lib/libopencm3_stm32f4.a(systick.o)
                0x00000000080022b0                systick_set_clocksource
 .text.systick_interrupt_enable
                0x00000000080022c8       0x10 /home/maddocks/USB-GPIO/i2c-star-stm32f411ceu6-blackpill/libopencm3/lib/libopencm3_stm32f4.a(systick.o)
                0x00000000080022c8                systick_interrupt_enable
 .text.systick_counter_enable
                0x00000000080022d8       0x10 /home/maddocks/USB-GPIO/i2c-star-stm32f411ceu6-blackpill/libopencm3/lib/libopencm3_stm32f4.a(systick.o)
                0x00000000080022d8                systick_counter_enable
 .text.flash_set_ws
                0x00000000080022e8       0x14 /home/maddocks/USB-GPIO/i2c-star-stm32f411ceu6-blackpill/libopencm3/lib/libopencm3_stm32f4.a(flash_common_all.o)
                0x00000000080022e8                flash_set_ws
 .text.flash_dcache_enable
                0x00000000080022fc       0x10 /home/maddocks/USB-GPIO/i2c-star-stm32f411ceu6-blackpill/libopencm3/lib/libopencm3_stm32f4.a(flash_common_idcache.o)
                0x00000000080022fc                flash_dcache_enable
 .text.flash_dcache_disable
                0x000000000800230c       0x10 /home/maddocks/USB-GPIO/i2c-star-stm32f411ceu6-blackpill/libopencm3/lib/libopencm3_stm32f4.a(flash_common_idcache.o)
                0x000000000800230c                flash_dcache_disable
 .text.flash_icache_enable
                0x000000000800231c       0x10 /home/maddocks/USB-GPIO/i2c-star-stm32f411ceu6-blackpill/libopencm3/lib/libopencm3_stm32f4.a(flash_common_idcache.o)
                0x000000000800231c                flash_icache_enable
 .text.flash_icache_disable
                0x000000000800232c       0x10 /home/maddocks/USB-GPIO/i2c-star-stm32f411ceu6-blackpill/libopencm3/lib/libopencm3_stm32f4.a(flash_common_idcache.o)
                0x000000000800232c                flash_icache_disable
 .text.pwr_set_vos_scale
                0x000000000800233c       0x18 /home/maddocks/USB-GPIO/i2c-star-stm32f411ceu6-blackpill/libopencm3/lib/libopencm3_stm32f4.a(pwr.o)
                0x000000000800233c                pwr_set_vos_scale
 .text.dwc_set_address
                0x0000000008002354       0x18 /home/maddocks/USB-GPIO/i2c-star-stm32f411ceu6-blackpill/libopencm3/lib/libopencm3_stm32f4.a(usb_dwc_common.o)
                0x0000000008002354                dwc_set_address
 .text.dwc_ep_setup
                0x000000000800236c      0x12a /home/maddocks/USB-GPIO/i2c-star-stm32f411ceu6-blackpill/libopencm3/lib/libopencm3_stm32f4.a(usb_dwc_common.o)
                0x000000000800236c                dwc_ep_setup
 .text.dwc_endpoints_reset
                0x0000000008002496       0x4c /home/maddocks/USB-GPIO/i2c-star-stm32f411ceu6-blackpill/libopencm3/lib/libopencm3_stm32f4.a(usb_dwc_common.o)
                0x0000000008002496                dwc_endpoints_reset
 .text.dwc_ep_stall_set
                0x00000000080024e2       0x7a /home/maddocks/USB-GPIO/i2c-star-stm32f411ceu6-blackpill/libopencm3/lib/libopencm3_stm32f4.a(usb_dwc_common.o)
                0x00000000080024e2                dwc_ep_stall_set
 .text.dwc_ep_stall_get
                0x000000000800255c       0x1c /home/maddocks/USB-GPIO/i2c-star-stm32f411ceu6-blackpill/libopencm3/lib/libopencm3_stm32f4.a(usb_dwc_common.o)
                0x000000000800255c                dwc_ep_stall_get
 .text.dwc_ep_nak_set
                0x0000000008002578       0x28 /home/maddocks/USB-GPIO/i2c-star-stm32f411ceu6-blackpill/libopencm3/lib/libopencm3_stm32f4.a(usb_dwc_common.o)
                0x0000000008002578                dwc_ep_nak_set
 .text.dwc_ep_write_packet
                0x00000000080025a0       0x4a /home/maddocks/USB-GPIO/i2c-star-stm32f411ceu6-blackpill/libopencm3/lib/libopencm3_stm32f4.a(usb_dwc_common.o)
                0x00000000080025a0                dwc_ep_write_packet
 .text.dwc_ep_read_packet
                0x00000000080025ea       0x74 /home/maddocks/USB-GPIO/i2c-star-stm32f411ceu6-blackpill/libopencm3/lib/libopencm3_stm32f4.a(usb_dwc_common.o)
                0x00000000080025ea                dwc_ep_read_packet
 .text.dwc_poll
                0x000000000800265e      0x1ec /home/maddocks/USB-GPIO/i2c-star-stm32f411ceu6-blackpill/libopencm3/lib/libopencm3_stm32f4.a(usb_dwc_common.o)
                0x000000000800265e                dwc_poll
 .text.dwc_disconnect
                0x000000000800284a       0x1c /home/maddocks/USB-GPIO/i2c-star-stm32f411ceu6-blackpill/libopencm3/lib/libopencm3_stm32f4.a(usb_dwc_common.o)
                0x000000000800284a                dwc_disconnect
 *fill*         0x0000000008002866        0x2 
 .text          0x0000000008002868       0x10 /usr/lib/gcc/arm-none-eabi/9.2.1/../../../arm-none-eabi/lib/thumb/v7e-m+fp/hard/libc.a(lib_a-abort.o)
                0x0000000008002868                abort
 .text          0x0000000008002878       0x44 /usr/lib/gcc/arm-none-eabi/9.2.1/../../../arm-none-eabi/lib/thumb/v7e-m+fp/hard/libc.a(lib_a-fprintf.o)
                0x0000000008002878                _fprintf_r
                0x0000000008002894                fprintf
 .text          0x00000000080028bc      0x564 /usr/lib/gcc/arm-none-eabi/9.2.1/../../../arm-none-eabi/lib/thumb/v7e-m+fp/hard/libc.a(lib_a-mallocr.o)
                0x00000000080028bc                _malloc_r
 .text          0x0000000008002e20      0x134 /usr/lib/gcc/arm-none-eabi/9.2.1/../../../arm-none-eabi/lib/thumb/v7e-m+fp/hard/libc.a(lib_a-memcpy.o)
                0x0000000008002e20                memcpy
 .text          0x0000000008002f54       0xa0 /usr/lib/gcc/arm-none-eabi/9.2.1/../../../arm-none-eabi/lib/thumb/v7e-m+fp/hard/libc.a(lib_a-memset.o)
                0x0000000008002f54                memset
 .text          0x0000000008002ff4        0x8 /usr/lib/gcc/arm-none-eabi/9.2.1/../../../arm-none-eabi/lib/thumb/v7e-m+fp/hard/libc.a(lib_a-mlock.o)
                0x0000000008002ff4                __malloc_lock
                0x0000000008002ff8                __malloc_unlock
 .text          0x0000000008002ffc       0x78 /usr/lib/gcc/arm-none-eabi/9.2.1/../../../arm-none-eabi/lib/thumb/v7e-m+fp/hard/libc.a(lib_a-puts.o)
                0x0000000008002ffc                _puts_r
                0x0000000008003064                puts
 .text          0x0000000008003074       0x24 /usr/lib/gcc/arm-none-eabi/9.2.1/../../../arm-none-eabi/lib/thumb/v7e-m+fp/hard/libc.a(lib_a-sbrkr.o)
                0x0000000008003074                _sbrk_r
 .text          0x0000000008003098      0x15c /usr/lib/gcc/arm-none-eabi/9.2.1/../../../arm-none-eabi/lib/thumb/v7e-m+fp/hard/libc.a(lib_a-signal.o)
                0x00000000080030c0                _init_signal_r
                0x00000000080030cc                _signal_r
                0x0000000008003104                _raise_r
                0x000000000800315c                __sigtramp_r
                0x00000000080031b0                raise
                0x00000000080031c0                signal
                0x00000000080031d0                _init_signal
                0x00000000080031e4                __sigtramp
 .text          0x00000000080031f4       0x2c /usr/lib/gcc/arm-none-eabi/9.2.1/../../../arm-none-eabi/lib/thumb/v7e-m+fp/hard/libc.a(lib_a-signalr.o)
                0x00000000080031f4                _kill_r
                0x000000000800321c                _getpid_r
 *fill*         0x0000000008003220       0x20 
 .text          0x0000000008003240       0xdc /usr/lib/gcc/arm-none-eabi/9.2.1/../../../arm-none-eabi/lib/thumb/v7e-m+fp/hard/libc.a(lib_a-strlen.o)
                0x0000000008003240                strlen
 *fill*         0x000000000800331c        0x4 
 .text          0x0000000008003320     0x1580 /usr/lib/gcc/arm-none-eabi/9.2.1/../../../arm-none-eabi/lib/thumb/v7e-m+fp/hard/libc.a(lib_a-vfprintf.o)
                0x0000000008003320                _vfprintf_r
                0x000000000800481c                vfprintf
 .text          0x00000000080048a0       0xd0 /usr/lib/gcc/arm-none-eabi/9.2.1/../../../arm-none-eabi/lib/thumb/v7e-m+fp/hard/libc.a(lib_a-wsetup.o)
                0x00000000080048a0                __swsetup_r
 .text          0x0000000008004970      0xfc0 /usr/lib/gcc/arm-none-eabi/9.2.1/../../../arm-none-eabi/lib/thumb/v7e-m+fp/hard/libc.a(lib_a-dtoa.o)
                0x0000000008004a94                _dtoa_r
 .text          0x0000000008005930      0x1a4 /usr/lib/gcc/arm-none-eabi/9.2.1/../../../arm-none-eabi/lib/thumb/v7e-m+fp/hard/libc.a(lib_a-fflush.o)
                0x0000000008005930                __sflush_r
                0x0000000008005a7c                _fflush_r
                0x0000000008005ab0                fflush
 .text          0x0000000008005ad4      0x1f4 /usr/lib/gcc/arm-none-eabi/9.2.1/../../../arm-none-eabi/lib/thumb/v7e-m+fp/hard/libc.a(lib_a-findfp.o)
                0x0000000008005ad8                _cleanup_r
                0x0000000008005bbc                __sfmoreglue
                0x0000000008005bec                __sfp
                0x0000000008005c74                _cleanup
                0x0000000008005c88                __sinit
                0x0000000008005c90                __sfp_lock_acquire
                0x0000000008005c94                __sfp_lock_release
                0x0000000008005c98                __sinit_lock_acquire
                0x0000000008005c9c                __sinit_lock_release
                0x0000000008005ca0                __fp_lock_all
                0x0000000008005cb4                __fp_unlock_all
 .text          0x0000000008005cc8      0x294 /usr/lib/gcc/arm-none-eabi/9.2.1/../../../arm-none-eabi/lib/thumb/v7e-m+fp/hard/libc.a(lib_a-freer.o)
                0x0000000008005cc8                _malloc_trim_r
                0x0000000008005d68                _free_r
 .text          0x0000000008005f5c      0x308 /usr/lib/gcc/arm-none-eabi/9.2.1/../../../arm-none-eabi/lib/thumb/v7e-m+fp/hard/libc.a(lib_a-fvwrite.o)
                0x0000000008005f5c                __sfvwrite_r
 .text          0x0000000008006264       0xa0 /usr/lib/gcc/arm-none-eabi/9.2.1/../../../arm-none-eabi/lib/thumb/v7e-m+fp/hard/libc.a(lib_a-fwalk.o)
                0x0000000008006264                _fwalk
                0x00000000080062b0                _fwalk_reent
 .text          0x0000000008006304       0x14 /usr/lib/gcc/arm-none-eabi/9.2.1/../../../arm-none-eabi/lib/thumb/v7e-m+fp/hard/libc.a(lib_a-localeconv.o)
                0x0000000008006304                __localeconv_l
                0x0000000008006308                _localeconv_r
                0x0000000008006310                localeconv
 .text          0x0000000008006318       0xf0 /usr/lib/gcc/arm-none-eabi/9.2.1/../../../arm-none-eabi/lib/thumb/v7e-m+fp/hard/libc.a(lib_a-makebuf.o)
                0x0000000008006318                __swhatbuf_r
                0x0000000008006374                __smakebuf_r
 *fill*         0x0000000008006408        0x8 
 .text          0x0000000008006410       0xa0 /usr/lib/gcc/arm-none-eabi/9.2.1/../../../arm-none-eabi/lib/thumb/v7e-m+fp/hard/libc.a(lib_a-memchr.o)
                0x0000000008006410                memchr
 .text          0x00000000080064b0       0xd0 /usr/lib/gcc/arm-none-eabi/9.2.1/../../../arm-none-eabi/lib/thumb/v7e-m+fp/hard/libc.a(lib_a-memmove.o)
                0x00000000080064b0                memmove
 .text          0x0000000008006580      0x9a8 /usr/lib/gcc/arm-none-eabi/9.2.1/../../../arm-none-eabi/lib/thumb/v7e-m+fp/hard/libc.a(lib_a-mprec.o)
                0x0000000008006580                _Balloc
                0x00000000080065cc                _Bfree
                0x00000000080065e0                __multadd
                0x0000000008006684                __s2b
                0x0000000008006730                __hi0bits
                0x0000000008006770                __lo0bits
                0x00000000080067d0                __i2b
                0x00000000080067fc                __multiply
                0x0000000008006948                __pow5mult
                0x00000000080069e0                __lshift
                0x0000000008006aac                __mcmp
                0x0000000008006ae4                __mdiff
                0x0000000008006c0c                __ulp
                0x0000000008006c5c                __b2d
                0x0000000008006d14                __d2b
                0x0000000008006de8                __ratio
                0x0000000008006e48                _mprec_log10
                0x0000000008006e88                __copybits
                0x0000000008006ed0                __any_on
 .text          0x0000000008006f28      0x36c /usr/lib/gcc/arm-none-eabi/9.2.1/../../../arm-none-eabi/lib/thumb/v7e-m+fp/hard/libc.a(lib_a-reallocr.o)
                0x0000000008006f28                _realloc_r
 .text          0x0000000008007294       0x90 /usr/lib/gcc/arm-none-eabi/9.2.1/../../../arm-none-eabi/lib/thumb/v7e-m+fp/hard/libc.a(lib_a-stdio.o)
                0x0000000008007294                __sread
                0x00000000080072b8                __seofread
                0x00000000080072bc                __swrite
                0x00000000080072fc                __sseek
                0x000000000800731c                __sclose
 .text          0x0000000008007324      0xd00 /usr/lib/gcc/arm-none-eabi/9.2.1/../../../arm-none-eabi/lib/thumb/v7e-m+fp/hard/libc.a(lib_a-vfiprintf.o)
                0x000000000800739c                __sprint_r
                0x00000000080073b0                _vfiprintf_r
                0x0000000008007fa0                vfiprintf
 .text          0x0000000008008024       0x2c /usr/lib/gcc/arm-none-eabi/9.2.1/../../../arm-none-eabi/lib/thumb/v7e-m+fp/hard/libc.a(lib_a-writer.o)
                0x0000000008008024                _write_r
 .text          0x0000000008008050       0x48 /usr/lib/gcc/arm-none-eabi/9.2.1/../../../arm-none-eabi/lib/thumb/v7e-m+fp/hard/libc.a(lib_a-assert.o)
                0x0000000008008050                __assert_func
                0x000000000800808c                __assert
 .text          0x0000000008008098       0x60 /usr/lib/gcc/arm-none-eabi/9.2.1/../../../arm-none-eabi/lib/thumb/v7e-m+fp/hard/libc.a(lib_a-callocr.o)
                0x0000000008008098                _calloc_r
 .text          0x00000000080080f8       0x24 /usr/lib/gcc/arm-none-eabi/9.2.1/../../../arm-none-eabi/lib/thumb/v7e-m+fp/hard/libc.a(lib_a-closer.o)
                0x00000000080080f8                _close_r
 .text          0x000000000800811c       0x98 /usr/lib/gcc/arm-none-eabi/9.2.1/../../../arm-none-eabi/lib/thumb/v7e-m+fp/hard/libc.a(lib_a-fclose.o)
                0x000000000800811c                _fclose_r
                0x00000000080081a4                fclose
 .text          0x00000000080081b4       0x44 /usr/lib/gcc/arm-none-eabi/9.2.1/../../../arm-none-eabi/lib/thumb/v7e-m+fp/hard/libc.a(lib_a-fiprintf.o)
                0x00000000080081b4                _fiprintf_r
                0x00000000080081d0                fiprintf
 .text          0x00000000080081f8      0x110 /usr/lib/gcc/arm-none-eabi/9.2.1/../../../arm-none-eabi/lib/thumb/v7e-m+fp/hard/libc.a(lib_a-fputwc.o)
                0x00000000080081f8                __fputwc
                0x00000000080082a0                _fputwc_r
                0x00000000080082c8                fputwc
 .text          0x0000000008008308       0x28 /usr/lib/gcc/arm-none-eabi/9.2.1/../../../arm-none-eabi/lib/thumb/v7e-m+fp/hard/libc.a(lib_a-fstatr.o)
                0x0000000008008308                _fstat_r
 .text          0x0000000008008330       0x24 /usr/lib/gcc/arm-none-eabi/9.2.1/../../../arm-none-eabi/lib/thumb/v7e-m+fp/hard/libc.a(lib_a-isattyr.o)
                0x0000000008008330                _isatty_r
 .text          0x0000000008008354       0x5c /usr/lib/gcc/arm-none-eabi/9.2.1/../../../arm-none-eabi/lib/thumb/v7e-m+fp/hard/libc.a(lib_a-locale.o)
                0x0000000008008354                _setlocale_r
                0x0000000008008394                __locale_mb_cur_max
                0x00000000080083a0                setlocale
 .text          0x00000000080083b0       0x2c /usr/lib/gcc/arm-none-eabi/9.2.1/../../../arm-none-eabi/lib/thumb/v7e-m+fp/hard/libc.a(lib_a-lseekr.o)
                0x00000000080083b0                _lseek_r
 .text          0x00000000080083dc       0x40 /usr/lib/gcc/arm-none-eabi/9.2.1/../../../arm-none-eabi/lib/thumb/v7e-m+fp/hard/libc.a(lib_a-mbtowc_r.o)
                0x00000000080083dc                _mbtowc_r
                0x00000000080083f0                __ascii_mbtowc
 .text          0x000000000800841c       0x2c /usr/lib/gcc/arm-none-eabi/9.2.1/../../../arm-none-eabi/lib/thumb/v7e-m+fp/hard/libc.a(lib_a-readr.o)
                0x000000000800841c                _read_r
 *fill*         0x0000000008008448       0x18 
 .text          0x0000000008008460      0x2dc /usr/lib/gcc/arm-none-eabi/9.2.1/../../../arm-none-eabi/lib/thumb/v7e-m+fp/hard/libc.a(lib_a-strcmp.o)
                0x0000000008008468                strcmp
 .text          0x000000000800873c       0xc0 /usr/lib/gcc/arm-none-eabi/9.2.1/../../../arm-none-eabi/lib/thumb/v7e-m+fp/hard/libc.a(lib_a-wbuf.o)
                0x000000000800873c                __swbuf_r
                0x00000000080087ec                __swbuf
 .text          0x00000000080087fc       0x7c /usr/lib/gcc/arm-none-eabi/9.2.1/../../../arm-none-eabi/lib/thumb/v7e-m+fp/hard/libc.a(lib_a-wcrtomb.o)
                0x00000000080087fc                _wcrtomb_r
                0x0000000008008830                wcrtomb
 .text          0x0000000008008878       0x30 /usr/lib/gcc/arm-none-eabi/9.2.1/../../../arm-none-eabi/lib/thumb/v7e-m+fp/hard/libc.a(lib_a-wctomb_r.o)
                0x0000000008008878                _wctomb_r
                0x000000000800888c                __ascii_wctomb
 .text          0x00000000080088a8      0x378 /usr/lib/gcc/arm-none-eabi/9.2.1/thumb/v7e-m+fp/hard/libgcc.a(_arm_addsubdf3.o)
                0x00000000080088a8                __aeabi_drsub
                0x00000000080088b0                __aeabi_dsub
                0x00000000080088b0                __subdf3
                0x00000000080088b4                __adddf3
                0x00000000080088b4                __aeabi_dadd
                0x0000000008008b2c                __aeabi_ui2d
                0x0000000008008b2c                __floatunsidf
                0x0000000008008b4c                __floatsidf
                0x0000000008008b4c                __aeabi_i2d
                0x0000000008008b70                __extendsfdf2
                0x0000000008008b70                __aeabi_f2d
                0x0000000008008bb4                __aeabi_ul2d
                0x0000000008008bb4                __floatundidf
                0x0000000008008bc4                __floatdidf
                0x0000000008008bc4                __aeabi_l2d
 .text          0x0000000008008c20      0x424 /usr/lib/gcc/arm-none-eabi/9.2.1/thumb/v7e-m+fp/hard/libgcc.a(_arm_muldivdf3.o)
                0x0000000008008c20                __aeabi_dmul
                0x0000000008008c20                __muldf3
                0x0000000008008e74                __aeabi_ddiv
                0x0000000008008e74                __divdf3
 .text          0x0000000008009044      0x110 /usr/lib/gcc/arm-none-eabi/9.2.1/thumb/v7e-m+fp/hard/libgcc.a(_arm_cmpdf2.o)
                0x0000000008009044                __gtdf2
                0x0000000008009044                __gedf2
                0x000000000800904c                __ltdf2
                0x000000000800904c                __ledf2
                0x0000000008009054                __cmpdf2
                0x0000000008009054                __eqdf2
                0x0000000008009054                __nedf2
                0x00000000080090d0                __aeabi_cdrcmple
                0x00000000080090e0                __aeabi_cdcmple
                0x00000000080090e0                __aeabi_cdcmpeq
                0x00000000080090f0                __aeabi_dcmpeq
                0x0000000008009104                __aeabi_dcmplt
                0x0000000008009118                __aeabi_dcmple
                0x000000000800912c                __aeabi_dcmpge
                0x0000000008009140                __aeabi_dcmpgt
 .text          0x0000000008009154       0x2c /usr/lib/gcc/arm-none-eabi/9.2.1/thumb/v7e-m+fp/hard/libgcc.a(_arm_unorddf2.o)
                0x0000000008009154                __aeabi_dcmpun
                0x0000000008009154                __unorddf2
 .text          0x0000000008009180       0x50 /usr/lib/gcc/arm-none-eabi/9.2.1/thumb/v7e-m+fp/hard/libgcc.a(_arm_fixdfsi.o)
                0x0000000008009180                __fixdfsi
                0x0000000008009180                __aeabi_d2iz
 .text          0x00000000080091d0       0x30 /usr/lib/gcc/arm-none-eabi/9.2.1/thumb/v7e-m+fp/hard/libgcc.a(_aeabi_uldivmod.o)
                0x00000000080091d0                __aeabi_uldivmod
 .text          0x0000000008009200      0x2c4 /usr/lib/gcc/arm-none-eabi/9.2.1/thumb/v7e-m+fp/hard/libgcc.a(_udivmoddi4.o)
                0x0000000008009200                __udivmoddi4
 .text          0x00000000080094c4        0x4 /usr/lib/gcc/arm-none-eabi/9.2.1/thumb/v7e-m+fp/hard/libgcc.a(_dvmd_tls.o)
                0x00000000080094c4                __aeabi_ldiv0
                0x00000000080094c4                __aeabi_idiv0
 .text          0x00000000080094c8       0x10 /usr/lib/gcc/arm-none-eabi/9.2.1/../../../arm-none-eabi/lib/thumb/v7e-m+fp/hard/libnosys.a(close.o)
                0x00000000080094c8                _close
 .text          0x00000000080094d8       0x10 /usr/lib/gcc/arm-none-eabi/9.2.1/../../../arm-none-eabi/lib/thumb/v7e-m+fp/hard/libnosys.a(fstat.o)
                0x00000000080094d8                _fstat
 .text          0x00000000080094e8       0x10 /usr/lib/gcc/arm-none-eabi/9.2.1/../../../arm-none-eabi/lib/thumb/v7e-m+fp/hard/libnosys.a(getpid.o)
                0x00000000080094e8                _getpid
 .text          0x00000000080094f8       0x10 /usr/lib/gcc/arm-none-eabi/9.2.1/../../../arm-none-eabi/lib/thumb/v7e-m+fp/hard/libnosys.a(isatty.o)
                0x00000000080094f8                _isatty
 .text          0x0000000008009508       0x10 /usr/lib/gcc/arm-none-eabi/9.2.1/../../../arm-none-eabi/lib/thumb/v7e-m+fp/hard/libnosys.a(kill.o)
                0x0000000008009508                _kill
 .text          0x0000000008009518       0x10 /usr/lib/gcc/arm-none-eabi/9.2.1/../../../arm-none-eabi/lib/thumb/v7e-m+fp/hard/libnosys.a(lseek.o)
                0x0000000008009518                _lseek
 .text          0x0000000008009528       0x10 /usr/lib/gcc/arm-none-eabi/9.2.1/../../../arm-none-eabi/lib/thumb/v7e-m+fp/hard/libnosys.a(read.o)
                0x0000000008009528                _read
 .text          0x0000000008009538       0x1c /usr/lib/gcc/arm-none-eabi/9.2.1/../../../arm-none-eabi/lib/thumb/v7e-m+fp/hard/libnosys.a(sbrk.o)
                0x0000000008009538                _sbrk
 .text          0x0000000008009554       0x10 /usr/lib/gcc/arm-none-eabi/9.2.1/../../../arm-none-eabi/lib/thumb/v7e-m+fp/hard/libnosys.a(write.o)
                0x0000000008009554                _write
 .text          0x0000000008009564        0x4 /usr/lib/gcc/arm-none-eabi/9.2.1/../../../arm-none-eabi/lib/thumb/v7e-m+fp/hard/libnosys.a(_exit.o)
                0x0000000008009564                _exit
                0x0000000008009568                . = ALIGN (0x4)
 *(.rodata*)
 .rodata.i2c_ctx_is_timed_out.str1.1
                0x0000000008009568       0x1a i2c_ctx.o
 .rodata.str1.1
                0x0000000008009582       0xc2 i2c_ctx.o
 .rodata.i2c_sr1_desc
                0x0000000008009644       0x80 i2c_ctx.o
 .rodata.fregdump_single.str1.1
                0x00000000080096c4       0x1d regdump.o
 .rodata.str1.1
                0x00000000080096e1       0x26 i2c-stm32f4-usb.o
 .rodata.config
                0x0000000008009707        0xd i2c-stm32f4-usb.o
 .rodata.dev    0x0000000008009714       0x12 i2c-stm32f4-usb.o
 .rodata.gpio_endpoint
                0x0000000008009726        0xf i2c-stm32f4-usb.o
                0x0000000008009726                gpio_endpoint
 .rodata.gpio_iface
                0x0000000008009735       0x15 i2c-stm32f4-usb.o
                0x0000000008009735                gpio_iface
 .rodata.i2c_endpoint
                0x000000000800974a        0xf i2c-stm32f4-usb.o
                0x000000000800974a                i2c_endpoint
 .rodata.i2c_iface
                0x0000000008009759       0x15 i2c-stm32f4-usb.o
                0x0000000008009759                i2c_iface
 *fill*         0x000000000800976e        0x2 
 .rodata.ifaces
                0x0000000008009770       0x20 i2c-stm32f4-usb.o
                0x0000000008009770                ifaces
 .rodata.rcc_hse_25mhz_3v3
                0x0000000008009790       0x54 /home/maddocks/USB-GPIO/i2c-star-stm32f411ceu6-blackpill/libopencm3/lib/libopencm3_stm32f4.a(rcc.o)
                0x0000000008009790                rcc_hse_25mhz_3v3
 .rodata.stm32f107_usb_driver
                0x00000000080097e4       0x34 /home/maddocks/USB-GPIO/i2c-star-stm32f411ceu6-blackpill/libopencm3/lib/libopencm3_stm32f4.a(usb_f107.o)
                0x00000000080097e4                stm32f107_usb_driver
 .rodata        0x0000000008009818        0x4 /usr/lib/gcc/arm-none-eabi/9.2.1/../../../arm-none-eabi/lib/thumb/v7e-m+fp/hard/libc.a(lib_a-impure.o)
                0x0000000008009818                _global_impure_ptr
 .rodata.str1.4
                0x000000000800981c        0x2 /usr/lib/gcc/arm-none-eabi/9.2.1/../../../arm-none-eabi/lib/thumb/v7e-m+fp/hard/libc.a(lib_a-puts.o)
 *fill*         0x000000000800981e        0x2 
 .rodata        0x0000000008009820       0x20 /usr/lib/gcc/arm-none-eabi/9.2.1/../../../arm-none-eabi/lib/thumb/v7e-m+fp/hard/libc.a(lib_a-vfprintf.o)
 .rodata.str1.4
                0x0000000008009840       0x42 /usr/lib/gcc/arm-none-eabi/9.2.1/../../../arm-none-eabi/lib/thumb/v7e-m+fp/hard/libc.a(lib_a-vfprintf.o)
 *fill*         0x0000000008009882        0x2 
 .rodata.str1.4
                0x0000000008009884       0x56 /usr/lib/gcc/arm-none-eabi/9.2.1/../../../arm-none-eabi/lib/thumb/v7e-m+fp/hard/libc.a(lib_a-dtoa.o)
                                         0x5a (size before relaxing)
 *fill*         0x00000000080098da        0x6 
 .rodata        0x00000000080098e0      0x128 /usr/lib/gcc/arm-none-eabi/9.2.1/../../../arm-none-eabi/lib/thumb/v7e-m+fp/hard/libc.a(lib_a-mprec.o)
                0x00000000080098f0                __mprec_tens
                0x00000000080099b8                __mprec_tinytens
                0x00000000080099e0                __mprec_bigtens
 .rodata.str1.4
                0x0000000008009a08       0x33 /usr/lib/gcc/arm-none-eabi/9.2.1/../../../arm-none-eabi/lib/thumb/v7e-m+fp/hard/libc.a(lib_a-mprec.o)
                                         0x47 (size before relaxing)
 *fill*         0x0000000008009a3b        0x1 
 .rodata        0x0000000008009a3c       0x20 /usr/lib/gcc/arm-none-eabi/9.2.1/../../../arm-none-eabi/lib/thumb/v7e-m+fp/hard/libc.a(lib_a-vfiprintf.o)
 .rodata.str1.4
                0x0000000008009a5c       0x2f /usr/lib/gcc/arm-none-eabi/9.2.1/../../../arm-none-eabi/lib/thumb/v7e-m+fp/hard/libc.a(lib_a-vfiprintf.o)
 .rodata.str1.4
                0x0000000008009a5c       0x3f /usr/lib/gcc/arm-none-eabi/9.2.1/../../../arm-none-eabi/lib/thumb/v7e-m+fp/hard/libc.a(lib_a-assert.o)
                                         0x43 (size before relaxing)
 *fill*         0x0000000008009a9b        0x1 
 .rodata.str1.4
                0x0000000008009a9c        0xe /usr/lib/gcc/arm-none-eabi/9.2.1/../../../arm-none-eabi/lib/thumb/v7e-m+fp/hard/libc.a(lib_a-locale.o)
                                         0x12 (size before relaxing)
 *fill*         0x0000000008009aaa        0x2 
 .rodata        0x0000000008009aac      0x101 /usr/lib/gcc/arm-none-eabi/9.2.1/../../../arm-none-eabi/lib/thumb/v7e-m+fp/hard/libc.a(lib_a-ctype_.o)
                0x0000000008009aac                _ctype_
                0x0000000008009bb0                . = ALIGN (0x4)
 *fill*         0x0000000008009bad        0x3 

.glue_7         0x0000000008009bb0        0x0
 .glue_7        0x0000000008009bb0        0x0 linker stubs

.glue_7t        0x0000000008009bb0        0x0
 .glue_7t       0x0000000008009bb0        0x0 linker stubs

.vfp11_veneer   0x0000000008009bb0        0x0
 .vfp11_veneer  0x0000000008009bb0        0x0 linker stubs

.v4_bx          0x0000000008009bb0        0x0
 .v4_bx         0x0000000008009bb0        0x0 linker stubs

.iplt           0x0000000008009bb0        0x0
 .iplt          0x0000000008009bb0        0x0 pwm.o

.preinit_array  0x0000000008009bb0        0x0
                0x0000000008009bb0                . = ALIGN (0x4)
                0x0000000008009bb0                __preinit_array_start = .
 *(.preinit_array)
                0x0000000008009bb0                __preinit_array_end = .

.init_array     0x0000000008009bb0        0x0
                0x0000000008009bb0                . = ALIGN (0x4)
                0x0000000008009bb0                __init_array_start = .
 *(SORT_BY_NAME(.init_array.*))
 *(.init_array)
                0x0000000008009bb0                __init_array_end = .

.fini_array     0x0000000008009bb0        0x0
                0x0000000008009bb0                . = ALIGN (0x4)
                0x0000000008009bb0                __fini_array_start = .
 *(.fini_array)
 *(SORT_BY_NAME(.fini_array.*))
                0x0000000008009bb0                __fini_array_end = .

.ARM.extab
 *(.ARM.extab*)

.ARM.exidx      0x0000000008009bb0        0x8
                0x0000000008009bb0                __exidx_start = .
 *(.ARM.exidx*)
 .ARM.exidx     0x0000000008009bb0        0x8 /usr/lib/gcc/arm-none-eabi/9.2.1/thumb/v7e-m+fp/hard/libgcc.a(_udivmoddi4.o)
                0x0000000008009bb8                __exidx_end = .

.rel.dyn        0x0000000008009bb8        0x0
 .rel.iplt      0x0000000008009bb8        0x0 pwm.o
                0x0000000008009bb8                . = ALIGN (0x4)
                0x0000000008009bb8                _etext = .

.data           0x0000000020000000      0xa04 load address 0x0000000008009bb8
                0x0000000020000000                _data = .
 *(.data*)
 .data.kernel   0x0000000020000000       0x34 fibre.o
 .data.usb_strings
                0x0000000020000034        0x8 i2c-stm32f4-usb.o
 .data.usb_task
                0x000000002000003c       0x10 i2c-stm32f4-usb.o
 .data.rcc_ahb_frequency
                0x000000002000004c        0x4 /home/maddocks/USB-GPIO/i2c-star-stm32f411ceu6-blackpill/libopencm3/lib/libopencm3_stm32f4.a(rcc.o)
                0x000000002000004c                rcc_ahb_frequency
 .data.rcc_apb1_frequency
                0x0000000020000050        0x4 /home/maddocks/USB-GPIO/i2c-star-stm32f411ceu6-blackpill/libopencm3/lib/libopencm3_stm32f4.a(rcc.o)
                0x0000000020000050                rcc_apb1_frequency
 .data.rcc_apb2_frequency
                0x0000000020000054        0x4 /home/maddocks/USB-GPIO/i2c-star-stm32f411ceu6-blackpill/libopencm3/lib/libopencm3_stm32f4.a(rcc.o)
                0x0000000020000054                rcc_apb2_frequency
 .data          0x0000000020000058      0x430 /usr/lib/gcc/arm-none-eabi/9.2.1/../../../arm-none-eabi/lib/thumb/v7e-m+fp/hard/libc.a(lib_a-impure.o)
                0x0000000020000058                _impure_ptr
 .data          0x0000000020000488      0x410 /usr/lib/gcc/arm-none-eabi/9.2.1/../../../arm-none-eabi/lib/thumb/v7e-m+fp/hard/libc.a(lib_a-mallocr.o)
                0x0000000020000488                __malloc_av_
                0x0000000020000890                __malloc_sbrk_base
                0x0000000020000894                __malloc_trim_threshold
 .data          0x0000000020000898      0x16c /usr/lib/gcc/arm-none-eabi/9.2.1/../../../arm-none-eabi/lib/thumb/v7e-m+fp/hard/libc.a(lib_a-locale.o)
                0x0000000020000898                __global_locale
                0x0000000020000a04                . = ALIGN (0x4)
                0x0000000020000a04                _edata = .
                0x0000000008009bb8                _data_loadaddr = LOADADDR (.data)

.igot.plt       0x0000000020000a04        0x0 load address 0x000000000800a5bc
 .igot.plt      0x0000000020000a04        0x0 pwm.o

.bss            0x0000000020000a08      0x230 load address 0x000000000800a5bc
 *(.bss*)
 .bss.current_timer_cnt_period
                0x0000000020000a08        0x4 pwm.o
 .bss.atomic_runq_buf
                0x0000000020000a0c       0x20 fibre.o
 *fill*         0x0000000020000a2c        0x4 
 .bss.sys_tick_counter
                0x0000000020000a30        0x8 time_libopencm3.o
 .bss.reply_buf.8517
                0x0000000020000a38       0x40 i2c-stm32f4-usb.o
 .bss.status    0x0000000020000a78        0x1 i2c-stm32f4-usb.o
 .bss.usbd_control_buffer
                0x0000000020000a79       0x80 i2c-stm32f4-usb.o
                0x0000000020000a79                usbd_control_buffer
 *fill*         0x0000000020000af9        0x3 
 .bss.usbd_dev  0x0000000020000afc        0x4 i2c-stm32f4-usb.o
 .bss.usbd_dev  0x0000000020000b00       0xfc /home/maddocks/USB-GPIO/i2c-star-stm32f411ceu6-blackpill/libopencm3/lib/libopencm3_stm32f4.a(usb_f107.o)
 .bss           0x0000000020000bfc       0x34 /usr/lib/gcc/arm-none-eabi/9.2.1/../../../arm-none-eabi/lib/thumb/v7e-m+fp/hard/libc.a(lib_a-mallocr.o)
                0x0000000020000bfc                __malloc_top_pad
                0x0000000020000c00                __malloc_current_mallinfo
                0x0000000020000c28                __malloc_max_sbrked_mem
                0x0000000020000c2c                __malloc_max_total_mem
 .bss           0x0000000020000c30        0x4 /usr/lib/gcc/arm-none-eabi/9.2.1/../../../arm-none-eabi/lib/thumb/v7e-m+fp/hard/libnosys.a(sbrk.o)
 *(COMMON)
 COMMON         0x0000000020000c34        0x4 /usr/lib/gcc/arm-none-eabi/9.2.1/../../../arm-none-eabi/lib/thumb/v7e-m+fp/hard/libc.a(lib_a-reent.o)
                0x0000000020000c34                errno
                0x0000000020000c38                . = ALIGN (0x4)
                0x0000000020000c38                _ebss = .

/DISCARD/
 *(.eh_frame)
                0x0000000020000c38                . = ALIGN (0x4)
                0x0000000020000c38                end = .
                0x0000000020020000                PROVIDE (_stack = (ORIGIN (ram) + LENGTH (ram)))
OUTPUT(i2c-stm32f4-usb.elf elf32-littlearm)
LOAD linker stubs

.debug_info     0x0000000000000000    0x433bf
 .debug_info    0x0000000000000000      0xf89 pwm.o
 .debug_info    0x0000000000000f89     0x1a1b i2c_ctx.o
 .debug_info    0x00000000000029a4      0x235 bitops.o
 .debug_info    0x0000000000002bd9     0x152b fibre.o
 .debug_info    0x0000000000004104       0xd0 fibre_default.o
 .debug_info    0x00000000000041d4      0xdf4 list.o
 .debug_info    0x0000000000004fc8      0xc43 messageq.o
 .debug_info    0x0000000000005c0b      0xbb1 regdump.o
 .debug_info    0x00000000000067bc      0x155 time_libopencm3.o
 .debug_info    0x0000000000006911      0xb15 util.o
 .debug_info    0x0000000000007426     0x2729 i2c-stm32f4-usb.o
 .debug_info    0x0000000000009b4f      0x24e /home/maddocks/USB-GPIO/i2c-star-stm32f411ceu6-blackpill/libopencm3/lib/libopencm3_stm32f4.a(gpio_common_all.o)
 .debug_info    0x0000000000009d9d      0x20f /home/maddocks/USB-GPIO/i2c-star-stm32f411ceu6-blackpill/libopencm3/lib/libopencm3_stm32f4.a(gpio_common_f0234.o)
 .debug_info    0x0000000000009fac      0xdfb /home/maddocks/USB-GPIO/i2c-star-stm32f411ceu6-blackpill/libopencm3/lib/libopencm3_stm32f4.a(i2c_common_v1.o)
 .debug_info    0x000000000000ada7      0xa92 /home/maddocks/USB-GPIO/i2c-star-stm32f411ceu6-blackpill/libopencm3/lib/libopencm3_stm32f4.a(rcc_common_all.o)
 .debug_info    0x000000000000b839     0x1026 /home/maddocks/USB-GPIO/i2c-star-stm32f411ceu6-blackpill/libopencm3/lib/libopencm3_stm32f4.a(rcc.o)
 .debug_info    0x000000000000c85f     0x128b /home/maddocks/USB-GPIO/i2c-star-stm32f411ceu6-blackpill/libopencm3/lib/libopencm3_stm32f4.a(timer_common_all.o)
 .debug_info    0x000000000000daea     0x17c9 /home/maddocks/USB-GPIO/i2c-star-stm32f411ceu6-blackpill/libopencm3/lib/libopencm3_stm32f4.a(usb.o)
 .debug_info    0x000000000000f2b3     0x1f8e /home/maddocks/USB-GPIO/i2c-star-stm32f411ceu6-blackpill/libopencm3/lib/libopencm3_stm32f4.a(usb_standard.o)
 .debug_info    0x0000000000011241     0x18ec /home/maddocks/USB-GPIO/i2c-star-stm32f411ceu6-blackpill/libopencm3/lib/libopencm3_stm32f4.a(usb_control.o)
 .debug_info    0x0000000000012b2d     0x18d3 /home/maddocks/USB-GPIO/i2c-star-stm32f411ceu6-blackpill/libopencm3/lib/libopencm3_stm32f4.a(usb_f107.o)
 .debug_info    0x0000000000014400      0x2e6 /home/maddocks/USB-GPIO/i2c-star-stm32f411ceu6-blackpill/libopencm3/lib/libopencm3_stm32f4.a(vector.o)
 .debug_info    0x00000000000146e6      0x268 /home/maddocks/USB-GPIO/i2c-star-stm32f411ceu6-blackpill/libopencm3/lib/libopencm3_stm32f4.a(systick.o)
 .debug_info    0x000000000001494e       0xf0 /home/maddocks/USB-GPIO/i2c-star-stm32f411ceu6-blackpill/libopencm3/lib/libopencm3_stm32f4.a(flash_common_all.o)
 .debug_info    0x0000000000014a3e       0xe8 /home/maddocks/USB-GPIO/i2c-star-stm32f411ceu6-blackpill/libopencm3/lib/libopencm3_stm32f4.a(flash_common_idcache.o)
 .debug_info    0x0000000000014b26       0xdc /home/maddocks/USB-GPIO/i2c-star-stm32f411ceu6-blackpill/libopencm3/lib/libopencm3_stm32f4.a(pwr.o)
 .debug_info    0x0000000000014c02     0x17f0 /home/maddocks/USB-GPIO/i2c-star-stm32f411ceu6-blackpill/libopencm3/lib/libopencm3_stm32f4.a(usb_dwc_common.o)
 .debug_info    0x00000000000163f2      0x9b5 /usr/lib/gcc/arm-none-eabi/9.2.1/../../../arm-none-eabi/lib/thumb/v7e-m+fp/hard/libc.a(lib_a-abort.o)
 .debug_info    0x0000000000016da7      0xa7a /usr/lib/gcc/arm-none-eabi/9.2.1/../../../arm-none-eabi/lib/thumb/v7e-m+fp/hard/libc.a(lib_a-fprintf.o)
 .debug_info    0x0000000000017821      0x92a /usr/lib/gcc/arm-none-eabi/9.2.1/../../../arm-none-eabi/lib/thumb/v7e-m+fp/hard/libc.a(lib_a-impure.o)
 .debug_info    0x000000000001814b      0xf41 /usr/lib/gcc/arm-none-eabi/9.2.1/../../../arm-none-eabi/lib/thumb/v7e-m+fp/hard/libc.a(lib_a-mallocr.o)
 .debug_info    0x000000000001908c       0x26 /usr/lib/gcc/arm-none-eabi/9.2.1/../../../arm-none-eabi/lib/thumb/v7e-m+fp/hard/libc.a(lib_a-memcpy.o)
 .debug_info    0x00000000000190b2      0xf21 /usr/lib/gcc/arm-none-eabi/9.2.1/../../../arm-none-eabi/lib/thumb/v7e-m+fp/hard/libc.a(lib_a-memset.o)
 .debug_info    0x0000000000019fd3      0x961 /usr/lib/gcc/arm-none-eabi/9.2.1/../../../arm-none-eabi/lib/thumb/v7e-m+fp/hard/libc.a(lib_a-mlock.o)
 .debug_info    0x000000000001a934      0xce5 /usr/lib/gcc/arm-none-eabi/9.2.1/../../../arm-none-eabi/lib/thumb/v7e-m+fp/hard/libc.a(lib_a-puts.o)
 .debug_info    0x000000000001b619      0x9fb /usr/lib/gcc/arm-none-eabi/9.2.1/../../../arm-none-eabi/lib/thumb/v7e-m+fp/hard/libc.a(lib_a-sbrkr.o)
 .debug_info    0x000000000001c014      0xd5c /usr/lib/gcc/arm-none-eabi/9.2.1/../../../arm-none-eabi/lib/thumb/v7e-m+fp/hard/libc.a(lib_a-signal.o)
 .debug_info    0x000000000001cd70      0xa44 /usr/lib/gcc/arm-none-eabi/9.2.1/../../../arm-none-eabi/lib/thumb/v7e-m+fp/hard/libc.a(lib_a-signalr.o)
 .debug_info    0x000000000001d7b4       0x26 /usr/lib/gcc/arm-none-eabi/9.2.1/../../../arm-none-eabi/lib/thumb/v7e-m+fp/hard/libc.a(lib_a-strlen.o)
 .debug_info    0x000000000001d7da     0x209a /usr/lib/gcc/arm-none-eabi/9.2.1/../../../arm-none-eabi/lib/thumb/v7e-m+fp/hard/libc.a(lib_a-vfprintf.o)
 .debug_info    0x000000000001f874      0xbf3 /usr/lib/gcc/arm-none-eabi/9.2.1/../../../arm-none-eabi/lib/thumb/v7e-m+fp/hard/libc.a(lib_a-wsetup.o)
 .debug_info    0x0000000000020467     0x1acf /usr/lib/gcc/arm-none-eabi/9.2.1/../../../arm-none-eabi/lib/thumb/v7e-m+fp/hard/libc.a(lib_a-dtoa.o)
 .debug_info    0x0000000000021f36      0xd73 /usr/lib/gcc/arm-none-eabi/9.2.1/../../../arm-none-eabi/lib/thumb/v7e-m+fp/hard/libc.a(lib_a-fflush.o)
 .debug_info    0x0000000000022ca9     0x1143 /usr/lib/gcc/arm-none-eabi/9.2.1/../../../arm-none-eabi/lib/thumb/v7e-m+fp/hard/libc.a(lib_a-findfp.o)
 .debug_info    0x0000000000023dec      0xdc4 /usr/lib/gcc/arm-none-eabi/9.2.1/../../../arm-none-eabi/lib/thumb/v7e-m+fp/hard/libc.a(lib_a-freer.o)
 .debug_info    0x0000000000024bb0      0xeed /usr/lib/gcc/arm-none-eabi/9.2.1/../../../arm-none-eabi/lib/thumb/v7e-m+fp/hard/libc.a(lib_a-fvwrite.o)
 .debug_info    0x0000000000025a9d      0xca4 /usr/lib/gcc/arm-none-eabi/9.2.1/../../../arm-none-eabi/lib/thumb/v7e-m+fp/hard/libc.a(lib_a-fwalk.o)
 .debug_info    0x0000000000026741      0xf49 /usr/lib/gcc/arm-none-eabi/9.2.1/../../../arm-none-eabi/lib/thumb/v7e-m+fp/hard/libc.a(lib_a-localeconv.o)
 .debug_info    0x000000000002768a      0xf69 /usr/lib/gcc/arm-none-eabi/9.2.1/../../../arm-none-eabi/lib/thumb/v7e-m+fp/hard/libc.a(lib_a-makebuf.o)
 .debug_info    0x00000000000285f3       0x26 /usr/lib/gcc/arm-none-eabi/9.2.1/../../../arm-none-eabi/lib/thumb/v7e-m+fp/hard/libc.a(lib_a-memchr.o)
 .debug_info    0x0000000000028619      0xf2b /usr/lib/gcc/arm-none-eabi/9.2.1/../../../arm-none-eabi/lib/thumb/v7e-m+fp/hard/libc.a(lib_a-memmove.o)
 .debug_info    0x0000000000029544     0x228d /usr/lib/gcc/arm-none-eabi/9.2.1/../../../arm-none-eabi/lib/thumb/v7e-m+fp/hard/libc.a(lib_a-mprec.o)
 .debug_info    0x000000000002b7d1      0xefd /usr/lib/gcc/arm-none-eabi/9.2.1/../../../arm-none-eabi/lib/thumb/v7e-m+fp/hard/libc.a(lib_a-reallocr.o)
 .debug_info    0x000000000002c6ce      0xac5 /usr/lib/gcc/arm-none-eabi/9.2.1/../../../arm-none-eabi/lib/thumb/v7e-m+fp/hard/libc.a(lib_a-reent.o)
 .debug_info    0x000000000002d193      0xe67 /usr/lib/gcc/arm-none-eabi/9.2.1/../../../arm-none-eabi/lib/thumb/v7e-m+fp/hard/libc.a(lib_a-stdio.o)
 .debug_info    0x000000000002dffa     0x1eb6 /usr/lib/gcc/arm-none-eabi/9.2.1/../../../arm-none-eabi/lib/thumb/v7e-m+fp/hard/libc.a(lib_a-vfiprintf.o)
 .debug_info    0x000000000002feb0      0xa2c /usr/lib/gcc/arm-none-eabi/9.2.1/../../../arm-none-eabi/lib/thumb/v7e-m+fp/hard/libc.a(lib_a-writer.o)
 .debug_info    0x00000000000308dc      0xa41 /usr/lib/gcc/arm-none-eabi/9.2.1/../../../arm-none-eabi/lib/thumb/v7e-m+fp/hard/libc.a(lib_a-assert.o)
 .debug_info    0x000000000003131d      0xc2f /usr/lib/gcc/arm-none-eabi/9.2.1/../../../arm-none-eabi/lib/thumb/v7e-m+fp/hard/libc.a(lib_a-callocr.o)
 .debug_info    0x0000000000031f4c      0x9d8 /usr/lib/gcc/arm-none-eabi/9.2.1/../../../arm-none-eabi/lib/thumb/v7e-m+fp/hard/libc.a(lib_a-closer.o)
 .debug_info    0x0000000000032924      0xcd5 /usr/lib/gcc/arm-none-eabi/9.2.1/../../../arm-none-eabi/lib/thumb/v7e-m+fp/hard/libc.a(lib_a-fclose.o)
 .debug_info    0x00000000000335f9      0xa71 /usr/lib/gcc/arm-none-eabi/9.2.1/../../../arm-none-eabi/lib/thumb/v7e-m+fp/hard/libc.a(lib_a-fiprintf.o)
 .debug_info    0x000000000003406a      0xe4a /usr/lib/gcc/arm-none-eabi/9.2.1/../../../arm-none-eabi/lib/thumb/v7e-m+fp/hard/libc.a(lib_a-fputwc.o)
 .debug_info    0x0000000000034eb4      0xc24 /usr/lib/gcc/arm-none-eabi/9.2.1/../../../arm-none-eabi/lib/thumb/v7e-m+fp/hard/libc.a(lib_a-fstatr.o)
 .debug_info    0x0000000000035ad8      0x9d8 /usr/lib/gcc/arm-none-eabi/9.2.1/../../../arm-none-eabi/lib/thumb/v7e-m+fp/hard/libc.a(lib_a-isattyr.o)
 .debug_info    0x00000000000364b0     0x10ca /usr/lib/gcc/arm-none-eabi/9.2.1/../../../arm-none-eabi/lib/thumb/v7e-m+fp/hard/libc.a(lib_a-locale.o)
 .debug_info    0x000000000003757a      0xa0d /usr/lib/gcc/arm-none-eabi/9.2.1/../../../arm-none-eabi/lib/thumb/v7e-m+fp/hard/libc.a(lib_a-lseekr.o)
 .debug_info    0x0000000000037f87     0x1044 /usr/lib/gcc/arm-none-eabi/9.2.1/../../../arm-none-eabi/lib/thumb/v7e-m+fp/hard/libc.a(lib_a-mbtowc_r.o)
 .debug_info    0x0000000000038fcb      0xa25 /usr/lib/gcc/arm-none-eabi/9.2.1/../../../arm-none-eabi/lib/thumb/v7e-m+fp/hard/libc.a(lib_a-readr.o)
 .debug_info    0x00000000000399f0       0x26 /usr/lib/gcc/arm-none-eabi/9.2.1/../../../arm-none-eabi/lib/thumb/v7e-m+fp/hard/libc.a(lib_a-strcmp.o)
 .debug_info    0x0000000000039a16      0xc90 /usr/lib/gcc/arm-none-eabi/9.2.1/../../../arm-none-eabi/lib/thumb/v7e-m+fp/hard/libc.a(lib_a-wbuf.o)
 .debug_info    0x000000000003a6a6     0x10b3 /usr/lib/gcc/arm-none-eabi/9.2.1/../../../arm-none-eabi/lib/thumb/v7e-m+fp/hard/libc.a(lib_a-wcrtomb.o)
 .debug_info    0x000000000003b759      0xffd /usr/lib/gcc/arm-none-eabi/9.2.1/../../../arm-none-eabi/lib/thumb/v7e-m+fp/hard/libc.a(lib_a-wctomb_r.o)
 .debug_info    0x000000000003c756      0xe91 /usr/lib/gcc/arm-none-eabi/9.2.1/../../../arm-none-eabi/lib/thumb/v7e-m+fp/hard/libc.a(lib_a-ctype_.o)
 .debug_info    0x000000000003d5e7       0x26 /usr/lib/gcc/arm-none-eabi/9.2.1/thumb/v7e-m+fp/hard/libgcc.a(_arm_addsubdf3.o)
 .debug_info    0x000000000003d60d       0x26 /usr/lib/gcc/arm-none-eabi/9.2.1/thumb/v7e-m+fp/hard/libgcc.a(_arm_muldivdf3.o)
 .debug_info    0x000000000003d633       0x26 /usr/lib/gcc/arm-none-eabi/9.2.1/thumb/v7e-m+fp/hard/libgcc.a(_arm_cmpdf2.o)
 .debug_info    0x000000000003d659       0x26 /usr/lib/gcc/arm-none-eabi/9.2.1/thumb/v7e-m+fp/hard/libgcc.a(_arm_unorddf2.o)
 .debug_info    0x000000000003d67f       0x26 /usr/lib/gcc/arm-none-eabi/9.2.1/thumb/v7e-m+fp/hard/libgcc.a(_arm_fixdfsi.o)
 .debug_info    0x000000000003d6a5       0x26 /usr/lib/gcc/arm-none-eabi/9.2.1/thumb/v7e-m+fp/hard/libgcc.a(_aeabi_uldivmod.o)
 .debug_info    0x000000000003d6cb      0xd7c /usr/lib/gcc/arm-none-eabi/9.2.1/thumb/v7e-m+fp/hard/libgcc.a(_udivmoddi4.o)
 .debug_info    0x000000000003e447       0x26 /usr/lib/gcc/arm-none-eabi/9.2.1/thumb/v7e-m+fp/hard/libgcc.a(_dvmd_tls.o)
 .debug_info    0x000000000003e46d      0x96e /usr/lib/gcc/arm-none-eabi/9.2.1/../../../arm-none-eabi/lib/thumb/v7e-m+fp/hard/libnosys.a(close.o)
 .debug_info    0x000000000003eddb      0xbb1 /usr/lib/gcc/arm-none-eabi/9.2.1/../../../arm-none-eabi/lib/thumb/v7e-m+fp/hard/libnosys.a(fstat.o)
 .debug_info    0x000000000003f98c      0x959 /usr/lib/gcc/arm-none-eabi/9.2.1/../../../arm-none-eabi/lib/thumb/v7e-m+fp/hard/libnosys.a(getpid.o)
 .debug_info    0x00000000000402e5      0x96e /usr/lib/gcc/arm-none-eabi/9.2.1/../../../arm-none-eabi/lib/thumb/v7e-m+fp/hard/libnosys.a(isatty.o)
 .debug_info    0x0000000000040c53      0x97c /usr/lib/gcc/arm-none-eabi/9.2.1/../../../arm-none-eabi/lib/thumb/v7e-m+fp/hard/libnosys.a(kill.o)
 .debug_info    0x00000000000415cf      0x990 /usr/lib/gcc/arm-none-eabi/9.2.1/../../../arm-none-eabi/lib/thumb/v7e-m+fp/hard/libnosys.a(lseek.o)
 .debug_info    0x0000000000041f5f      0x990 /usr/lib/gcc/arm-none-eabi/9.2.1/../../../arm-none-eabi/lib/thumb/v7e-m+fp/hard/libnosys.a(read.o)
 .debug_info    0x00000000000428ef       0x9d /usr/lib/gcc/arm-none-eabi/9.2.1/../../../arm-none-eabi/lib/thumb/v7e-m+fp/hard/libnosys.a(sbrk.o)
 .debug_info    0x000000000004298c      0x990 /usr/lib/gcc/arm-none-eabi/9.2.1/../../../arm-none-eabi/lib/thumb/v7e-m+fp/hard/libnosys.a(write.o)
 .debug_info    0x000000000004331c       0xa3 /usr/lib/gcc/arm-none-eabi/9.2.1/../../../arm-none-eabi/lib/thumb/v7e-m+fp/hard/libnosys.a(_exit.o)

.debug_abbrev   0x0000000000000000     0xc6cc
 .debug_abbrev  0x0000000000000000      0x181 pwm.o
 .debug_abbrev  0x0000000000000181      0x44b i2c_ctx.o
 .debug_abbrev  0x00000000000005cc       0xde bitops.o
 .debug_abbrev  0x00000000000006aa      0x402 fibre.o
 .debug_abbrev  0x0000000000000aac       0x64 fibre_default.o
 .debug_abbrev  0x0000000000000b10      0x2db list.o
 .debug_abbrev  0x0000000000000deb      0x276 messageq.o
 .debug_abbrev  0x0000000000001061      0x29e regdump.o
 .debug_abbrev  0x00000000000012ff       0xe1 time_libopencm3.o
 .debug_abbrev  0x00000000000013e0      0x2a6 util.o
 .debug_abbrev  0x0000000000001686      0x4e7 i2c-stm32f4-usb.o
 .debug_abbrev  0x0000000000001b6d      0x116 /home/maddocks/USB-GPIO/i2c-star-stm32f411ceu6-blackpill/libopencm3/lib/libopencm3_stm32f4.a(gpio_common_all.o)
 .debug_abbrev  0x0000000000001c83       0xbf /home/maddocks/USB-GPIO/i2c-star-stm32f411ceu6-blackpill/libopencm3/lib/libopencm3_stm32f4.a(gpio_common_f0234.o)
 .debug_abbrev  0x0000000000001d42      0x356 /home/maddocks/USB-GPIO/i2c-star-stm32f411ceu6-blackpill/libopencm3/lib/libopencm3_stm32f4.a(i2c_common_v1.o)
 .debug_abbrev  0x0000000000002098      0x1a8 /home/maddocks/USB-GPIO/i2c-star-stm32f411ceu6-blackpill/libopencm3/lib/libopencm3_stm32f4.a(rcc_common_all.o)
 .debug_abbrev  0x0000000000002240      0x2c1 /home/maddocks/USB-GPIO/i2c-star-stm32f411ceu6-blackpill/libopencm3/lib/libopencm3_stm32f4.a(rcc.o)
 .debug_abbrev  0x0000000000002501      0x204 /home/maddocks/USB-GPIO/i2c-star-stm32f411ceu6-blackpill/libopencm3/lib/libopencm3_stm32f4.a(timer_common_all.o)
 .debug_abbrev  0x0000000000002705      0x333 /home/maddocks/USB-GPIO/i2c-star-stm32f411ceu6-blackpill/libopencm3/lib/libopencm3_stm32f4.a(usb.o)
 .debug_abbrev  0x0000000000002a38      0x5a4 /home/maddocks/USB-GPIO/i2c-star-stm32f411ceu6-blackpill/libopencm3/lib/libopencm3_stm32f4.a(usb_standard.o)
 .debug_abbrev  0x0000000000002fdc      0x477 /home/maddocks/USB-GPIO/i2c-star-stm32f411ceu6-blackpill/libopencm3/lib/libopencm3_stm32f4.a(usb_control.o)
 .debug_abbrev  0x0000000000003453      0x2b7 /home/maddocks/USB-GPIO/i2c-star-stm32f411ceu6-blackpill/libopencm3/lib/libopencm3_stm32f4.a(usb_f107.o)
 .debug_abbrev  0x000000000000370a      0x15b /home/maddocks/USB-GPIO/i2c-star-stm32f411ceu6-blackpill/libopencm3/lib/libopencm3_stm32f4.a(vector.o)
 .debug_abbrev  0x0000000000003865      0x155 /home/maddocks/USB-GPIO/i2c-star-stm32f411ceu6-blackpill/libopencm3/lib/libopencm3_stm32f4.a(systick.o)
 .debug_abbrev  0x00000000000039ba       0x9a /home/maddocks/USB-GPIO/i2c-star-stm32f411ceu6-blackpill/libopencm3/lib/libopencm3_stm32f4.a(flash_common_all.o)
 .debug_abbrev  0x0000000000003a54       0x56 /home/maddocks/USB-GPIO/i2c-star-stm32f411ceu6-blackpill/libopencm3/lib/libopencm3_stm32f4.a(flash_common_idcache.o)
 .debug_abbrev  0x0000000000003aaa       0x9c /home/maddocks/USB-GPIO/i2c-star-stm32f411ceu6-blackpill/libopencm3/lib/libopencm3_stm32f4.a(pwr.o)
 .debug_abbrev  0x0000000000003b46      0x449 /home/maddocks/USB-GPIO/i2c-star-stm32f411ceu6-blackpill/libopencm3/lib/libopencm3_stm32f4.a(usb_dwc_common.o)
 .debug_abbrev  0x0000000000003f8f      0x20b /usr/lib/gcc/arm-none-eabi/9.2.1/../../../arm-none-eabi/lib/thumb/v7e-m+fp/hard/libc.a(lib_a-abort.o)
 .debug_abbrev  0x000000000000419a      0x27a /usr/lib/gcc/arm-none-eabi/9.2.1/../../../arm-none-eabi/lib/thumb/v7e-m+fp/hard/libc.a(lib_a-fprintf.o)
 .debug_abbrev  0x0000000000004414      0x1b8 /usr/lib/gcc/arm-none-eabi/9.2.1/../../../arm-none-eabi/lib/thumb/v7e-m+fp/hard/libc.a(lib_a-impure.o)
 .debug_abbrev  0x00000000000045cc      0x321 /usr/lib/gcc/arm-none-eabi/9.2.1/../../../arm-none-eabi/lib/thumb/v7e-m+fp/hard/libc.a(lib_a-mallocr.o)
 .debug_abbrev  0x00000000000048ed       0x14 /usr/lib/gcc/arm-none-eabi/9.2.1/../../../arm-none-eabi/lib/thumb/v7e-m+fp/hard/libc.a(lib_a-memcpy.o)
 .debug_abbrev  0x0000000000004901      0x217 /usr/lib/gcc/arm-none-eabi/9.2.1/../../../arm-none-eabi/lib/thumb/v7e-m+fp/hard/libc.a(lib_a-memset.o)
 .debug_abbrev  0x0000000000004b18      0x203 /usr/lib/gcc/arm-none-eabi/9.2.1/../../../arm-none-eabi/lib/thumb/v7e-m+fp/hard/libc.a(lib_a-mlock.o)
 .debug_abbrev  0x0000000000004d1b      0x2c5 /usr/lib/gcc/arm-none-eabi/9.2.1/../../../arm-none-eabi/lib/thumb/v7e-m+fp/hard/libc.a(lib_a-puts.o)
 .debug_abbrev  0x0000000000004fe0      0x250 /usr/lib/gcc/arm-none-eabi/9.2.1/../../../arm-none-eabi/lib/thumb/v7e-m+fp/hard/libc.a(lib_a-sbrkr.o)
 .debug_abbrev  0x0000000000005230      0x36b /usr/lib/gcc/arm-none-eabi/9.2.1/../../../arm-none-eabi/lib/thumb/v7e-m+fp/hard/libc.a(lib_a-signal.o)
 .debug_abbrev  0x000000000000559b      0x255 /usr/lib/gcc/arm-none-eabi/9.2.1/../../../arm-none-eabi/lib/thumb/v7e-m+fp/hard/libc.a(lib_a-signalr.o)
 .debug_abbrev  0x00000000000057f0       0x14 /usr/lib/gcc/arm-none-eabi/9.2.1/../../../arm-none-eabi/lib/thumb/v7e-m+fp/hard/libc.a(lib_a-strlen.o)
 .debug_abbrev  0x0000000000005804      0x466 /usr/lib/gcc/arm-none-eabi/9.2.1/../../../arm-none-eabi/lib/thumb/v7e-m+fp/hard/libc.a(lib_a-vfprintf.o)
 .debug_abbrev  0x0000000000005c6a      0x283 /usr/lib/gcc/arm-none-eabi/9.2.1/../../../arm-none-eabi/lib/thumb/v7e-m+fp/hard/libc.a(lib_a-wsetup.o)
 .debug_abbrev  0x0000000000005eed      0x343 /usr/lib/gcc/arm-none-eabi/9.2.1/../../../arm-none-eabi/lib/thumb/v7e-m+fp/hard/libc.a(lib_a-dtoa.o)
 .debug_abbrev  0x0000000000006230      0x322 /usr/lib/gcc/arm-none-eabi/9.2.1/../../../arm-none-eabi/lib/thumb/v7e-m+fp/hard/libc.a(lib_a-fflush.o)
 .debug_abbrev  0x0000000000006552      0x425 /usr/lib/gcc/arm-none-eabi/9.2.1/../../../arm-none-eabi/lib/thumb/v7e-m+fp/hard/libc.a(lib_a-findfp.o)
 .debug_abbrev  0x0000000000006977      0x2c9 /usr/lib/gcc/arm-none-eabi/9.2.1/../../../arm-none-eabi/lib/thumb/v7e-m+fp/hard/libc.a(lib_a-freer.o)
 .debug_abbrev  0x0000000000006c40      0x2ae /usr/lib/gcc/arm-none-eabi/9.2.1/../../../arm-none-eabi/lib/thumb/v7e-m+fp/hard/libc.a(lib_a-fvwrite.o)
 .debug_abbrev  0x0000000000006eee      0x24e /usr/lib/gcc/arm-none-eabi/9.2.1/../../../arm-none-eabi/lib/thumb/v7e-m+fp/hard/libc.a(lib_a-fwalk.o)
 .debug_abbrev  0x000000000000713c      0x27d /usr/lib/gcc/arm-none-eabi/9.2.1/../../../arm-none-eabi/lib/thumb/v7e-m+fp/hard/libc.a(lib_a-localeconv.o)
 .debug_abbrev  0x00000000000073b9      0x334 /usr/lib/gcc/arm-none-eabi/9.2.1/../../../arm-none-eabi/lib/thumb/v7e-m+fp/hard/libc.a(lib_a-makebuf.o)
 .debug_abbrev  0x00000000000076ed       0x14 /usr/lib/gcc/arm-none-eabi/9.2.1/../../../arm-none-eabi/lib/thumb/v7e-m+fp/hard/libc.a(lib_a-memchr.o)
 .debug_abbrev  0x0000000000007701      0x21c /usr/lib/gcc/arm-none-eabi/9.2.1/../../../arm-none-eabi/lib/thumb/v7e-m+fp/hard/libc.a(lib_a-memmove.o)
 .debug_abbrev  0x000000000000791d      0x4b7 /usr/lib/gcc/arm-none-eabi/9.2.1/../../../arm-none-eabi/lib/thumb/v7e-m+fp/hard/libc.a(lib_a-mprec.o)
 .debug_abbrev  0x0000000000007dd4      0x2a8 /usr/lib/gcc/arm-none-eabi/9.2.1/../../../arm-none-eabi/lib/thumb/v7e-m+fp/hard/libc.a(lib_a-reallocr.o)
 .debug_abbrev  0x000000000000807c      0x2ba /usr/lib/gcc/arm-none-eabi/9.2.1/../../../arm-none-eabi/lib/thumb/v7e-m+fp/hard/libc.a(lib_a-reent.o)
 .debug_abbrev  0x0000000000008336      0x2ad /usr/lib/gcc/arm-none-eabi/9.2.1/../../../arm-none-eabi/lib/thumb/v7e-m+fp/hard/libc.a(lib_a-stdio.o)
 .debug_abbrev  0x00000000000085e3      0x468 /usr/lib/gcc/arm-none-eabi/9.2.1/../../../arm-none-eabi/lib/thumb/v7e-m+fp/hard/libc.a(lib_a-vfiprintf.o)
 .debug_abbrev  0x0000000000008a4b      0x22a /usr/lib/gcc/arm-none-eabi/9.2.1/../../../arm-none-eabi/lib/thumb/v7e-m+fp/hard/libc.a(lib_a-writer.o)
 .debug_abbrev  0x0000000000008c75      0x23d /usr/lib/gcc/arm-none-eabi/9.2.1/../../../arm-none-eabi/lib/thumb/v7e-m+fp/hard/libc.a(lib_a-assert.o)
 .debug_abbrev  0x0000000000008eb2      0x275 /usr/lib/gcc/arm-none-eabi/9.2.1/../../../arm-none-eabi/lib/thumb/v7e-m+fp/hard/libc.a(lib_a-callocr.o)
 .debug_abbrev  0x0000000000009127      0x225 /usr/lib/gcc/arm-none-eabi/9.2.1/../../../arm-none-eabi/lib/thumb/v7e-m+fp/hard/libc.a(lib_a-closer.o)
 .debug_abbrev  0x000000000000934c      0x327 /usr/lib/gcc/arm-none-eabi/9.2.1/../../../arm-none-eabi/lib/thumb/v7e-m+fp/hard/libc.a(lib_a-fclose.o)
 .debug_abbrev  0x0000000000009673      0x255 /usr/lib/gcc/arm-none-eabi/9.2.1/../../../arm-none-eabi/lib/thumb/v7e-m+fp/hard/libc.a(lib_a-fiprintf.o)
 .debug_abbrev  0x00000000000098c8      0x38c /usr/lib/gcc/arm-none-eabi/9.2.1/../../../arm-none-eabi/lib/thumb/v7e-m+fp/hard/libc.a(lib_a-fputwc.o)
 .debug_abbrev  0x0000000000009c54      0x239 /usr/lib/gcc/arm-none-eabi/9.2.1/../../../arm-none-eabi/lib/thumb/v7e-m+fp/hard/libc.a(lib_a-fstatr.o)
 .debug_abbrev  0x0000000000009e8d      0x225 /usr/lib/gcc/arm-none-eabi/9.2.1/../../../arm-none-eabi/lib/thumb/v7e-m+fp/hard/libc.a(lib_a-isattyr.o)
 .debug_abbrev  0x000000000000a0b2      0x2e8 /usr/lib/gcc/arm-none-eabi/9.2.1/../../../arm-none-eabi/lib/thumb/v7e-m+fp/hard/libc.a(lib_a-locale.o)
 .debug_abbrev  0x000000000000a39a      0x239 /usr/lib/gcc/arm-none-eabi/9.2.1/../../../arm-none-eabi/lib/thumb/v7e-m+fp/hard/libc.a(lib_a-lseekr.o)
 .debug_abbrev  0x000000000000a5d3      0x25f /usr/lib/gcc/arm-none-eabi/9.2.1/../../../arm-none-eabi/lib/thumb/v7e-m+fp/hard/libc.a(lib_a-mbtowc_r.o)
 .debug_abbrev  0x000000000000a832      0x225 /usr/lib/gcc/arm-none-eabi/9.2.1/../../../arm-none-eabi/lib/thumb/v7e-m+fp/hard/libc.a(lib_a-readr.o)
 .debug_abbrev  0x000000000000aa57       0x14 /usr/lib/gcc/arm-none-eabi/9.2.1/../../../arm-none-eabi/lib/thumb/v7e-m+fp/hard/libc.a(lib_a-strcmp.o)
 .debug_abbrev  0x000000000000aa6b      0x2c3 /usr/lib/gcc/arm-none-eabi/9.2.1/../../../arm-none-eabi/lib/thumb/v7e-m+fp/hard/libc.a(lib_a-wbuf.o)
 .debug_abbrev  0x000000000000ad2e      0x256 /usr/lib/gcc/arm-none-eabi/9.2.1/../../../arm-none-eabi/lib/thumb/v7e-m+fp/hard/libc.a(lib_a-wcrtomb.o)
 .debug_abbrev  0x000000000000af84      0x269 /usr/lib/gcc/arm-none-eabi/9.2.1/../../../arm-none-eabi/lib/thumb/v7e-m+fp/hard/libc.a(lib_a-wctomb_r.o)
 .debug_abbrev  0x000000000000b1ed      0x1b6 /usr/lib/gcc/arm-none-eabi/9.2.1/../../../arm-none-eabi/lib/thumb/v7e-m+fp/hard/libc.a(lib_a-ctype_.o)
 .debug_abbrev  0x000000000000b3a3       0x14 /usr/lib/gcc/arm-none-eabi/9.2.1/thumb/v7e-m+fp/hard/libgcc.a(_arm_addsubdf3.o)
 .debug_abbrev  0x000000000000b3b7       0x14 /usr/lib/gcc/arm-none-eabi/9.2.1/thumb/v7e-m+fp/hard/libgcc.a(_arm_muldivdf3.o)
 .debug_abbrev  0x000000000000b3cb       0x14 /usr/lib/gcc/arm-none-eabi/9.2.1/thumb/v7e-m+fp/hard/libgcc.a(_arm_cmpdf2.o)
 .debug_abbrev  0x000000000000b3df       0x14 /usr/lib/gcc/arm-none-eabi/9.2.1/thumb/v7e-m+fp/hard/libgcc.a(_arm_unorddf2.o)
 .debug_abbrev  0x000000000000b3f3       0x14 /usr/lib/gcc/arm-none-eabi/9.2.1/thumb/v7e-m+fp/hard/libgcc.a(_arm_fixdfsi.o)
 .debug_abbrev  0x000000000000b407       0x14 /usr/lib/gcc/arm-none-eabi/9.2.1/thumb/v7e-m+fp/hard/libgcc.a(_aeabi_uldivmod.o)
 .debug_abbrev  0x000000000000b41b      0x1c2 /usr/lib/gcc/arm-none-eabi/9.2.1/thumb/v7e-m+fp/hard/libgcc.a(_udivmoddi4.o)
 .debug_abbrev  0x000000000000b5dd       0x14 /usr/lib/gcc/arm-none-eabi/9.2.1/thumb/v7e-m+fp/hard/libgcc.a(_dvmd_tls.o)
 .debug_abbrev  0x000000000000b5f1      0x1ea /usr/lib/gcc/arm-none-eabi/9.2.1/../../../arm-none-eabi/lib/thumb/v7e-m+fp/hard/libnosys.a(close.o)
 .debug_abbrev  0x000000000000b7db      0x1fd /usr/lib/gcc/arm-none-eabi/9.2.1/../../../arm-none-eabi/lib/thumb/v7e-m+fp/hard/libnosys.a(fstat.o)
 .debug_abbrev  0x000000000000b9d8      0x1d6 /usr/lib/gcc/arm-none-eabi/9.2.1/../../../arm-none-eabi/lib/thumb/v7e-m+fp/hard/libnosys.a(getpid.o)
 .debug_abbrev  0x000000000000bbae      0x1ea /usr/lib/gcc/arm-none-eabi/9.2.1/../../../arm-none-eabi/lib/thumb/v7e-m+fp/hard/libnosys.a(isatty.o)
 .debug_abbrev  0x000000000000bd98      0x1fb /usr/lib/gcc/arm-none-eabi/9.2.1/../../../arm-none-eabi/lib/thumb/v7e-m+fp/hard/libnosys.a(kill.o)
 .debug_abbrev  0x000000000000bf93      0x20f /usr/lib/gcc/arm-none-eabi/9.2.1/../../../arm-none-eabi/lib/thumb/v7e-m+fp/hard/libnosys.a(lseek.o)