Archive member included to satisfy reference by file (symbol)

/home/maddocks/USB-GPIO/i2c-star-stm32f411ceu6-blackpill/libopencm3/lib/libopencm3_stm32f4.a(gpio_common_all.o)
                              i2c-stm32f4-usb.o (gpio_set)
/home/maddocks/USB-GPIO/i2c-star-stm32f411ceu6-blackpill/libopencm3/lib/libopencm3_stm32f4.a(gpio_common_f0234.o)
                              i2c-stm32f4-usb.o (gpio_mode_setup)
/home/maddocks/USB-GPIO/i2c-star-stm32f411ceu6-blackpill/libopencm3/lib/libopencm3_stm32f4.a(i2c_common_v1.o)
                              i2c_ctx.o (i2c_peripheral_enable)
/home/maddocks/USB-GPIO/i2c-star-stm32f411ceu6-blackpill/libopencm3/lib/libopencm3_stm32f4.a(rcc_common_all.o)
                              i2c-stm32f4-usb.o (rcc_periph_clock_enable)
/home/maddocks/USB-GPIO/i2c-star-stm32f411ceu6-blackpill/libopencm3/lib/libopencm3_stm32f4.a(rcc.o)
                              i2c-stm32f4-usb.o (rcc_clock_setup_pll)
/home/maddocks/USB-GPIO/i2c-star-stm32f411ceu6-blackpill/libopencm3/lib/libopencm3_stm32f4.a(usb.o)
                              i2c-stm32f4-usb.o (usbd_init)
/home/maddocks/USB-GPIO/i2c-star-stm32f411ceu6-blackpill/libopencm3/lib/libopencm3_stm32f4.a(usb_standard.o)
                              i2c-stm32f4-usb.o (usbd_register_set_config_callback)
/home/maddocks/USB-GPIO/i2c-star-stm32f411ceu6-blackpill/libopencm3/lib/libopencm3_stm32f4.a(usb_control.o)
                              i2c-stm32f4-usb.o (usbd_register_control_callback)
/home/maddocks/USB-GPIO/i2c-star-stm32f411ceu6-blackpill/libopencm3/lib/libopencm3_stm32f4.a(usb_f107.o)
                              i2c-stm32f4-usb.o (stm32f107_usb_driver)
/home/maddocks/USB-GPIO/i2c-star-stm32f411ceu6-blackpill/libopencm3/lib/libopencm3_stm32f4.a(vector.o)
                              (reset_handler)
/home/maddocks/USB-GPIO/i2c-star-stm32f411ceu6-blackpill/libopencm3/lib/libopencm3_stm32f4.a(systick.o)
                              time_libopencm3.o (systick_set_reload)
/home/maddocks/USB-GPIO/i2c-star-stm32f411ceu6-blackpill/libopencm3/lib/libopencm3_stm32f4.a(flash_common_all.o)
                              /home/maddocks/USB-GPIO/i2c-star-stm32f411ceu6-blackpill/libopencm3/lib/libopencm3_stm32f4.a(rcc.o) (flash_set_ws)
/home/maddocks/USB-GPIO/i2c-star-stm32f411ceu6-blackpill/libopencm3/lib/libopencm3_stm32f4.a(flash_common_idcache.o)
                              /home/maddocks/USB-GPIO/i2c-star-stm32f411ceu6-blackpill/libopencm3/lib/libopencm3_stm32f4.a(rcc.o) (flash_dcache_enable)
/home/maddocks/USB-GPIO/i2c-star-stm32f411ceu6-blackpill/libopencm3/lib/libopencm3_stm32f4.a(pwr.o)
                              /home/maddocks/USB-GPIO/i2c-star-stm32f411ceu6-blackpill/libopencm3/lib/libopencm3_stm32f4.a(rcc.o) (pwr_set_vos_scale)
/home/maddocks/USB-GPIO/i2c-star-stm32f411ceu6-blackpill/libopencm3/lib/libopencm3_stm32f4.a(usb_dwc_common.o)
                              /home/maddocks/USB-GPIO/i2c-star-stm32f411ceu6-blackpill/libopencm3/lib/libopencm3_stm32f4.a(usb_f107.o) (dwc_set_address)
/usr/lib/gcc/arm-none-eabi/9.2.1/../../../arm-none-eabi/lib/thumb/v7e-m+fp/hard/libc.a(lib_a-abort.o)
                              util.o (abort)
/usr/lib/gcc/arm-none-eabi/9.2.1/../../../arm-none-eabi/lib/thumb/v7e-m+fp/hard/libc.a(lib_a-fprintf.o)
                              regdump.o (fprintf)
/usr/lib/gcc/arm-none-eabi/9.2.1/../../../arm-none-eabi/lib/thumb/v7e-m+fp/hard/libc.a(lib_a-impure.o)
                              regdump.o (_impure_ptr)
/usr/lib/gcc/arm-none-eabi/9.2.1/../../../arm-none-eabi/lib/thumb/v7e-m+fp/hard/libc.a(lib_a-malloc.o)
                              util.o (malloc)
/usr/lib/gcc/arm-none-eabi/9.2.1/../../../arm-none-eabi/lib/thumb/v7e-m+fp/hard/libc.a(lib_a-mallocr.o)
                              /usr/lib/gcc/arm-none-eabi/9.2.1/../../../arm-none-eabi/lib/thumb/v7e-m+fp/hard/libc.a(lib_a-malloc.o) (_malloc_r)
/usr/lib/gcc/arm-none-eabi/9.2.1/../../../arm-none-eabi/lib/thumb/v7e-m+fp/hard/libc.a(lib_a-memcpy.o)
                              /home/maddocks/USB-GPIO/i2c-star-stm32f411ceu6-blackpill/libopencm3/lib/libopencm3_stm32f4.a(usb_standard.o) (memcpy)
/usr/lib/gcc/arm-none-eabi/9.2.1/../../../arm-none-eabi/lib/thumb/v7e-m+fp/hard/libc.a(lib_a-memset.o)
                              i2c_ctx.o (memset)
/usr/lib/gcc/arm-none-eabi/9.2.1/../../../arm-none-eabi/lib/thumb/v7e-m+fp/hard/libc.a(lib_a-mlock.o)
                              /usr/lib/gcc/arm-none-eabi/9.2.1/../../../arm-none-eabi/lib/thumb/v7e-m+fp/hard/libc.a(lib_a-mallocr.o) (__malloc_lock)
/usr/lib/gcc/arm-none-eabi/9.2.1/../../../arm-none-eabi/lib/thumb/v7e-m+fp/hard/libc.a(lib_a-puts.o)
                              i2c_ctx.o (puts)
/usr/lib/gcc/arm-none-eabi/9.2.1/../../../arm-none-eabi/lib/thumb/v7e-m+fp/hard/libc.a(lib_a-sbrkr.o)
                              /usr/lib/gcc/arm-none-eabi/9.2.1/../../../arm-none-eabi/lib/thumb/v7e-m+fp/hard/libc.a(lib_a-mallocr.o) (_sbrk_r)
[...]
Memory Configuration

Name             Origin             Length             Attributes
rom              0x0000000008000000 0x0000000000080000 xr
ram              0x0000000020000000 0x0000000000020000 xrw
*default*        0x0000000000000000 0xffffffffffffffff

Linker script and memory map

LOAD i2c_ctx.o
LOAD bitops.o
LOAD fibre.o
LOAD fibre_default.o
LOAD list.o
LOAD messageq.o
LOAD regdump.o
LOAD ringbuf.o
LOAD time_libopencm3.o
LOAD util.o
LOAD i2c-stm32f4-usb.o
LOAD /home/maddocks/USB-GPIO/i2c-star-stm32f411ceu6-blackpill/libopencm3/lib/libopencm3_stm32f4.a
START GROUP
LOAD /usr/lib/gcc/arm-none-eabi/9.2.1/../../../arm-none-eabi/lib/thumb/v7e-m+fp/hard/libc.a
LOAD /usr/lib/gcc/arm-none-eabi/9.2.1/thumb/v7e-m+fp/hard/libgcc.a
LOAD /usr/lib/gcc/arm-none-eabi/9.2.1/../../../arm-none-eabi/lib/thumb/v7e-m+fp/hard/libnosys.a
END GROUP
START GROUP
LOAD /usr/lib/gcc/arm-none-eabi/9.2.1/thumb/v7e-m+fp/hard/libgcc.a
LOAD /usr/lib/gcc/arm-none-eabi/9.2.1/../../../arm-none-eabi/lib/thumb/v7e-m+fp/hard/libc.a
END GROUP

.text           0x0000000008000000     0x9470
 *(.vectors)
 .vectors       0x0000000008000000      0x1ac /home/maddocks/USB-GPIO/i2c-star-stm32f411ceu6-blackpill/libopencm3/lib/libopencm3_stm32f4.a(vector.o)
                0x0000000008000000                vector_table
 *(.text*)
 .text.i2c_ctx_is_timed_out
                0x00000000080001ac       0x3c i2c_ctx.o
 .text.i2c_ctx_init
                0x00000000080001e8       0x1e i2c_ctx.o
                0x00000000080001e8                i2c_ctx_init
 *fill*         0x0000000008000206        0x2 
 .text.i2c_ctx_reset
                0x0000000008000208       0x7c i2c_ctx.o
                0x0000000008000208                i2c_ctx_reset
 .text.i2c_ctx_start
                0x0000000008000284       0x46 i2c_ctx.o
                0x0000000008000284                i2c_ctx_start
 .text.i2c_ctx_sendaddr
                0x00000000080002ca       0x78 i2c_ctx.o
                0x00000000080002ca                i2c_ctx_sendaddr
 .text.i2c_ctx_senddata
                0x0000000008000342       0x40 i2c_ctx.o
                0x0000000008000342                i2c_ctx_senddata
 .text.i2c_ctx_getdata
                0x0000000008000382       0x60 i2c_ctx.o
                0x0000000008000382                i2c_ctx_getdata
 .text.i2c_ctx_stop
                0x00000000080003e2       0x46 i2c_ctx.o
                0x00000000080003e2                i2c_ctx_stop
 .text.bitcnt   0x0000000008000428       0x2a bitops.o
                0x0000000008000428                bitcnt
 .text.ctz      0x0000000008000452        0xa bitops.o
                0x0000000008000452                ctz
 .text.messageq_empty
                0x000000000800045c       0x1a fibre.o
 *fill*         0x0000000008000476        0x2 
 .text.fibre_run
                0x0000000008000478       0x3c fibre.o
                0x0000000008000478                fibre_run
 .text.handle_atomic_runq
                0x00000000080004b4       0x24 fibre.o
 .text.fibre_scheduler_next
                0x00000000080004d8       0xfc fibre.o
                0x00000000080004d8                fibre_scheduler_next
 .text.fibre_scheduler_main_loop
                0x00000000080005d4        0xc fibre_default.o
                0x00000000080005d4                fibre_scheduler_main_loop
 .text.list_insert
                0x00000000080005e0       0x10 list.o
                0x00000000080005e0                list_insert
 .text.list_extract
                0x00000000080005f0       0x10 list.o
                0x00000000080005f0                list_extract
 .text.list_iterate
                0x0000000008000600        0x8 list.o
                0x0000000008000600                list_iterate
 .text.list_iterator_next
                0x0000000008000608        0xe list.o
                0x0000000008000608                list_iterator_next
 .text.list_iterator_remove
                0x0000000008000616       0x1a list.o
                0x0000000008000616                list_iterator_remove
 .text.list_contains
                0x0000000008000630       0x24 list.o
                0x0000000008000630                list_contains
 .text.list_remove
                0x0000000008000654       0x18 list.o
                0x0000000008000654                list_remove
 .text.messageq_receive
                0x000000000800066c       0x4a messageq.o
                0x000000000800066c                messageq_receive
 .text.messageq_release
                0x00000000080006b6       0x1a messageq.o
                0x00000000080006b6                messageq_release
 .text.fregdump_single
                0x00000000080006d0       0x58 regdump.o
                0x00000000080006d0                fregdump_single
 .text.fregdump
                0x0000000008000728       0x20 regdump.o
                0x0000000008000728                fregdump
 .text.regdump  0x0000000008000748       0x14 regdump.o
                0x0000000008000748                regdump
 .text.time_init
                0x000000000800075c       0x1c time_libopencm3.o
                0x000000000800075c                time_init
 .text.sys_tick_handler
                0x0000000008000778       0x18 time_libopencm3.o
                0x0000000008000778                sys_tick_handler
 .text.time_now
                0x0000000008000790        0xc time_libopencm3.o
                0x0000000008000790                time_now
 .text.cyclecmp32
                0x000000000800079c        0x4 util.o
                0x000000000800079c                cyclecmp32
 .text.my_delay_1
                0x00000000080007a0       0x10 i2c-stm32f4-usb.o
 .text.usb_set_config
                0x00000000080007b0       0x48 i2c-stm32f4-usb.o
 .text.usb_fibre
                0x00000000080007f8       0x9c i2c-stm32f4-usb.o
 .text.usb_control_request
                0x0000000008000894      0x144 i2c-stm32f4-usb.o
 .text.usb_control_gpio_request
                0x00000000080009d8      0x178 i2c-stm32f4-usb.o
 .text.startup.main
                0x0000000008000b50      0x134 i2c-stm32f4-usb.o
                0x0000000008000b50                main
 .text.gpio_set
                0x0000000008000c84        0x4 /home/maddocks/USB-GPIO/i2c-star-stm32f411ceu6-blackpill/libopencm3/lib/libopencm3_stm32f4.a(gpio_common_all.o)
                0x0000000008000c84                gpio_set
 .text.gpio_clear
                0x0000000008000c88        0x6 /home/maddocks/USB-GPIO/i2c-star-stm32f411ceu6-blackpill/libopencm3/lib/libopencm3_stm32f4.a(gpio_common_all.o)
                0x0000000008000c88                gpio_clear
 .text.gpio_get
                0x0000000008000c8e        0x6 /home/maddocks/USB-GPIO/i2c-star-stm32f411ceu6-blackpill/libopencm3/lib/libopencm3_stm32f4.a(gpio_common_all.o)
                0x0000000008000c8e                gpio_get
 .text.gpio_mode_setup
                0x0000000008000c94       0x40 /home/maddocks/USB-GPIO/i2c-star-stm32f411ceu6-blackpill/libopencm3/lib/libopencm3_stm32f4.a(gpio_common_f0234.o)
                0x0000000008000c94                gpio_mode_setup
 .text.gpio_set_output_options
                0x0000000008000cd4       0x36 /home/maddocks/USB-GPIO/i2c-star-stm32f411ceu6-blackpill/libopencm3/lib/libopencm3_stm32f4.a(gpio_common_f0234.o)
                0x0000000008000cd4                gpio_set_output_options
 .text.gpio_set_af
                0x0000000008000d0a       0x54 /home/maddocks/USB-GPIO/i2c-star-stm32f411ceu6-blackpill/libopencm3/lib/libopencm3_stm32f4.a(gpio_common_f0234.o)
                0x0000000008000d0a                gpio_set_af
 .text.i2c_peripheral_enable
                0x0000000008000d5e        0xa /home/maddocks/USB-GPIO/i2c-star-stm32f411ceu6-blackpill/libopencm3/lib/libopencm3_stm32f4.a(i2c_common_v1.o)
                0x0000000008000d5e                i2c_peripheral_enable
 .text.i2c_peripheral_disable
                0x0000000008000d68        0xa /home/maddocks/USB-GPIO/i2c-star-stm32f411ceu6-blackpill/libopencm3/lib/libopencm3_stm32f4.a(i2c_common_v1.o)
                0x0000000008000d68                i2c_peripheral_disable
 .text.i2c_send_start
                0x0000000008000d72        0xa /home/maddocks/USB-GPIO/i2c-star-stm32f411ceu6-blackpill/libopencm3/lib/libopencm3_stm32f4.a(i2c_common_v1.o)
                0x0000000008000d72                i2c_send_start
 .text.i2c_send_stop
                0x0000000008000d7c        0xa /home/maddocks/USB-GPIO/i2c-star-stm32f411ceu6-blackpill/libopencm3/lib/libopencm3_stm32f4.a(i2c_common_v1.o)
                0x0000000008000d7c                i2c_send_stop
 .text.i2c_set_own_7bit_slave_address
                0x0000000008000d86        0xa /home/maddocks/USB-GPIO/i2c-star-stm32f411ceu6-blackpill/libopencm3/lib/libopencm3_stm32f4.a(i2c_common_v1.o)
                0x0000000008000d86                i2c_set_own_7bit_slave_address
 .text.i2c_set_clock_frequency
                0x0000000008000d90        0xe /home/maddocks/USB-GPIO/i2c-star-stm32f411ceu6-blackpill/libopencm3/lib/libopencm3_stm32f4.a(i2c_common_v1.o)
                0x0000000008000d90                i2c_set_clock_frequency
 .text.i2c_send_data
                0x0000000008000d9e        0x4 /home/maddocks/USB-GPIO/i2c-star-stm32f411ceu6-blackpill/libopencm3/lib/libopencm3_stm32f4.a(i2c_common_v1.o)
                0x0000000008000d9e                i2c_send_data
 .text.i2c_set_ccr
                0x0000000008000da2        0xc /home/maddocks/USB-GPIO/i2c-star-stm32f411ceu6-blackpill/libopencm3/lib/libopencm3_stm32f4.a(i2c_common_v1.o)
                0x0000000008000da2                i2c_set_ccr
 .text.i2c_set_trise
                0x0000000008000dae        0x4 /home/maddocks/USB-GPIO/i2c-star-stm32f411ceu6-blackpill/libopencm3/lib/libopencm3_stm32f4.a(i2c_common_v1.o)
                0x0000000008000dae                i2c_set_trise
 .text.i2c_send_7bit_address
                0x0000000008000db2        0xa /home/maddocks/USB-GPIO/i2c-star-stm32f411ceu6-blackpill/libopencm3/lib/libopencm3_stm32f4.a(i2c_common_v1.o)
                0x0000000008000db2                i2c_send_7bit_address
 .text.i2c_get_data
                0x0000000008000dbc        0x6 /home/maddocks/USB-GPIO/i2c-star-stm32f411ceu6-blackpill/libopencm3/lib/libopencm3_stm32f4.a(i2c_common_v1.o)
                0x0000000008000dbc                i2c_get_data
 .text.rcc_periph_clock_enable
                0x0000000008000dc2       0x1c /home/maddocks/USB-GPIO/i2c-star-stm32f411ceu6-blackpill/libopencm3/lib/libopencm3_stm32f4.a(rcc_common_all.o)
                0x0000000008000dc2                rcc_periph_clock_enable
 .text.rcc_periph_reset_pulse
                0x0000000008000dde       0x24 /home/maddocks/USB-GPIO/i2c-star-stm32f411ceu6-blackpill/libopencm3/lib/libopencm3_stm32f4.a(rcc_common_all.o)
                0x0000000008000dde                rcc_periph_reset_pulse
 *fill*         0x0000000008000e02        0x2 
 .text.rcc_is_osc_ready
                0x0000000008000e04       0x5c /home/maddocks/USB-GPIO/i2c-star-stm32f411ceu6-blackpill/libopencm3/lib/libopencm3_stm32f4.a(rcc.o)
                0x0000000008000e04                rcc_is_osc_ready
 .text.rcc_wait_for_osc_ready
                0x0000000008000e60       0x10 /home/maddocks/USB-GPIO/i2c-star-stm32f411ceu6-blackpill/libopencm3/lib/libopencm3_stm32f4.a(rcc.o)
                0x0000000008000e60                rcc_wait_for_osc_ready
 .text.rcc_osc_on
                0x0000000008000e70       0x58 /home/maddocks/USB-GPIO/i2c-star-stm32f411ceu6-blackpill/libopencm3/lib/libopencm3_stm32f4.a(rcc.o)
                0x0000000008000e70                rcc_osc_on
 .text.rcc_osc_off
                0x0000000008000ec8       0x58 /home/maddocks/USB-GPIO/i2c-star-stm32f411ceu6-blackpill/libopencm3/lib/libopencm3_stm32f4.a(rcc.o)
                0x0000000008000ec8                rcc_osc_off
 .text.rcc_set_sysclk_source
                0x0000000008000f20       0x14 /home/maddocks/USB-GPIO/i2c-star-stm32f411ceu6-blackpill/libopencm3/lib/libopencm3_stm32f4.a(rcc.o)
                0x0000000008000f20                rcc_set_sysclk_source
 .text.rcc_set_ppre2
                0x0000000008000f34       0x14 /home/maddocks/USB-GPIO/i2c-star-stm32f411ceu6-blackpill/libopencm3/lib/libopencm3_stm32f4.a(rcc.o)
                0x0000000008000f34                rcc_set_ppre2
 .text.rcc_set_ppre1
                0x0000000008000f48       0x14 /home/maddocks/USB-GPIO/i2c-star-stm32f411ceu6-blackpill/libopencm3/lib/libopencm3_stm32f4.a(rcc.o)
                0x0000000008000f48                rcc_set_ppre1
 .text.rcc_set_hpre
                0x0000000008000f5c       0x14 /home/maddocks/USB-GPIO/i2c-star-stm32f411ceu6-blackpill/libopencm3/lib/libopencm3_stm32f4.a(rcc.o)
                0x0000000008000f5c                rcc_set_hpre
 .text.rcc_set_main_pll_hsi
                0x0000000008000f70       0x44 /home/maddocks/USB-GPIO/i2c-star-stm32f411ceu6-blackpill/libopencm3/lib/libopencm3_stm32f4.a(rcc.o)
                0x0000000008000f70                rcc_set_main_pll_hsi
 .text.rcc_set_main_pll_hse
                0x0000000008000fb4       0x44 /home/maddocks/USB-GPIO/i2c-star-stm32f411ceu6-blackpill/libopencm3/lib/libopencm3_stm32f4.a(rcc.o)
                0x0000000008000fb4                rcc_set_main_pll_hse
 .text.rcc_clock_setup_pll
                0x0000000008000ff8       0xf4 /home/maddocks/USB-GPIO/i2c-star-stm32f411ceu6-blackpill/libopencm3/lib/libopencm3_stm32f4.a(rcc.o)
                0x0000000008000ff8                rcc_clock_setup_pll
 .text.usbd_init
                0x00000000080010ec       0x50 /home/maddocks/USB-GPIO/i2c-star-stm32f411ceu6-blackpill/libopencm3/lib/libopencm3_stm32f4.a(usb.o)
                0x00000000080010ec                usbd_init
 .text.usbd_poll
                0x000000000800113c        0x8 /home/maddocks/USB-GPIO/i2c-star-stm32f411ceu6-blackpill/libopencm3/lib/libopencm3_stm32f4.a(usb.o)
                0x000000000800113c                usbd_poll
 .text.usbd_ep_setup
                0x0000000008001144       0x10 /home/maddocks/USB-GPIO/i2c-star-stm32f411ceu6-blackpill/libopencm3/lib/libopencm3_stm32f4.a(usb.o)
                0x0000000008001144                usbd_ep_setup
 .text._usbd_reset
                0x0000000008001154       0x30 /home/maddocks/USB-GPIO/i2c-star-stm32f411ceu6-blackpill/libopencm3/lib/libopencm3_stm32f4.a(usb.o)
                0x0000000008001154                _usbd_reset
 .text.usbd_ep_write_packet
                0x0000000008001184       0x10 /home/maddocks/USB-GPIO/i2c-star-stm32f411ceu6-blackpill/libopencm3/lib/libopencm3_stm32f4.a(usb.o)
                0x0000000008001184                usbd_ep_write_packet
 .text.usbd_ep_read_packet
                0x0000000008001194       0x10 /home/maddocks/USB-GPIO/i2c-star-stm32f411ceu6-blackpill/libopencm3/lib/libopencm3_stm32f4.a(usb.o)
                0x0000000008001194                usbd_ep_read_packet
 .text.usbd_ep_stall_set
                0x00000000080011a4        0x8 /home/maddocks/USB-GPIO/i2c-star-stm32f411ceu6-blackpill/libopencm3/lib/libopencm3_stm32f4.a(usb.o)
                0x00000000080011a4                usbd_ep_stall_set
 .text.usbd_ep_stall_get
                0x00000000080011ac        0x8 /home/maddocks/USB-GPIO/i2c-star-stm32f411ceu6-blackpill/libopencm3/lib/libopencm3_stm32f4.a(usb.o)
                0x00000000080011ac                usbd_ep_stall_get
 .text.usbd_ep_nak_set
                0x00000000080011b4        0x8 /home/maddocks/USB-GPIO/i2c-star-stm32f411ceu6-blackpill/libopencm3/lib/libopencm3_stm32f4.a(usb.o)
                0x00000000080011b4                usbd_ep_nak_set
 .text.usb_standard_set_address
                0x00000000080011bc       0x2a /home/maddocks/USB-GPIO/i2c-star-stm32f411ceu6-blackpill/libopencm3/lib/libopencm3_stm32f4.a(usb_standard.o)
 .text.usb_standard_set_configuration
                0x00000000080011e6       0x96 /home/maddocks/USB-GPIO/i2c-star-stm32f411ceu6-blackpill/libopencm3/lib/libopencm3_stm32f4.a(usb_standard.o)
 .text.usb_standard_get_configuration
                0x000000000800127c       0x22 /home/maddocks/USB-GPIO/i2c-star-stm32f411ceu6-blackpill/libopencm3/lib/libopencm3_stm32f4.a(usb_standard.o)
 .text.usb_standard_get_interface
                0x000000000800129e       0x38 /home/maddocks/USB-GPIO/i2c-star-stm32f411ceu6-blackpill/libopencm3/lib/libopencm3_stm32f4.a(usb_standard.o)
 .text.usb_standard_device_get_status
                0x00000000080012d6       0x18 /home/maddocks/USB-GPIO/i2c-star-stm32f411ceu6-blackpill/libopencm3/lib/libopencm3_stm32f4.a(usb_standard.o)
 .text.usb_standard_endpoint_get_status
                0x00000000080012ee       0x2a /home/maddocks/USB-GPIO/i2c-star-stm32f411ceu6-blackpill/libopencm3/lib/libopencm3_stm32f4.a(usb_standard.o)
 .text.usb_standard_endpoint_stall
                0x0000000008001318       0x10 /home/maddocks/USB-GPIO/i2c-star-stm32f411ceu6-blackpill/libopencm3/lib/libopencm3_stm32f4.a(usb_standard.o)
 .text.usb_standard_endpoint_unstall
                0x0000000008001328       0x10 /home/maddocks/USB-GPIO/i2c-star-stm32f411ceu6-blackpill/libopencm3/lib/libopencm3_stm32f4.a(usb_standard.o)
 .text.usb_standard_set_interface
                0x0000000008001338       0x54 /home/maddocks/USB-GPIO/i2c-star-stm32f411ceu6-blackpill/libopencm3/lib/libopencm3_stm32f4.a(usb_standard.o)
 .text.usb_standard_get_descriptor
                0x000000000800138c      0x264 /home/maddocks/USB-GPIO/i2c-star-stm32f411ceu6-blackpill/libopencm3/lib/libopencm3_stm32f4.a(usb_standard.o)
 .text.usb_standard_interface_get_status
                0x00000000080015f0       0x18 /home/maddocks/USB-GPIO/i2c-star-stm32f411ceu6-blackpill/libopencm3/lib/libopencm3_stm32f4.a(usb_standard.o)
 .text.usbd_register_set_config_callback
                0x0000000008001608       0x28 /home/maddocks/USB-GPIO/i2c-star-stm32f411ceu6-blackpill/libopencm3/lib/libopencm3_stm32f4.a(usb_standard.o)
                0x0000000008001608                usbd_register_set_config_callback
 .text._usbd_standard_request_device
                0x0000000008001630       0x4c /home/maddocks/USB-GPIO/i2c-star-stm32f411ceu6-blackpill/libopencm3/lib/libopencm3_stm32f4.a(usb_standard.o)
                0x0000000008001630                _usbd_standard_request_device
 .text._usbd_standard_request_interface
                0x000000000800167c       0x34 /home/maddocks/USB-GPIO/i2c-star-stm32f411ceu6-blackpill/libopencm3/lib/libopencm3_stm32f4.a(usb_standard.o)
                0x000000000800167c                _usbd_standard_request_interface
 .text._usbd_standard_request_endpoint
                0x00000000080016b0       0x40 /home/maddocks/USB-GPIO/i2c-star-stm32f411ceu6-blackpill/libopencm3/lib/libopencm3_stm32f4.a(usb_standard.o)
                0x00000000080016b0                _usbd_standard_request_endpoint
 .text._usbd_standard_request
                0x00000000080016f0       0x38 /home/maddocks/USB-GPIO/i2c-star-stm32f411ceu6-blackpill/libopencm3/lib/libopencm3_stm32f4.a(usb_standard.o)
                0x00000000080016f0                _usbd_standard_request
 .text.usb_control_send_chunk
                0x0000000008001728       0x52 /home/maddocks/USB-GPIO/i2c-star-stm32f411ceu6-blackpill/libopencm3/lib/libopencm3_stm32f4.a(usb_control.o)
 .text.usb_control_request_dispatch
                0x000000000800177a       0x60 /home/maddocks/USB-GPIO/i2c-star-stm32f411ceu6-blackpill/libopencm3/lib/libopencm3_stm32f4.a(usb_control.o)
 .text.stall_transaction
                0x00000000080017da       0x14 /home/maddocks/USB-GPIO/i2c-star-stm32f411ceu6-blackpill/libopencm3/lib/libopencm3_stm32f4.a(usb_control.o)
 .text.usb_control_recv_chunk
                0x00000000080017ee       0x3c /home/maddocks/USB-GPIO/i2c-star-stm32f411ceu6-blackpill/libopencm3/lib/libopencm3_stm32f4.a(usb_control.o)
 .text.usb_control_setup_read
                0x000000000800182a       0x66 /home/maddocks/USB-GPIO/i2c-star-stm32f411ceu6-blackpill/libopencm3/lib/libopencm3_stm32f4.a(usb_control.o)
 .text.usbd_register_control_callback
                0x0000000008001890       0x2c /home/maddocks/USB-GPIO/i2c-star-stm32f411ceu6-blackpill/libopencm3/lib/libopencm3_stm32f4.a(usb_control.o)
                0x0000000008001890                usbd_register_control_callback
 .text._usbd_control_setup
                0x00000000080018bc       0x60 /home/maddocks/USB-GPIO/i2c-star-stm32f411ceu6-blackpill/libopencm3/lib/libopencm3_stm32f4.a(usb_control.o)
                0x00000000080018bc                _usbd_control_setup
 .text._usbd_control_out
                0x000000000800191c       0x82 /home/maddocks/USB-GPIO/i2c-star-stm32f411ceu6-blackpill/libopencm3/lib/libopencm3_stm32f4.a(usb_control.o)
                0x000000000800191c                _usbd_control_out
 .text._usbd_control_in
                0x000000000800199e       0x64 /home/maddocks/USB-GPIO/i2c-star-stm32f411ceu6-blackpill/libopencm3/lib/libopencm3_stm32f4.a(usb_control.o)
                0x000000000800199e                _usbd_control_in
 *fill*         0x0000000008001a02        0x2 
 .text.stm32f107_usbd_init
                0x0000000008001a04       0xd0 /home/maddocks/USB-GPIO/i2c-star-stm32f411ceu6-blackpill/libopencm3/lib/libopencm3_stm32f4.a(usb_f107.o)
 .text.blocking_handler
                0x0000000008001ad4        0x2 /home/maddocks/USB-GPIO/i2c-star-stm32f411ceu6-blackpill/libopencm3/lib/libopencm3_stm32f4.a(vector.o)
                0x0000000008001ad4                dma2_stream1_isr
                0x0000000008001ad4                tim8_brk_tim12_isr
                0x0000000008001ad4                dma1_stream7_isr
                0x0000000008001ad4                usart3_isr
                0x0000000008001ad4                tim7_isr
                0x0000000008001ad4                dma2d_isr
                0x0000000008001ad4                uart8_isr
                0x0000000008001ad4                dma1_stream2_isr
                0x0000000008001ad4                otg_hs_isr
                0x0000000008001ad4                blocking_handler
                0x0000000008001ad4                tim5_isr
                0x0000000008001ad4                rtc_wkup_isr
                0x0000000008001ad4                otg_fs_isr
                0x0000000008001ad4                spi1_isr
                0x0000000008001ad4                i2c3_er_isr
                0x0000000008001ad4                exti2_isr
                0x0000000008001ad4                spi5_isr
                0x0000000008001ad4                usb_fs_wkup_isr
                0x0000000008001ad4                tamp_stamp_isr
                0x0000000008001ad4                can1_rx1_isr
                0x0000000008001ad4                dma2_stream0_isr
                0x0000000008001ad4                usart1_isr
                0x0000000008001ad4                i2c3_ev_isr
                0x0000000008001ad4                usage_fault_handler
                0x0000000008001ad4                can2_rx0_isr
                0x0000000008001ad4                dma1_stream6_isr
                0x0000000008001ad4                can2_rx1_isr
                0x0000000008001ad4                can1_sce_isr
                0x0000000008001ad4                tim1_cc_isr
                0x0000000008001ad4                can1_tx_isr
                0x0000000008001ad4                tim1_up_tim10_isr
                0x0000000008001ad4                sdio_isr
                0x0000000008001ad4                eth_isr
                0x0000000008001ad4                spi6_isr
                0x0000000008001ad4                dma2_stream5_isr
                0x0000000008001ad4                pvd_isr
                0x0000000008001ad4                can1_rx0_isr
                0x0000000008001ad4                rcc_isr
                0x0000000008001ad4                dma2_stream3_isr
                0x0000000008001ad4                flash_isr
                0x0000000008001ad4                uart4_isr
                0x0000000008001ad4                lcd_tft_isr
                0x0000000008001ad4                rtc_alarm_isr
                0x0000000008001ad4                exti15_10_isr
                0x0000000008001ad4                hash_rng_isr
                0x0000000008001ad4                tim1_trg_com_tim11_isr
                0x0000000008001ad4                hard_fault_handler
                0x0000000008001ad4                exti1_isr
                0x0000000008001ad4                i2c1_ev_isr
                0x0000000008001ad4                usart6_isr
                0x0000000008001ad4                spi2_isr
                0x0000000008001ad4                cryp_isr
                0x0000000008001ad4                nvic_wwdg_isr
                0x0000000008001ad4                dma1_stream1_isr
                0x0000000008001ad4                dma2_stream4_isr
                0x0000000008001ad4                exti3_isr
                0x0000000008001ad4                tim3_isr
                0x0000000008001ad4                usart2_isr
                0x0000000008001ad4                sai1_isr
                0x0000000008001ad4                fpu_isr
                0x0000000008001ad4                dma1_stream4_isr
                0x0000000008001ad4                i2c2_er_isr
                0x0000000008001ad4                i2c2_ev_isr
                0x0000000008001ad4                uart5_isr
                0x0000000008001ad4                dma2_stream6_isr
                0x0000000008001ad4                spi4_isr
                0x0000000008001ad4                adc_isr
                0x0000000008001ad4                dma2_stream7_isr
                0x0000000008001ad4                tim8_up_tim13_isr
                0x0000000008001ad4                fsmc_isr
                0x0000000008001ad4                exti4_isr
                0x0000000008001ad4                tim6_dac_isr
                0x0000000008001ad4                dma1_stream3_isr
                0x0000000008001ad4                tim8_trg_com_tim14_isr
                0x0000000008001ad4                mem_manage_handler
                0x0000000008001ad4                lcd_tft_err_isr
                0x0000000008001ad4                can2_tx_isr
                0x0000000008001ad4                exti9_5_isr
                0x0000000008001ad4                tim1_brk_tim9_isr
                0x0000000008001ad4                uart7_isr
                0x0000000008001ad4                can2_sce_isr
                0x0000000008001ad4                tim4_isr
                0x0000000008001ad4                otg_hs_wkup_isr
                0x0000000008001ad4                i2c1_er_isr
                0x0000000008001ad4                dma1_stream0_isr
                0x0000000008001ad4                tim8_cc_isr
                0x0000000008001ad4                dcmi_isr
                0x0000000008001ad4                dma2_stream2_isr
                0x0000000008001ad4                eth_wkup_isr
                0x0000000008001ad4                bus_fault_handler
                0x0000000008001ad4                otg_hs_ep1_out_isr
                0x0000000008001ad4                spi3_isr
                0x0000000008001ad4                dma1_stream5_isr
                0x0000000008001ad4                otg_hs_ep1_in_isr
                0x0000000008001ad4                tim2_isr
                0x0000000008001ad4                exti0_isr
 .text.null_handler
                0x0000000008001ad6        0x2 /home/maddocks/USB-GPIO/i2c-star-stm32f411ceu6-blackpill/libopencm3/lib/libopencm3_stm32f4.a(vector.o)
                0x0000000008001ad6                null_handler
                0x0000000008001ad6                sv_call_handler
                0x0000000008001ad6                pend_sv_handler
                0x0000000008001ad6                debug_monitor_handler
                0x0000000008001ad6                nmi_handler
 .text.reset_handler
                0x0000000008001ad8       0x98 /home/maddocks/USB-GPIO/i2c-star-stm32f411ceu6-blackpill/libopencm3/lib/libopencm3_stm32f4.a(vector.o)
                0x0000000008001ad8                reset_handler
 .text.systick_set_reload
                0x0000000008001b70       0x10 /home/maddocks/USB-GPIO/i2c-star-stm32f411ceu6-blackpill/libopencm3/lib/libopencm3_stm32f4.a(systick.o)
                0x0000000008001b70                systick_set_reload
 .text.systick_set_clocksource
                0x0000000008001b80       0x18 /home/maddocks/USB-GPIO/i2c-star-stm32f411ceu6-blackpill/libopencm3/lib/libopencm3_stm32f4.a(systick.o)
                0x0000000008001b80                systick_set_clocksource
 .text.systick_interrupt_enable
                0x0000000008001b98       0x10 /home/maddocks/USB-GPIO/i2c-star-stm32f411ceu6-blackpill/libopencm3/lib/libopencm3_stm32f4.a(systick.o)
                0x0000000008001b98                systick_interrupt_enable
 .text.systick_counter_enable
                0x0000000008001ba8       0x10 /home/maddocks/USB-GPIO/i2c-star-stm32f411ceu6-blackpill/libopencm3/lib/libopencm3_stm32f4.a(systick.o)
                0x0000000008001ba8                systick_counter_enable
 .text.flash_set_ws
                0x0000000008001bb8       0x14 /home/maddocks/USB-GPIO/i2c-star-stm32f411ceu6-blackpill/libopencm3/lib/libopencm3_stm32f4.a(flash_common_all.o)
                0x0000000008001bb8                flash_set_ws
 .text.flash_dcache_enable
                0x0000000008001bcc       0x10 /home/maddocks/USB-GPIO/i2c-star-stm32f411ceu6-blackpill/libopencm3/lib/libopencm3_stm32f4.a(flash_common_idcache.o)
                0x0000000008001bcc                flash_dcache_enable
 .text.flash_dcache_disable
                0x0000000008001bdc       0x10 /home/maddocks/USB-GPIO/i2c-star-stm32f411ceu6-blackpill/libopencm3/lib/libopencm3_stm32f4.a(flash_common_idcache.o)
                0x0000000008001bdc                flash_dcache_disable
 .text.flash_icache_enable
                0x0000000008001bec       0x10 /home/maddocks/USB-GPIO/i2c-star-stm32f411ceu6-blackpill/libopencm3/lib/libopencm3_stm32f4.a(flash_common_idcache.o)
                0x0000000008001bec                flash_icache_enable
 .text.flash_icache_disable
                0x0000000008001bfc       0x10 /home/maddocks/USB-GPIO/i2c-star-stm32f411ceu6-blackpill/libopencm3/lib/libopencm3_stm32f4.a(flash_common_idcache.o)
                0x0000000008001bfc                flash_icache_disable
 .text.pwr_set_vos_scale
                0x0000000008001c0c       0x18 /home/maddocks/USB-GPIO/i2c-star-stm32f411ceu6-blackpill/libopencm3/lib/libopencm3_stm32f4.a(pwr.o)
                0x0000000008001c0c                pwr_set_vos_scale
 .text.dwc_set_address
                0x0000000008001c24       0x18 /home/maddocks/USB-GPIO/i2c-star-stm32f411ceu6-blackpill/libopencm3/lib/libopencm3_stm32f4.a(usb_dwc_common.o)
                0x0000000008001c24                dwc_set_address
 .text.dwc_ep_setup
                0x0000000008001c3c      0x12a /home/maddocks/USB-GPIO/i2c-star-stm32f411ceu6-blackpill/libopencm3/lib/libopencm3_stm32f4.a(usb_dwc_common.o)
                0x0000000008001c3c                dwc_ep_setup
 .text.dwc_endpoints_reset
                0x0000000008001d66       0x4c /home/maddocks/USB-GPIO/i2c-star-stm32f411ceu6-blackpill/libopencm3/lib/libopencm3_stm32f4.a(usb_dwc_common.o)
                0x0000000008001d66                dwc_endpoints_reset
 .text.dwc_ep_stall_set
                0x0000000008001db2       0x7a /home/maddocks/USB-GPIO/i2c-star-stm32f411ceu6-blackpill/libopencm3/lib/libopencm3_stm32f4.a(usb_dwc_common.o)
                0x0000000008001db2                dwc_ep_stall_set
 .text.dwc_ep_stall_get
                0x0000000008001e2c       0x1c /home/maddocks/USB-GPIO/i2c-star-stm32f411ceu6-blackpill/libopencm3/lib/libopencm3_stm32f4.a(usb_dwc_common.o)
                0x0000000008001e2c                dwc_ep_stall_get
 .text.dwc_ep_nak_set
                0x0000000008001e48       0x28 /home/maddocks/USB-GPIO/i2c-star-stm32f411ceu6-blackpill/libopencm3/lib/libopencm3_stm32f4.a(usb_dwc_common.o)
                0x0000000008001e48                dwc_ep_nak_set
 .text.dwc_ep_write_packet
                0x0000000008001e70       0x4a /home/maddocks/USB-GPIO/i2c-star-stm32f411ceu6-blackpill/libopencm3/lib/libopencm3_stm32f4.a(usb_dwc_common.o)
                0x0000000008001e70                dwc_ep_write_packet
 .text.dwc_ep_read_packet
                0x0000000008001eba       0x74 /home/maddocks/USB-GPIO/i2c-star-stm32f411ceu6-blackpill/libopencm3/lib/libopencm3_stm32f4.a(usb_dwc_common.o)
                0x0000000008001eba                dwc_ep_read_packet
 .text.dwc_poll
                0x0000000008001f2e      0x1ec /home/maddocks/USB-GPIO/i2c-star-stm32f411ceu6-blackpill/libopencm3/lib/libopencm3_stm32f4.a(usb_dwc_common.o)
                0x0000000008001f2e                dwc_poll
 .text.dwc_disconnect
                0x000000000800211a       0x1c /home/maddocks/USB-GPIO/i2c-star-stm32f411ceu6-blackpill/libopencm3/lib/libopencm3_stm32f4.a(usb_dwc_common.o)
                0x000000000800211a                dwc_disconnect
 *fill*         0x0000000008002136        0x2 
 .text          0x0000000008002138       0x10 /usr/lib/gcc/arm-none-eabi/9.2.1/../../../arm-none-eabi/lib/thumb/v7e-m+fp/hard/libc.a(lib_a-abort.o)
                0x0000000008002138                abort
 .text          0x0000000008002148       0x44 /usr/lib/gcc/arm-none-eabi/9.2.1/../../../arm-none-eabi/lib/thumb/v7e-m+fp/hard/libc.a(lib_a-fprintf.o)
                0x0000000008002148                _fprintf_r
                0x0000000008002164                fprintf
 .text          0x000000000800218c      0x564 /usr/lib/gcc/arm-none-eabi/9.2.1/../../../arm-none-eabi/lib/thumb/v7e-m+fp/hard/libc.a(lib_a-mallocr.o)
                0x000000000800218c                _malloc_r
 .text          0x00000000080026f0      0x134 /usr/lib/gcc/arm-none-eabi/9.2.1/../../../arm-none-eabi/lib/thumb/v7e-m+fp/hard/libc.a(lib_a-memcpy.o)
                0x00000000080026f0                memcpy
 .text          0x0000000008002824       0xa0 /usr/lib/gcc/arm-none-eabi/9.2.1/../../../arm-none-eabi/lib/thumb/v7e-m+fp/hard/libc.a(lib_a-memset.o)
                0x0000000008002824                memset
 .text          0x00000000080028c4        0x8 /usr/lib/gcc/arm-none-eabi/9.2.1/../../../arm-none-eabi/lib/thumb/v7e-m+fp/hard/libc.a(lib_a-mlock.o)
                0x00000000080028c4                __malloc_lock
                0x00000000080028c8                __malloc_unlock
 .text          0x00000000080028cc       0x78 /usr/lib/gcc/arm-none-eabi/9.2.1/../../../arm-none-eabi/lib/thumb/v7e-m+fp/hard/libc.a(lib_a-puts.o)
                0x00000000080028cc                _puts_r
                0x0000000008002934                puts
 .text          0x0000000008002944       0x24 /usr/lib/gcc/arm-none-eabi/9.2.1/../../../arm-none-eabi/lib/thumb/v7e-m+fp/hard/libc.a(lib_a-sbrkr.o)
                0x0000000008002944                _sbrk_r
 .text          0x0000000008002968      0x15c /usr/lib/gcc/arm-none-eabi/9.2.1/../../../arm-none-eabi/lib/thumb/v7e-m+fp/hard/libc.a(lib_a-signal.o)
                0x0000000008002990                _init_signal_r
                0x000000000800299c                _signal_r
                0x00000000080029d4                _raise_r
                0x0000000008002a2c                __sigtramp_r
                0x0000000008002a80                raise
                0x0000000008002a90                signal
                0x0000000008002aa0                _init_signal
                0x0000000008002ab4                __sigtramp
 .text          0x0000000008002ac4       0x2c /usr/lib/gcc/arm-none-eabi/9.2.1/../../../arm-none-eabi/lib/thumb/v7e-m+fp/hard/libc.a(lib_a-signalr.o)
                0x0000000008002ac4                _kill_r
                0x0000000008002aec                _getpid_r
 *fill*         0x0000000008002af0       0x10 
 .text          0x0000000008002b00       0xdc /usr/lib/gcc/arm-none-eabi/9.2.1/../../../arm-none-eabi/lib/thumb/v7e-m+fp/hard/libc.a(lib_a-strlen.o)
                0x0000000008002b00                strlen
 *fill*         0x0000000008002bdc        0x4 
 .text          0x0000000008002be0     0x1580 /usr/lib/gcc/arm-none-eabi/9.2.1/../../../arm-none-eabi/lib/thumb/v7e-m+fp/hard/libc.a(lib_a-vfprintf.o)
                0x0000000008002be0                _vfprintf_r
                0x00000000080040dc                vfprintf
 .text          0x0000000008004160       0xd0 /usr/lib/gcc/arm-none-eabi/9.2.1/../../../arm-none-eabi/lib/thumb/v7e-m+fp/hard/libc.a(lib_a-wsetup.o)
                0x0000000008004160                __swsetup_r
 .text          0x0000000008004230      0xfc0 /usr/lib/gcc/arm-none-eabi/9.2.1/../../../arm-none-eabi/lib/thumb/v7e-m+fp/hard/libc.a(lib_a-dtoa.o)
                0x0000000008004354                _dtoa_r
 .text          0x00000000080051f0      0x1a4 /usr/lib/gcc/arm-none-eabi/9.2.1/../../../arm-none-eabi/lib/thumb/v7e-m+fp/hard/libc.a(lib_a-fflush.o)
                0x00000000080051f0                __sflush_r
                0x000000000800533c                _fflush_r
                0x0000000008005370                fflush
 .text          0x0000000008005394      0x1f4 /usr/lib/gcc/arm-none-eabi/9.2.1/../../../arm-none-eabi/lib/thumb/v7e-m+fp/hard/libc.a(lib_a-findfp.o)
                0x0000000008005398                _cleanup_r
                0x000000000800547c                __sfmoreglue
                0x00000000080054ac                __sfp
                0x0000000008005534                _cleanup
                0x0000000008005548                __sinit
                0x0000000008005550                __sfp_lock_acquire
                0x0000000008005554                __sfp_lock_release
                0x0000000008005558                __sinit_lock_acquire
                0x000000000800555c                __sinit_lock_release
                0x0000000008005560                __fp_lock_all
                0x0000000008005574                __fp_unlock_all
 .text          0x0000000008005588      0x294 /usr/lib/gcc/arm-none-eabi/9.2.1/../../../arm-none-eabi/lib/thumb/v7e-m+fp/hard/libc.a(lib_a-freer.o)
                0x0000000008005588                _malloc_trim_r
                0x0000000008005628                _free_r
 .text          0x000000000800581c      0x308 /usr/lib/gcc/arm-none-eabi/9.2.1/../../../arm-none-eabi/lib/thumb/v7e-m+fp/hard/libc.a(lib_a-fvwrite.o)
                0x000000000800581c                __sfvwrite_r
 .text          0x0000000008005b24       0xa0 /usr/lib/gcc/arm-none-eabi/9.2.1/../../../arm-none-eabi/lib/thumb/v7e-m+fp/hard/libc.a(lib_a-fwalk.o)
                0x0000000008005b24                _fwalk
                0x0000000008005b70                _fwalk_reent
 .text          0x0000000008005bc4       0x14 /usr/lib/gcc/arm-none-eabi/9.2.1/../../../arm-none-eabi/lib/thumb/v7e-m+fp/hard/libc.a(lib_a-localeconv.o)
                0x0000000008005bc4                __localeconv_l
                0x0000000008005bc8                _localeconv_r
                0x0000000008005bd0                localeconv
 .text          0x0000000008005bd8       0xf0 /usr/lib/gcc/arm-none-eabi/9.2.1/../../../arm-none-eabi/lib/thumb/v7e-m+fp/hard/libc.a(lib_a-makebuf.o)
                0x0000000008005bd8                __swhatbuf_r
                0x0000000008005c34                __smakebuf_r
 *fill*         0x0000000008005cc8        0x8 
 .text          0x0000000008005cd0       0xa0 /usr/lib/gcc/arm-none-eabi/9.2.1/../../../arm-none-eabi/lib/thumb/v7e-m+fp/hard/libc.a(lib_a-memchr.o)
                0x0000000008005cd0                memchr
 .text          0x0000000008005d70       0xd0 /usr/lib/gcc/arm-none-eabi/9.2.1/../../../arm-none-eabi/lib/thumb/v7e-m+fp/hard/libc.a(lib_a-memmove.o)
                0x0000000008005d70                memmove
 .text          0x0000000008005e40      0x9a8 /usr/lib/gcc/arm-none-eabi/9.2.1/../../../arm-none-eabi/lib/thumb/v7e-m+fp/hard/libc.a(lib_a-mprec.o)
                0x0000000008005e40                _Balloc
                0x0000000008005e8c                _Bfree
                0x0000000008005ea0                __multadd
                0x0000000008005f44                __s2b
                0x0000000008005ff0                __hi0bits
                0x0000000008006030                __lo0bits
                0x0000000008006090                __i2b
                0x00000000080060bc                __multiply
                0x0000000008006208                __pow5mult
                0x00000000080062a0                __lshift
                0x000000000800636c                __mcmp
                0x00000000080063a4                __mdiff
                0x00000000080064cc                __ulp
                0x000000000800651c                __b2d
                0x00000000080065d4                __d2b
                0x00000000080066a8                __ratio
                0x0000000008006708                _mprec_log10
                0x0000000008006748                __copybits
                0x0000000008006790                __any_on
 .text          0x00000000080067e8      0x36c /usr/lib/gcc/arm-none-eabi/9.2.1/../../../arm-none-eabi/lib/thumb/v7e-m+fp/hard/libc.a(lib_a-reallocr.o)
                0x00000000080067e8                _realloc_r
 .text          0x0000000008006b54       0x90 /usr/lib/gcc/arm-none-eabi/9.2.1/../../../arm-none-eabi/lib/thumb/v7e-m+fp/hard/libc.a(lib_a-stdio.o)
                0x0000000008006b54                __sread
                0x0000000008006b78                __seofread
                0x0000000008006b7c                __swrite
                0x0000000008006bbc                __sseek
                0x0000000008006bdc                __sclose
 .text          0x0000000008006be4      0xd00 /usr/lib/gcc/arm-none-eabi/9.2.1/../../../arm-none-eabi/lib/thumb/v7e-m+fp/hard/libc.a(lib_a-vfiprintf.o)
                0x0000000008006c5c                __sprint_r
                0x0000000008006c70                _vfiprintf_r
                0x0000000008007860                vfiprintf
 .text          0x00000000080078e4       0x2c /usr/lib/gcc/arm-none-eabi/9.2.1/../../../arm-none-eabi/lib/thumb/v7e-m+fp/hard/libc.a(lib_a-writer.o)
                0x00000000080078e4                _write_r
 .text          0x0000000008007910       0x48 /usr/lib/gcc/arm-none-eabi/9.2.1/../../../arm-none-eabi/lib/thumb/v7e-m+fp/hard/libc.a(lib_a-assert.o)
                0x0000000008007910                __assert_func
                0x000000000800794c                __assert
 .text          0x0000000008007958       0x60 /usr/lib/gcc/arm-none-eabi/9.2.1/../../../arm-none-eabi/lib/thumb/v7e-m+fp/hard/libc.a(lib_a-callocr.o)
                0x0000000008007958                _calloc_r
 .text          0x00000000080079b8       0x24 /usr/lib/gcc/arm-none-eabi/9.2.1/../../../arm-none-eabi/lib/thumb/v7e-m+fp/hard/libc.a(lib_a-closer.o)
                0x00000000080079b8                _close_r
 .text          0x00000000080079dc       0x98 /usr/lib/gcc/arm-none-eabi/9.2.1/../../../arm-none-eabi/lib/thumb/v7e-m+fp/hard/libc.a(lib_a-fclose.o)
                0x00000000080079dc                _fclose_r
                0x0000000008007a64                fclose
 .text          0x0000000008007a74       0x44 /usr/lib/gcc/arm-none-eabi/9.2.1/../../../arm-none-eabi/lib/thumb/v7e-m+fp/hard/libc.a(lib_a-fiprintf.o)
                0x0000000008007a74                _fiprintf_r
                0x0000000008007a90                fiprintf
 .text          0x0000000008007ab8      0x110 /usr/lib/gcc/arm-none-eabi/9.2.1/../../../arm-none-eabi/lib/thumb/v7e-m+fp/hard/libc.a(lib_a-fputwc.o)
                0x0000000008007ab8                __fputwc
                0x0000000008007b60                _fputwc_r
                0x0000000008007b88                fputwc
 .text          0x0000000008007bc8       0x28 /usr/lib/gcc/arm-none-eabi/9.2.1/../../../arm-none-eabi/lib/thumb/v7e-m+fp/hard/libc.a(lib_a-fstatr.o)
                0x0000000008007bc8                _fstat_r
 .text          0x0000000008007bf0       0x24 /usr/lib/gcc/arm-none-eabi/9.2.1/../../../arm-none-eabi/lib/thumb/v7e-m+fp/hard/libc.a(lib_a-isattyr.o)
                0x0000000008007bf0                _isatty_r
 .text          0x0000000008007c14       0x5c /usr/lib/gcc/arm-none-eabi/9.2.1/../../../arm-none-eabi/lib/thumb/v7e-m+fp/hard/libc.a(lib_a-locale.o)
                0x0000000008007c14                _setlocale_r
                0x0000000008007c54                __locale_mb_cur_max
                0x0000000008007c60                setlocale
 .text          0x0000000008007c70       0x2c /usr/lib/gcc/arm-none-eabi/9.2.1/../../../arm-none-eabi/lib/thumb/v7e-m+fp/hard/libc.a(lib_a-lseekr.o)
                0x0000000008007c70                _lseek_r
 .text          0x0000000008007c9c       0x40 /usr/lib/gcc/arm-none-eabi/9.2.1/../../../arm-none-eabi/lib/thumb/v7e-m+fp/hard/libc.a(lib_a-mbtowc_r.o)
                0x0000000008007c9c                _mbtowc_r
                0x0000000008007cb0                __ascii_mbtowc
 .text          0x0000000008007cdc       0x2c /usr/lib/gcc/arm-none-eabi/9.2.1/../../../arm-none-eabi/lib/thumb/v7e-m+fp/hard/libc.a(lib_a-readr.o)
                0x0000000008007cdc                _read_r
 *fill*         0x0000000008007d08       0x18 
 .text          0x0000000008007d20      0x2dc /usr/lib/gcc/arm-none-eabi/9.2.1/../../../arm-none-eabi/lib/thumb/v7e-m+fp/hard/libc.a(lib_a-strcmp.o)
                0x0000000008007d28                strcmp
 .text          0x0000000008007ffc       0xc0 /usr/lib/gcc/arm-none-eabi/9.2.1/../../../arm-none-eabi/lib/thumb/v7e-m+fp/hard/libc.a(lib_a-wbuf.o)
                0x0000000008007ffc                __swbuf_r
                0x00000000080080ac                __swbuf
 .text          0x00000000080080bc       0x7c /usr/lib/gcc/arm-none-eabi/9.2.1/../../../arm-none-eabi/lib/thumb/v7e-m+fp/hard/libc.a(lib_a-wcrtomb.o)
                0x00000000080080bc                _wcrtomb_r
                0x00000000080080f0                wcrtomb
 .text          0x0000000008008138       0x30 /usr/lib/gcc/arm-none-eabi/9.2.1/../../../arm-none-eabi/lib/thumb/v7e-m+fp/hard/libc.a(lib_a-wctomb_r.o)
                0x0000000008008138                _wctomb_r
                0x000000000800814c                __ascii_wctomb
 .text          0x0000000008008168      0x378 /usr/lib/gcc/arm-none-eabi/9.2.1/thumb/v7e-m+fp/hard/libgcc.a(_arm_addsubdf3.o)
                0x0000000008008168                __aeabi_drsub
                0x0000000008008170                __aeabi_dsub
                0x0000000008008170                __subdf3
                0x0000000008008174                __adddf3
                0x0000000008008174                __aeabi_dadd
                0x00000000080083ec                __aeabi_ui2d
                0x00000000080083ec                __floatunsidf
                0x000000000800840c                __floatsidf
                0x000000000800840c                __aeabi_i2d
                0x0000000008008430                __extendsfdf2
                0x0000000008008430                __aeabi_f2d
                0x0000000008008474                __aeabi_ul2d
                0x0000000008008474                __floatundidf
                0x0000000008008484                __floatdidf
                0x0000000008008484                __aeabi_l2d
 .text          0x00000000080084e0      0x424 /usr/lib/gcc/arm-none-eabi/9.2.1/thumb/v7e-m+fp/hard/libgcc.a(_arm_muldivdf3.o)
                0x00000000080084e0                __aeabi_dmul
                0x00000000080084e0                __muldf3
                0x0000000008008734                __aeabi_ddiv
                0x0000000008008734                __divdf3
 .text          0x0000000008008904      0x110 /usr/lib/gcc/arm-none-eabi/9.2.1/thumb/v7e-m+fp/hard/libgcc.a(_arm_cmpdf2.o)
                0x0000000008008904                __gtdf2
                0x0000000008008904                __gedf2
                0x000000000800890c                __ltdf2
                0x000000000800890c                __ledf2
                0x0000000008008914                __cmpdf2
                0x0000000008008914                __eqdf2
                0x0000000008008914                __nedf2
                0x0000000008008990                __aeabi_cdrcmple
                0x00000000080089a0                __aeabi_cdcmple
                0x00000000080089a0                __aeabi_cdcmpeq
                0x00000000080089b0                __aeabi_dcmpeq
                0x00000000080089c4                __aeabi_dcmplt
                0x00000000080089d8                __aeabi_dcmple
                0x00000000080089ec                __aeabi_dcmpge
                0x0000000008008a00                __aeabi_dcmpgt
 .text          0x0000000008008a14       0x2c /usr/lib/gcc/arm-none-eabi/9.2.1/thumb/v7e-m+fp/hard/libgcc.a(_arm_unorddf2.o)
                0x0000000008008a14                __aeabi_dcmpun
                0x0000000008008a14                __unorddf2
 .text          0x0000000008008a40       0x50 /usr/lib/gcc/arm-none-eabi/9.2.1/thumb/v7e-m+fp/hard/libgcc.a(_arm_fixdfsi.o)
                0x0000000008008a40                __fixdfsi
                0x0000000008008a40                __aeabi_d2iz
 .text          0x0000000008008a90       0x30 /usr/lib/gcc/arm-none-eabi/9.2.1/thumb/v7e-m+fp/hard/libgcc.a(_aeabi_uldivmod.o)
                0x0000000008008a90                __aeabi_uldivmod
 .text          0x0000000008008ac0      0x2c4 /usr/lib/gcc/arm-none-eabi/9.2.1/thumb/v7e-m+fp/hard/libgcc.a(_udivmoddi4.o)
                0x0000000008008ac0                __udivmoddi4
 .text          0x0000000008008d84        0x4 /usr/lib/gcc/arm-none-eabi/9.2.1/thumb/v7e-m+fp/hard/libgcc.a(_dvmd_tls.o)
                0x0000000008008d84                __aeabi_ldiv0
                0x0000000008008d84                __aeabi_idiv0
 .text          0x0000000008008d88       0x10 /usr/lib/gcc/arm-none-eabi/9.2.1/../../../arm-none-eabi/lib/thumb/v7e-m+fp/hard/libnosys.a(close.o)
                0x0000000008008d88                _close
 .text          0x0000000008008d98       0x10 /usr/lib/gcc/arm-none-eabi/9.2.1/../../../arm-none-eabi/lib/thumb/v7e-m+fp/hard/libnosys.a(fstat.o)
                0x0000000008008d98                _fstat
 .text          0x0000000008008da8       0x10 /usr/lib/gcc/arm-none-eabi/9.2.1/../../../arm-none-eabi/lib/thumb/v7e-m+fp/hard/libnosys.a(getpid.o)
                0x0000000008008da8                _getpid
 .text          0x0000000008008db8       0x10 /usr/lib/gcc/arm-none-eabi/9.2.1/../../../arm-none-eabi/lib/thumb/v7e-m+fp/hard/libnosys.a(isatty.o)
                0x0000000008008db8                _isatty
 .text          0x0000000008008dc8       0x10 /usr/lib/gcc/arm-none-eabi/9.2.1/../../../arm-none-eabi/lib/thumb/v7e-m+fp/hard/libnosys.a(kill.o)
                0x0000000008008dc8                _kill
 .text          0x0000000008008dd8       0x10 /usr/lib/gcc/arm-none-eabi/9.2.1/../../../arm-none-eabi/lib/thumb/v7e-m+fp/hard/libnosys.a(lseek.o)
                0x0000000008008dd8                _lseek
 .text          0x0000000008008de8       0x10 /usr/lib/gcc/arm-none-eabi/9.2.1/../../../arm-none-eabi/lib/thumb/v7e-m+fp/hard/libnosys.a(read.o)
                0x0000000008008de8                _read
 .text          0x0000000008008df8       0x1c /usr/lib/gcc/arm-none-eabi/9.2.1/../../../arm-none-eabi/lib/thumb/v7e-m+fp/hard/libnosys.a(sbrk.o)
                0x0000000008008df8                _sbrk
 .text          0x0000000008008e14       0x10 /usr/lib/gcc/arm-none-eabi/9.2.1/../../../arm-none-eabi/lib/thumb/v7e-m+fp/hard/libnosys.a(write.o)
                0x0000000008008e14                _write
 .text          0x0000000008008e24        0x4 /usr/lib/gcc/arm-none-eabi/9.2.1/../../../arm-none-eabi/lib/thumb/v7e-m+fp/hard/libnosys.a(_exit.o)
                0x0000000008008e24                _exit
                0x0000000008008e28                . = ALIGN (0x4)
 *(.rodata*)
 .rodata.i2c_ctx_is_timed_out.str1.1
                0x0000000008008e28       0x1a i2c_ctx.o
 .rodata.str1.1
                0x0000000008008e42       0xc2 i2c_ctx.o
 .rodata.i2c_sr1_desc
                0x0000000008008f04       0x80 i2c_ctx.o
 .rodata.fregdump_single.str1.1
                0x0000000008008f84       0x1d regdump.o
 .rodata.str1.1
                0x0000000008008fa1       0x26 i2c-stm32f4-usb.o
 .rodata.config
                0x0000000008008fc7        0xd i2c-stm32f4-usb.o
 .rodata.dev    0x0000000008008fd4       0x12 i2c-stm32f4-usb.o
 .rodata.gpio_endpoint
                0x0000000008008fe6        0xf i2c-stm32f4-usb.o
                0x0000000008008fe6                gpio_endpoint
 .rodata.gpio_iface
                0x0000000008008ff5       0x15 i2c-stm32f4-usb.o
                0x0000000008008ff5                gpio_iface
 .rodata.i2c_endpoint
                0x000000000800900a        0xf i2c-stm32f4-usb.o
                0x000000000800900a                i2c_endpoint
 .rodata.i2c_iface
                0x0000000008009019       0x15 i2c-stm32f4-usb.o
                0x0000000008009019                i2c_iface
 *fill*         0x000000000800902e        0x2 
 .rodata.ifaces
                0x0000000008009030       0x20 i2c-stm32f4-usb.o
                0x0000000008009030                ifaces
 .rodata.rcc_hse_25mhz_3v3
                0x0000000008009050       0x54 /home/maddocks/USB-GPIO/i2c-star-stm32f411ceu6-blackpill/libopencm3/lib/libopencm3_stm32f4.a(rcc.o)
                0x0000000008009050                rcc_hse_25mhz_3v3
 .rodata.stm32f107_usb_driver
                0x00000000080090a4       0x34 /home/maddocks/USB-GPIO/i2c-star-stm32f411ceu6-blackpill/libopencm3/lib/libopencm3_stm32f4.a(usb_f107.o)
                0x00000000080090a4                stm32f107_usb_driver
 .rodata        0x00000000080090d8        0x4 /usr/lib/gcc/arm-none-eabi/9.2.1/../../../arm-none-eabi/lib/thumb/v7e-m+fp/hard/libc.a(lib_a-impure.o)
                0x00000000080090d8                _global_impure_ptr
 .rodata.str1.4
                0x00000000080090dc        0x2 /usr/lib/gcc/arm-none-eabi/9.2.1/../../../arm-none-eabi/lib/thumb/v7e-m+fp/hard/libc.a(lib_a-puts.o)
 *fill*         0x00000000080090de        0x2 
 .rodata        0x00000000080090e0       0x20 /usr/lib/gcc/arm-none-eabi/9.2.1/../../../arm-none-eabi/lib/thumb/v7e-m+fp/hard/libc.a(lib_a-vfprintf.o)
 .rodata.str1.4
                0x0000000008009100       0x42 /usr/lib/gcc/arm-none-eabi/9.2.1/../../../arm-none-eabi/lib/thumb/v7e-m+fp/hard/libc.a(lib_a-vfprintf.o)
 *fill*         0x0000000008009142        0x2 
 .rodata.str1.4
                0x0000000008009144       0x56 /usr/lib/gcc/arm-none-eabi/9.2.1/../../../arm-none-eabi/lib/thumb/v7e-m+fp/hard/libc.a(lib_a-dtoa.o)
                                         0x5a (size before relaxing)
 *fill*         0x000000000800919a        0x6 
 .rodata        0x00000000080091a0      0x128 /usr/lib/gcc/arm-none-eabi/9.2.1/../../../arm-none-eabi/lib/thumb/v7e-m+fp/hard/libc.a(lib_a-mprec.o)
                0x00000000080091b0                __mprec_tens
                0x0000000008009278                __mprec_tinytens
                0x00000000080092a0                __mprec_bigtens
 .rodata.str1.4
                0x00000000080092c8       0x33 /usr/lib/gcc/arm-none-eabi/9.2.1/../../../arm-none-eabi/lib/thumb/v7e-m+fp/hard/libc.a(lib_a-mprec.o)
                                         0x47 (size before relaxing)
 *fill*         0x00000000080092fb        0x1 
 .rodata        0x00000000080092fc       0x20 /usr/lib/gcc/arm-none-eabi/9.2.1/../../../arm-none-eabi/lib/thumb/v7e-m+fp/hard/libc.a(lib_a-vfiprintf.o)
 .rodata.str1.4
                0x000000000800931c       0x2f /usr/lib/gcc/arm-none-eabi/9.2.1/../../../arm-none-eabi/lib/thumb/v7e-m+fp/hard/libc.a(lib_a-vfiprintf.o)
 .rodata.str1.4
                0x000000000800931c       0x3f /usr/lib/gcc/arm-none-eabi/9.2.1/../../../arm-none-eabi/lib/thumb/v7e-m+fp/hard/libc.a(lib_a-assert.o)
                                         0x43 (size before relaxing)
 *fill*         0x000000000800935b        0x1 
 .rodata.str1.4
                0x000000000800935c        0xe /usr/lib/gcc/arm-none-eabi/9.2.1/../../../arm-none-eabi/lib/thumb/v7e-m+fp/hard/libc.a(lib_a-locale.o)
                                         0x12 (size before relaxing)
 *fill*         0x000000000800936a        0x2 
 .rodata        0x000000000800936c      0x101 /usr/lib/gcc/arm-none-eabi/9.2.1/../../../arm-none-eabi/lib/thumb/v7e-m+fp/hard/libc.a(lib_a-ctype_.o)
                0x000000000800936c                _ctype_
                0x0000000008009470                . = ALIGN (0x4)
 *fill*         0x000000000800946d        0x3 

.glue_7         0x0000000008009470        0x0
 .glue_7        0x0000000008009470        0x0 linker stubs

.glue_7t        0x0000000008009470        0x0
 .glue_7t       0x0000000008009470        0x0 linker stubs

.vfp11_veneer   0x0000000008009470        0x0
 .vfp11_veneer  0x0000000008009470        0x0 linker stubs

.v4_bx          0x0000000008009470        0x0
 .v4_bx         0x0000000008009470        0x0 linker stubs

.iplt           0x0000000008009470        0x0
 .iplt          0x0000000008009470        0x0 i2c_ctx.o

.preinit_array  0x0000000008009470        0x0
                0x0000000008009470                . = ALIGN (0x4)
                0x0000000008009470                __preinit_array_start = .
 *(.preinit_array)
                0x0000000008009470                __preinit_array_end = .

.init_array     0x0000000008009470        0x0
                0x0000000008009470                . = ALIGN (0x4)
                0x0000000008009470                __init_array_start = .
 *(SORT_BY_NAME(.init_array.*))
 *(.init_array)
                0x0000000008009470                __init_array_end = .

.fini_array     0x0000000008009470        0x0
                0x0000000008009470                . = ALIGN (0x4)
                0x0000000008009470                __fini_array_start = .
 *(.fini_array)
 *(SORT_BY_NAME(.fini_array.*))
                0x0000000008009470                __fini_array_end = .

.ARM.extab
 *(.ARM.extab*)

.ARM.exidx      0x0000000008009470        0x8
                0x0000000008009470                __exidx_start = .
 *(.ARM.exidx*)
 .ARM.exidx     0x0000000008009470        0x8 /usr/lib/gcc/arm-none-eabi/9.2.1/thumb/v7e-m+fp/hard/libgcc.a(_udivmoddi4.o)
                0x0000000008009478                __exidx_end = .

.rel.dyn        0x0000000008009478        0x0
 .rel.iplt      0x0000000008009478        0x0 i2c_ctx.o
                0x0000000008009478                . = ALIGN (0x4)
                0x0000000008009478                _etext = .

.data           0x0000000020000000      0xa04 load address 0x0000000008009478
                0x0000000020000000                _data = .
 *(.data*)
 .data.kernel   0x0000000020000000       0x34 fibre.o
 .data.usb_strings
                0x0000000020000034        0x8 i2c-stm32f4-usb.o
 .data.usb_task
                0x000000002000003c       0x10 i2c-stm32f4-usb.o
 .data.rcc_ahb_frequency
                0x000000002000004c        0x4 /home/maddocks/USB-GPIO/i2c-star-stm32f411ceu6-blackpill/libopencm3/lib/libopencm3_stm32f4.a(rcc.o)
                0x000000002000004c                rcc_ahb_frequency
 .data.rcc_apb1_frequency
                0x0000000020000050        0x4 /home/maddocks/USB-GPIO/i2c-star-stm32f411ceu6-blackpill/libopencm3/lib/libopencm3_stm32f4.a(rcc.o)
                0x0000000020000050                rcc_apb1_frequency
 .data.rcc_apb2_frequency
                0x0000000020000054        0x4 /home/maddocks/USB-GPIO/i2c-star-stm32f411ceu6-blackpill/libopencm3/lib/libopencm3_stm32f4.a(rcc.o)
                0x0000000020000054                rcc_apb2_frequency
 .data          0x0000000020000058      0x430 /usr/lib/gcc/arm-none-eabi/9.2.1/../../../arm-none-eabi/lib/thumb/v7e-m+fp/hard/libc.a(lib_a-impure.o)
                0x0000000020000058                _impure_ptr
 .data          0x0000000020000488      0x410 /usr/lib/gcc/arm-none-eabi/9.2.1/../../../arm-none-eabi/lib/thumb/v7e-m+fp/hard/libc.a(lib_a-mallocr.o)
                0x0000000020000488                __malloc_av_
                0x0000000020000890                __malloc_sbrk_base
                0x0000000020000894                __malloc_trim_threshold
 .data          0x0000000020000898      0x16c /usr/lib/gcc/arm-none-eabi/9.2.1/../../../arm-none-eabi/lib/thumb/v7e-m+fp/hard/libc.a(lib_a-locale.o)
                0x0000000020000898                __global_locale
                0x0000000020000a04                . = ALIGN (0x4)
                0x0000000020000a04                _edata = .
                0x0000000008009478                _data_loadaddr = LOADADDR (.data)

.igot.plt       0x0000000020000a04        0x0 load address 0x0000000008009e7c
 .igot.plt      0x0000000020000a04        0x0 i2c_ctx.o

.bss            0x0000000020000a08      0x228 load address 0x0000000008009e7c
 *(.bss*)
 .bss.atomic_runq_buf
                0x0000000020000a08       0x20 fibre.o
 .bss.sys_tick_counter
                0x0000000020000a28        0x8 time_libopencm3.o
 .bss.reply_buf.8500
                0x0000000020000a30       0x40 i2c-stm32f4-usb.o
 .bss.status    0x0000000020000a70        0x1 i2c-stm32f4-usb.o
 .bss.usbd_control_buffer
                0x0000000020000a71       0x80 i2c-stm32f4-usb.o
                0x0000000020000a71                usbd_control_buffer
 *fill*         0x0000000020000af1        0x3 
 .bss.usbd_dev  0x0000000020000af4        0x4 i2c-stm32f4-usb.o
 .bss.usbd_dev  0x0000000020000af8       0xfc /home/maddocks/USB-GPIO/i2c-star-stm32f411ceu6-blackpill/libopencm3/lib/libopencm3_stm32f4.a(usb_f107.o)
 .bss           0x0000000020000bf4       0x34 /usr/lib/gcc/arm-none-eabi/9.2.1/../../../arm-none-eabi/lib/thumb/v7e-m+fp/hard/libc.a(lib_a-mallocr.o)
                0x0000000020000bf4                __malloc_top_pad
                0x0000000020000bf8                __malloc_current_mallinfo
                0x0000000020000c20                __malloc_max_sbrked_mem
                0x0000000020000c24                __malloc_max_total_mem
 .bss           0x0000000020000c28        0x4 /usr/lib/gcc/arm-none-eabi/9.2.1/../../../arm-none-eabi/lib/thumb/v7e-m+fp/hard/libnosys.a(sbrk.o)
 *(COMMON)
 COMMON         0x0000000020000c2c        0x4 /usr/lib/gcc/arm-none-eabi/9.2.1/../../../arm-none-eabi/lib/thumb/v7e-m+fp/hard/libc.a(lib_a-reent.o)
                0x0000000020000c2c                errno
                0x0000000020000c30                . = ALIGN (0x4)
                0x0000000020000c30                _ebss = .

/DISCARD/
 *(.eh_frame)
                0x0000000020000c30                . = ALIGN (0x4)
                0x0000000020000c30                end = .
                0x0000000020020000                PROVIDE (_stack = (ORIGIN (ram) + LENGTH (ram)))
OUTPUT(i2c-stm32f4-usb.elf elf32-littlearm)
LOAD linker stubs

.debug_info     0x0000000000000000    0x40e99
 .debug_info    0x0000000000000000     0x1a1b i2c_ctx.o
 .debug_info    0x0000000000001a1b      0x235 bitops.o
 .debug_info    0x0000000000001c50     0x152b fibre.o
 .debug_info    0x000000000000317b       0xd0 fibre_default.o
 .debug_info    0x000000000000324b      0xdf4 list.o
 .debug_info    0x000000000000403f      0xc43 messageq.o
 .debug_info    0x0000000000004c82      0xbb1 regdump.o
 .debug_info    0x0000000000005833      0x155 time_libopencm3.o
 .debug_info    0x0000000000005988      0xb15 util.o
 .debug_info    0x000000000000649d     0x2417 i2c-stm32f4-usb.o
 .debug_info    0x00000000000088b4      0x24e /home/maddocks/USB-GPIO/i2c-star-stm32f411ceu6-blackpill/libopencm3/lib/libopencm3_stm32f4.a(gpio_common_all.o)
 .debug_info    0x0000000000008b02      0x20f /home/maddocks/USB-GPIO/i2c-star-stm32f411ceu6-blackpill/libopencm3/lib/libopencm3_stm32f4.a(gpio_common_f0234.o)
 .debug_info    0x0000000000008d11      0xdfb /home/maddocks/USB-GPIO/i2c-star-stm32f411ceu6-blackpill/libopencm3/lib/libopencm3_stm32f4.a(i2c_common_v1.o)
 .debug_info    0x0000000000009b0c      0xa92 /home/maddocks/USB-GPIO/i2c-star-stm32f411ceu6-blackpill/libopencm3/lib/libopencm3_stm32f4.a(rcc_common_all.o)
 .debug_info    0x000000000000a59e     0x1026 /home/maddocks/USB-GPIO/i2c-star-stm32f411ceu6-blackpill/libopencm3/lib/libopencm3_stm32f4.a(rcc.o)
 .debug_info    0x000000000000b5c4     0x17c9 /home/maddocks/USB-GPIO/i2c-star-stm32f411ceu6-blackpill/libopencm3/lib/libopencm3_stm32f4.a(usb.o)
 .debug_info    0x000000000000cd8d     0x1f8e /home/maddocks/USB-GPIO/i2c-star-stm32f411ceu6-blackpill/libopencm3/lib/libopencm3_stm32f4.a(usb_standard.o)
 .debug_info    0x000000000000ed1b     0x18ec /home/maddocks/USB-GPIO/i2c-star-stm32f411ceu6-blackpill/libopencm3/lib/libopencm3_stm32f4.a(usb_control.o)
 .debug_info    0x0000000000010607     0x18d3 /home/maddocks/USB-GPIO/i2c-star-stm32f411ceu6-blackpill/libopencm3/lib/libopencm3_stm32f4.a(usb_f107.o)
 .debug_info    0x0000000000011eda      0x2e6 /home/maddocks/USB-GPIO/i2c-star-stm32f411ceu6-blackpill/libopencm3/lib/libopencm3_stm32f4.a(vector.o)
 .debug_info    0x00000000000121c0      0x268 /home/maddocks/USB-GPIO/i2c-star-stm32f411ceu6-blackpill/libopencm3/lib/libopencm3_stm32f4.a(systick.o)
 .debug_info    0x0000000000012428       0xf0 /home/maddocks/USB-GPIO/i2c-star-stm32f411ceu6-blackpill/libopencm3/lib/libopencm3_stm32f4.a(flash_common_all.o)
 .debug_info    0x0000000000012518       0xe8 /home/maddocks/USB-GPIO/i2c-star-stm32f411ceu6-blackpill/libopencm3/lib/libopencm3_stm32f4.a(flash_common_idcache.o)
 .debug_info    0x0000000000012600       0xdc /home/maddocks/USB-GPIO/i2c-star-stm32f411ceu6-blackpill/libopencm3/lib/libopencm3_stm32f4.a(pwr.o)
 .debug_info    0x00000000000126dc     0x17f0 /home/maddocks/USB-GPIO/i2c-star-stm32f411ceu6-blackpill/libopencm3/lib/libopencm3_stm32f4.a(usb_dwc_common.o)
 .debug_info    0x0000000000013ecc      0x9b5 /usr/lib/gcc/arm-none-eabi/9.2.1/../../../arm-none-eabi/lib/thumb/v7e-m+fp/hard/libc.a(lib_a-abort.o)
 .debug_info    0x0000000000014881      0xa7a /usr/lib/gcc/arm-none-eabi/9.2.1/../../../arm-none-eabi/lib/thumb/v7e-m+fp/hard/libc.a(lib_a-fprintf.o)
 .debug_info    0x00000000000152fb      0x92a /usr/lib/gcc/arm-none-eabi/9.2.1/../../../arm-none-eabi/lib/thumb/v7e-m+fp/hard/libc.a(lib_a-impure.o)
 .debug_info    0x0000000000015c25      0xf41 /usr/lib/gcc/arm-none-eabi/9.2.1/../../../arm-none-eabi/lib/thumb/v7e-m+fp/hard/libc.a(lib_a-mallocr.o)
 .debug_info    0x0000000000016b66       0x26 /usr/lib/gcc/arm-none-eabi/9.2.1/../../../arm-none-eabi/lib/thumb/v7e-m+fp/hard/libc.a(lib_a-memcpy.o)
 .debug_info    0x0000000000016b8c      0xf21 /usr/lib/gcc/arm-none-eabi/9.2.1/../../../arm-none-eabi/lib/thumb/v7e-m+fp/hard/libc.a(lib_a-memset.o)
 .debug_info    0x0000000000017aad      0x961 /usr/lib/gcc/arm-none-eabi/9.2.1/../../../arm-none-eabi/lib/thumb/v7e-m+fp/hard/libc.a(lib_a-mlock.o)
 .debug_info    0x000000000001840e      0xce5 /usr/lib/gcc/arm-none-eabi/9.2.1/../../../arm-none-eabi/lib/thumb/v7e-m+fp/hard/libc.a(lib_a-puts.o)
 .debug_info    0x00000000000190f3      0x9fb /usr/lib/gcc/arm-none-eabi/9.2.1/../../../arm-none-eabi/lib/thumb/v7e-m+fp/hard/libc.a(lib_a-sbrkr.o)
 .debug_info    0x0000000000019aee      0xd5c /usr/lib/gcc/arm-none-eabi/9.2.1/../../../arm-none-eabi/lib/thumb/v7e-m+fp/hard/libc.a(lib_a-signal.o)
 .debug_info    0x000000000001a84a      0xa44 /usr/lib/gcc/arm-none-eabi/9.2.1/../../../arm-none-eabi/lib/thumb/v7e-m+fp/hard/libc.a(lib_a-signalr.o)
 .debug_info    0x000000000001b28e       0x26 /usr/lib/gcc/arm-none-eabi/9.2.1/../../../arm-none-eabi/lib/thumb/v7e-m+fp/hard/libc.a(lib_a-strlen.o)
 .debug_info    0x000000000001b2b4     0x209a /usr/lib/gcc/arm-none-eabi/9.2.1/../../../arm-none-eabi/lib/thumb/v7e-m+fp/hard/libc.a(lib_a-vfprintf.o)
 .debug_info    0x000000000001d34e      0xbf3 /usr/lib/gcc/arm-none-eabi/9.2.1/../../../arm-none-eabi/lib/thumb/v7e-m+fp/hard/libc.a(lib_a-wsetup.o)
 .debug_info    0x000000000001df41     0x1acf /usr/lib/gcc/arm-none-eabi/9.2.1/../../../arm-none-eabi/lib/thumb/v7e-m+fp/hard/libc.a(lib_a-dtoa.o)
 .debug_info    0x000000000001fa10      0xd73 /usr/lib/gcc/arm-none-eabi/9.2.1/../../../arm-none-eabi/lib/thumb/v7e-m+fp/hard/libc.a(lib_a-fflush.o)
 .debug_info    0x0000000000020783     0x1143 /usr/lib/gcc/arm-none-eabi/9.2.1/../../../arm-none-eabi/lib/thumb/v7e-m+fp/hard/libc.a(lib_a-findfp.o)
 .debug_info    0x00000000000218c6      0xdc4 /usr/lib/gcc/arm-none-eabi/9.2.1/../../../arm-none-eabi/lib/thumb/v7e-m+fp/hard/libc.a(lib_a-freer.o)
 .debug_info    0x000000000002268a      0xeed /usr/lib/gcc/arm-none-eabi/9.2.1/../../../arm-none-eabi/lib/thumb/v7e-m+fp/hard/libc.a(lib_a-fvwrite.o)
 .debug_info    0x0000000000023577      0xca4 /usr/lib/gcc/arm-none-eabi/9.2.1/../../../arm-none-eabi/lib/thumb/v7e-m+fp/hard/libc.a(lib_a-fwalk.o)
 .debug_info    0x000000000002421b      0xf49 /usr/lib/gcc/arm-none-eabi/9.2.1/../../../arm-none-eabi/lib/thumb/v7e-m+fp/hard/libc.a(lib_a-localeconv.o)
 .debug_info    0x0000000000025164      0xf69 /usr/lib/gcc/arm-none-eabi/9.2.1/../../../arm-none-eabi/lib/thumb/v7e-m+fp/hard/libc.a(lib_a-makebuf.o)
 .debug_info    0x00000000000260cd       0x26 /usr/lib/gcc/arm-none-eabi/9.2.1/../../../arm-none-eabi/lib/thumb/v7e-m+fp/hard/libc.a(lib_a-memchr.o)
 .debug_info    0x00000000000260f3      0xf2b /usr/lib/gcc/arm-none-eabi/9.2.1/../../../arm-none-eabi/lib/thumb/v7e-m+fp/hard/libc.a(lib_a-memmove.o)
 .debug_info    0x000000000002701e     0x228d /usr/lib/gcc/arm-none-eabi/9.2.1/../../../arm-none-eabi/lib/thumb/v7e-m+fp/hard/libc.a(lib_a-mprec.o)
 .debug_info    0x00000000000292ab      0xefd /usr/lib/gcc/arm-none-eabi/9.2.1/../../../arm-none-eabi/lib/thumb/v7e-m+fp/hard/libc.a(lib_a-reallocr.o)
 .debug_info    0x000000000002a1a8      0xac5 /usr/lib/gcc/arm-none-eabi/9.2.1/../../../arm-none-eabi/lib/thumb/v7e-m+fp/hard/libc.a(lib_a-reent.o)
 .debug_info    0x000000000002ac6d      0xe67 /usr/lib/gcc/arm-none-eabi/9.2.1/../../../arm-none-eabi/lib/thumb/v7e-m+fp/hard/libc.a(lib_a-stdio.o)
 .debug_info    0x000000000002bad4     0x1eb6 /usr/lib/gcc/arm-none-eabi/9.2.1/../../../arm-none-eabi/lib/thumb/v7e-m+fp/hard/libc.a(lib_a-vfiprintf.o)
 .debug_info    0x000000000002d98a      0xa2c /usr/lib/gcc/arm-none-eabi/9.2.1/../../../arm-none-eabi/lib/thumb/v7e-m+fp/hard/libc.a(lib_a-writer.o)
 .debug_info    0x000000000002e3b6      0xa41 /usr/lib/gcc/arm-none-eabi/9.2.1/../../../arm-none-eabi/lib/thumb/v7e-m+fp/hard/libc.a(lib_a-assert.o)
 .debug_info    0x000000000002edf7      0xc2f /usr/lib/gcc/arm-none-eabi/9.2.1/../../../arm-none-eabi/lib/thumb/v7e-m+fp/hard/libc.a(lib_a-callocr.o)
 .debug_info    0x000000000002fa26      0x9d8 /usr/lib/gcc/arm-none-eabi/9.2.1/../../../arm-none-eabi/lib/thumb/v7e-m+fp/hard/libc.a(lib_a-closer.o)
 .debug_info    0x00000000000303fe      0xcd5 /usr/lib/gcc/arm-none-eabi/9.2.1/../../../arm-none-eabi/lib/thumb/v7e-m+fp/hard/libc.a(lib_a-fclose.o)
 .debug_info    0x00000000000310d3      0xa71 /usr/lib/gcc/arm-none-eabi/9.2.1/../../../arm-none-eabi/lib/thumb/v7e-m+fp/hard/libc.a(lib_a-fiprintf.o)
 .debug_info    0x0000000000031b44      0xe4a /usr/lib/gcc/arm-none-eabi/9.2.1/../../../arm-none-eabi/lib/thumb/v7e-m+fp/hard/libc.a(lib_a-fputwc.o)
 .debug_info    0x000000000003298e      0xc24 /usr/lib/gcc/arm-none-eabi/9.2.1/../../../arm-none-eabi/lib/thumb/v7e-m+fp/hard/libc.a(lib_a-fstatr.o)
 .debug_info    0x00000000000335b2      0x9d8 /usr/lib/gcc/arm-none-eabi/9.2.1/../../../arm-none-eabi/lib/thumb/v7e-m+fp/hard/libc.a(lib_a-isattyr.o)
 .debug_info    0x0000000000033f8a     0x10ca /usr/lib/gcc/arm-none-eabi/9.2.1/../../../arm-none-eabi/lib/thumb/v7e-m+fp/hard/libc.a(lib_a-locale.o)
 .debug_info    0x0000000000035054      0xa0d /usr/lib/gcc/arm-none-eabi/9.2.1/../../../arm-none-eabi/lib/thumb/v7e-m+fp/hard/libc.a(lib_a-lseekr.o)
 .debug_info    0x0000000000035a61     0x1044 /usr/lib/gcc/arm-none-eabi/9.2.1/../../../arm-none-eabi/lib/thumb/v7e-m+fp/hard/libc.a(lib_a-mbtowc_r.o)
 .debug_info    0x0000000000036aa5      0xa25 /usr/lib/gcc/arm-none-eabi/9.2.1/../../../arm-none-eabi/lib/thumb/v7e-m+fp/hard/libc.a(lib_a-readr.o)
 .debug_info    0x00000000000374ca       0x26 /usr/lib/gcc/arm-none-eabi/9.2.1/../../../arm-none-eabi/lib/thumb/v7e-m+fp/hard/libc.a(lib_a-strcmp.o)
 .debug_info    0x00000000000374f0      0xc90 /usr/lib/gcc/arm-none-eabi/9.2.1/../../../arm-none-eabi/lib/thumb/v7e-m+fp/hard/libc.a(lib_a-wbuf.o)
 .debug_info    0x0000000000038180     0x10b3 /usr/lib/gcc/arm-none-eabi/9.2.1/../../../arm-none-eabi/lib/thumb/v7e-m+fp/hard/libc.a(lib_a-wcrtomb.o)
 .debug_info    0x0000000000039233      0xffd /usr/lib/gcc/arm-none-eabi/9.2.1/../../../arm-none-eabi/lib/thumb/v7e-m+fp/hard/libc.a(lib_a-wctomb_r.o)
 .debug_info    0x000000000003a230      0xe91 /usr/lib/gcc/arm-none-eabi/9.2.1/../../../arm-none-eabi/lib/thumb/v7e-m+fp/hard/libc.a(lib_a-ctype_.o)
 .debug_info    0x000000000003b0c1       0x26 /usr/lib/gcc/arm-none-eabi/9.2.1/thumb/v7e-m+fp/hard/libgcc.a(_arm_addsubdf3.o)
 .debug_info    0x000000000003b0e7       0x26 /usr/lib/gcc/arm-none-eabi/9.2.1/thumb/v7e-m+fp/hard/libgcc.a(_arm_muldivdf3.o)
 .debug_info    0x000000000003b10d       0x26 /usr/lib/gcc/arm-none-eabi/9.2.1/thumb/v7e-m+fp/hard/libgcc.a(_arm_cmpdf2.o)
 .debug_info    0x000000000003b133       0x26 /usr/lib/gcc/arm-none-eabi/9.2.1/thumb/v7e-m+fp/hard/libgcc.a(_arm_unorddf2.o)
 .debug_info    0x000000000003b159       0x26 /usr/lib/gcc/arm-none-eabi/9.2.1/thumb/v7e-m+fp/hard/libgcc.a(_arm_fixdfsi.o)
 .debug_info    0x000000000003b17f       0x26 /usr/lib/gcc/arm-none-eabi/9.2.1/thumb/v7e-m+fp/hard/libgcc.a(_aeabi_uldivmod.o)
 .debug_info    0x000000000003b1a5      0xd7c /usr/lib/gcc/arm-none-eabi/9.2.1/thumb/v7e-m+fp/hard/libgcc.a(_udivmoddi4.o)
 .debug_info    0x000000000003bf21       0x26 /usr/lib/gcc/arm-none-eabi/9.2.1/thumb/v7e-m+fp/hard/libgcc.a(_dvmd_tls.o)
 .debug_info    0x000000000003bf47      0x96e /usr/lib/gcc/arm-none-eabi/9.2.1/../../../arm-none-eabi/lib/thumb/v7e-m+fp/hard/libnosys.a(close.o)
 .debug_info    0x000000000003c8b5      0xbb1 /usr/lib/gcc/arm-none-eabi/9.2.1/../../../arm-none-eabi/lib/thumb/v7e-m+fp/hard/libnosys.a(fstat.o)
 .debug_info    0x000000000003d466      0x959 /usr/lib/gcc/arm-none-eabi/9.2.1/../../../arm-none-eabi/lib/thumb/v7e-m+fp/hard/libnosys.a(getpid.o)
 .debug_info    0x000000000003ddbf      0x96e /usr/lib/gcc/arm-none-eabi/9.2.1/../../../arm-none-eabi/lib/thumb/v7e-m+fp/hard/libnosys.a(isatty.o)
 .debug_info    0x000000000003e72d      0x97c /usr/lib/gcc/arm-none-eabi/9.2.1/../../../arm-none-eabi/lib/thumb/v7e-m+fp/hard/libnosys.a(kill.o)
 .debug_info    0x000000000003f0a9      0x990 /usr/lib/gcc/arm-none-eabi/9.2.1/../../../arm-none-eabi/lib/thumb/v7e-m+fp/hard/libnosys.a(lseek.o)
 .debug_info    0x000000000003fa39      0x990 /usr/lib/gcc/arm-none-eabi/9.2.1/../../../arm-none-eabi/lib/thumb/v7e-m+fp/hard/libnosys.a(read.o)
 .debug_info    0x00000000000403c9       0x9d /usr/lib/gcc/arm-none-eabi/9.2.1/../../../arm-none-eabi/lib/thumb/v7e-m+fp/hard/libnosys.a(sbrk.o)
 .debug_info    0x0000000000040466      0x990 /usr/lib/gcc/arm-none-eabi/9.2.1/../../../arm-none-eabi/lib/thumb/v7e-m+fp/hard/libnosys.a(write.o)
 .debug_info    0x0000000000040df6       0xa3 /usr/lib/gcc/arm-none-eabi/9.2.1/../../../arm-none-eabi/lib/thumb/v7e-m+fp/hard/libnosys.a(_exit.o)

.debug_abbrev   0x0000000000000000     0xc316
 .debug_abbrev  0x0000000000000000      0x44b i2c_ctx.o
 .debug_abbrev  0x000000000000044b       0xde bitops.o
 .debug_abbrev  0x0000000000000529      0x402 fibre.o
 .debug_abbrev  0x000000000000092b       0x64 fibre_default.o
 .debug_abbrev  0x000000000000098f      0x2db list.o
 .debug_abbrev  0x0000000000000c6a      0x276 messageq.o
 .debug_abbrev  0x0000000000000ee0      0x29e regdump.o
 .debug_abbrev  0x000000000000117e       0xe1 time_libopencm3.o
 .debug_abbrev  0x000000000000125f      0x2a6 util.o
 .debug_abbrev  0x0000000000001505      0x4b6 i2c-stm32f4-usb.o
 .debug_abbrev  0x00000000000019bb      0x116 /home/maddocks/USB-GPIO/i2c-star-stm32f411ceu6-blackpill/libopencm3/lib/libopencm3_stm32f4.a(gpio_common_all.o)
 .debug_abbrev  0x0000000000001ad1       0xbf /home/maddocks/USB-GPIO/i2c-star-stm32f411ceu6-blackpill/libopencm3/lib/libopencm3_stm32f4.a(gpio_common_f0234.o)
 .debug_abbrev  0x0000000000001b90      0x356 /home/maddocks/USB-GPIO/i2c-star-stm32f411ceu6-blackpill/libopencm3/lib/libopencm3_stm32f4.a(i2c_common_v1.o)
 .debug_abbrev  0x0000000000001ee6      0x1a8 /home/maddocks/USB-GPIO/i2c-star-stm32f411ceu6-blackpill/libopencm3/lib/libopencm3_stm32f4.a(rcc_common_all.o)
 .debug_abbrev  0x000000000000208e      0x2c1 /home/maddocks/USB-GPIO/i2c-star-stm32f411ceu6-blackpill/libopencm3/lib/libopencm3_stm32f4.a(rcc.o)
 .debug_abbrev  0x000000000000234f      0x333 /home/maddocks/USB-GPIO/i2c-star-stm32f411ceu6-blackpill/libopencm3/lib/libopencm3_stm32f4.a(usb.o)
 .debug_abbrev  0x0000000000002682      0x5a4 /home/maddocks/USB-GPIO/i2c-star-stm32f411ceu6-blackpill/libopencm3/lib/libopencm3_stm32f4.a(usb_standard.o)
 .debug_abbrev  0x0000000000002c26      0x477 /home/maddocks/USB-GPIO/i2c-star-stm32f411ceu6-blackpill/libopencm3/lib/libopencm3_stm32f4.a(usb_control.o)
 .debug_abbrev  0x000000000000309d      0x2b7 /home/maddocks/USB-GPIO/i2c-star-stm32f411ceu6-blackpill/libopencm3/lib/libopencm3_stm32f4.a(usb_f107.o)
 .debug_abbrev  0x0000000000003354      0x15b /home/maddocks/USB-GPIO/i2c-star-stm32f411ceu6-blackpill/libopencm3/lib/libopencm3_stm32f4.a(vector.o)
 .debug_abbrev  0x00000000000034af      0x155 /home/maddocks/USB-GPIO/i2c-star-stm32f411ceu6-blackpill/libopencm3/lib/libopencm3_stm32f4.a(systick.o)
 .debug_abbrev  0x0000000000003604       0x9a /home/maddocks/USB-GPIO/i2c-star-stm32f411ceu6-blackpill/libopencm3/lib/libopencm3_stm32f4.a(flash_common_all.o)
 .debug_abbrev  0x000000000000369e       0x56 /home/maddocks/USB-GPIO/i2c-star-stm32f411ceu6-blackpill/libopencm3/lib/libopencm3_stm32f4.a(flash_common_idcache.o)
 .debug_abbrev  0x00000000000036f4       0x9c /home/maddocks/USB-GPIO/i2c-star-stm32f411ceu6-blackpill/libopencm3/lib/libopencm3_stm32f4.a(pwr.o)
 .debug_abbrev  0x0000000000003790      0x449 /home/maddocks/USB-GPIO/i2c-star-stm32f411ceu6-blackpill/libopencm3/lib/libopencm3_stm32f4.a(usb_dwc_common.o)
 .debug_abbrev  0x0000000000003bd9      0x20b /usr/lib/gcc/arm-none-eabi/9.2.1/../../../arm-none-eabi/lib/thumb/v7e-m+fp/hard/libc.a(lib_a-abort.o)
 .debug_abbrev  0x0000000000003de4      0x27a /usr/lib/gcc/arm-none-eabi/9.2.1/../../../arm-none-eabi/lib/thumb/v7e-m+fp/hard/libc.a(lib_a-fprintf.o)
 .debug_abbrev  0x000000000000405e      0x1b8 /usr/lib/gcc/arm-none-eabi/9.2.1/../../../arm-none-eabi/lib/thumb/v7e-m+fp/hard/libc.a(lib_a-impure.o)
 .debug_abbrev  0x0000000000004216      0x321 /usr/lib/gcc/arm-none-eabi/9.2.1/../../../arm-none-eabi/lib/thumb/v7e-m+fp/hard/libc.a(lib_a-mallocr.o)
 .debug_abbrev  0x0000000000004537       0x14 /usr/lib/gcc/arm-none-eabi/9.2.1/../../../arm-none-eabi/lib/thumb/v7e-m+fp/hard/libc.a(lib_a-memcpy.o)
 .debug_abbrev  0x000000000000454b      0x217 /usr/lib/gcc/arm-none-eabi/9.2.1/../../../arm-none-eabi/lib/thumb/v7e-m+fp/hard/libc.a(lib_a-memset.o)
 .debug_abbrev  0x0000000000004762      0x203 /usr/lib/gcc/arm-none-eabi/9.2.1/../../../arm-none-eabi/lib/thumb/v7e-m+fp/hard/libc.a(lib_a-mlock.o)
 .debug_abbrev  0x0000000000004965      0x2c5 /usr/lib/gcc/arm-none-eabi/9.2.1/../../../arm-none-eabi/lib/thumb/v7e-m+fp/hard/libc.a(lib_a-puts.o)
 .debug_abbrev  0x0000000000004c2a      0x250 /usr/lib/gcc/arm-none-eabi/9.2.1/../../../arm-none-eabi/lib/thumb/v7e-m+fp/hard/libc.a(lib_a-sbrkr.o)
 .debug_abbrev  0x0000000000004e7a      0x36b /usr/lib/gcc/arm-none-eabi/9.2.1/../../../arm-none-eabi/lib/thumb/v7e-m+fp/hard/libc.a(lib_a-signal.o)
 .debug_abbrev  0x00000000000051e5      0x255 /usr/lib/gcc/arm-none-eabi/9.2.1/../../../arm-none-eabi/lib/thumb/v7e-m+fp/hard/libc.a(lib_a-signalr.o)
 .debug_abbrev  0x000000000000543a       0x14 /usr/lib/gcc/arm-none-eabi/9.2.1/../../../arm-none-eabi/lib/thumb/v7e-m+fp/hard/libc.a(lib_a-strlen.o)
 .debug_abbrev  0x000000000000544e      0x466 /usr/lib/gcc/arm-none-eabi/9.2.1/../../../arm-none-eabi/lib/thumb/v7e-m+fp/hard/libc.a(lib_a-vfprintf.o)
 .debug_abbrev  0x00000000000058b4      0x283 /usr/lib/gcc/arm-none-eabi/9.2.1/../../../arm-none-eabi/lib/thumb/v7e-m+fp/hard/libc.a(lib_a-wsetup.o)
 .debug_abbrev  0x0000000000005b37      0x343 /usr/lib/gcc/arm-none-eabi/9.2.1/../../../arm-none-eabi/lib/thumb/v7e-m+fp/hard/libc.a(lib_a-dtoa.o)
 .debug_abbrev  0x0000000000005e7a      0x322 /usr/lib/gcc/arm-none-eabi/9.2.1/../../../arm-none-eabi/lib/thumb/v7e-m+fp/hard/libc.a(lib_a-fflush.o)
 .debug_abbrev  0x000000000000619c      0x425 /usr/lib/gcc/arm-none-eabi/9.2.1/../../../arm-none-eabi/lib/thumb/v7e-m+fp/hard/libc.a(lib_a-findfp.o)
 .debug_abbrev  0x00000000000065c1      0x2c9 /usr/lib/gcc/arm-none-eabi/9.2.1/../../../arm-none-eabi/lib/thumb/v7e-m+fp/hard/libc.a(lib_a-freer.o)
 .debug_abbrev  0x000000000000688a      0x2ae /usr/lib/gcc/arm-none-eabi/9.2.1/../../../arm-none-eabi/lib/thumb/v7e-m+fp/hard/libc.a(lib_a-fvwrite.o)
 .debug_abbrev  0x0000000000006b38      0x24e /usr/lib/gcc/arm-none-eabi/9.2.1/../../../arm-none-eabi/lib/thumb/v7e-m+fp/hard/libc.a(lib_a-fwalk.o)
 .debug_abbrev  0x0000000000006d86      0x27d /usr/lib/gcc/arm-none-eabi/9.2.1/../../../arm-none-eabi/lib/thumb/v7e-m+fp/hard/libc.a(lib_a-localeconv.o)
 .debug_abbrev  0x0000000000007003      0x334 /usr/lib/gcc/arm-none-eabi/9.2.1/../../../arm-none-eabi/lib/thumb/v7e-m+fp/hard/libc.a(lib_a-makebuf.o)
 .debug_abbrev  0x0000000000007337       0x14 /usr/lib/gcc/arm-none-eabi/9.2.1/../../../arm-none-eabi/lib/thumb/v7e-m+fp/hard/libc.a(lib_a-memchr.o)
 .debug_abbrev  0x000000000000734b      0x21c /usr/lib/gcc/arm-none-eabi/9.2.1/../../../arm-none-eabi/lib/thumb/v7e-m+fp/hard/libc.a(lib_a-memmove.o)
 .debug_abbrev  0x0000000000007567      0x4b7 /usr/lib/gcc/arm-none-eabi/9.2.1/../../../arm-none-eabi/lib/thumb/v7e-m+fp/hard/libc.a(lib_a-mprec.o)
 .debug_abbrev  0x0000000000007a1e      0x2a8 /usr/lib/gcc/arm-none-eabi/9.2.1/../../../arm-none-eabi/lib/thumb/v7e-m+fp/hard/libc.a(lib_a-reallocr.o)
 .debug_abbrev  0x0000000000007cc6      0x2ba /usr/lib/gcc/arm-none-eabi/9.2.1/../../../arm-none-eabi/lib/thumb/v7e-m+fp/hard/libc.a(lib_a-reent.o)
 .debug_abbrev  0x0000000000007f80      0x2ad /usr/lib/gcc/arm-none-eabi/9.2.1/../../../arm-none-eabi/lib/thumb/v7e-m+fp/hard/libc.a(lib_a-stdio.o)
 .debug_abbrev  0x000000000000822d      0x468 /usr/lib/gcc/arm-none-eabi/9.2.1/../../../arm-none-eabi/lib/thumb/v7e-m+fp/hard/libc.a(lib_a-vfiprintf.o)
 .debug_abbrev  0x0000000000008695      0x22a /usr/lib/gcc/arm-none-eabi/9.2.1/../../../arm-none-eabi/lib/thumb/v7e-m+fp/hard/libc.a(lib_a-writer.o)
 .debug_abbrev  0x00000000000088bf      0x23d /usr/lib/gcc/arm-none-eabi/9.2.1/../../../arm-none-eabi/lib/thumb/v7e-m+fp/hard/libc.a(lib_a-assert.o)
 .debug_abbrev  0x0000000000008afc      0x275 /usr/lib/gcc/arm-none-eabi/9.2.1/../../../arm-none-eabi/lib/thumb/v7e-m+fp/hard/libc.a(lib_a-callocr.o)
 .debug_abbrev  0x0000000000008d71      0x225 /usr/lib/gcc/arm-none-eabi/9.2.1/../../../arm-none-eabi/lib/thumb/v7e-m+fp/hard/libc.a(lib_a-closer.o)
 .debug_abbrev  0x0000000000008f96      0x327 /usr/lib/gcc/arm-none-eabi/9.2.1/../../../arm-none-eabi/lib/thumb/v7e-m+fp/hard/libc.a(lib_a-fclose.o)
 .debug_abbrev  0x00000000000092bd      0x255 /usr/lib/gcc/arm-none-eabi/9.2.1/../../../arm-none-eabi/lib/thumb/v7e-m+fp/hard/libc.a(lib_a-fiprintf.o)
 .debug_abbrev  0x0000000000009512      0x38c /usr/lib/gcc/arm-none-eabi/9.2.1/../../../arm-none-eabi/lib/thumb/v7e-m+fp/hard/libc.a(lib_a-fputwc.o)
 .debug_abbrev  0x000000000000989e      0x239 /usr/lib/gcc/arm-none-eabi/9.2.1/../../../arm-none-eabi/lib/thumb/v7e-m+fp/hard/libc.a(lib_a-fstatr.o)
 .debug_abbrev  0x0000000000009ad7      0x225 /usr/lib/gcc/arm-none-eabi/9.2.1/../../../arm-none-eabi/lib/thumb/v7e-m+fp/hard/libc.a(lib_a-isattyr.o)
 .debug_abbrev  0x0000000000009cfc      0x2e8 /usr/lib/gcc/arm-none-eabi/9.2.1/../../../arm-none-eabi/lib/thumb/v7e-m+fp/hard/libc.a(lib_a-locale.o)
 .debug_abbrev  0x0000000000009fe4      0x239 /usr/lib/gcc/arm-none-eabi/9.2.1/../../../arm-none-eabi/lib/thumb/v7e-m+fp/hard/libc.a(lib_a-lseekr.o)
 .debug_abbrev  0x000000000000a21d      0x25f /usr/lib/gcc/arm-none-eabi/9.2.1/../../../arm-none-eabi/lib/thumb/v7e-m+fp/hard/libc.a(lib_a-mbtowc_r.o)
 .debug_abbrev  0x000000000000a47c      0x225 /usr/lib/gcc/arm-none-eabi/9.2.1/../../../arm-none-eabi/lib/thumb/v7e-m+fp/hard/libc.a(lib_a-readr.o)
 .debug_abbrev  0x000000000000a6a1       0x14 /usr/lib/gcc/arm-none-eabi/9.2.1/../../../arm-none-eabi/lib/thumb/v7e-m+fp/hard/libc.a(lib_a-strcmp.o)
 .debug_abbrev  0x000000000000a6b5      0x2c3 /usr/lib/gcc/arm-none-eabi/9.2.1/../../../arm-none-eabi/lib/thumb/v7e-m+fp/hard/libc.a(lib_a-wbuf.o)
 .debug_abbrev  0x000000000000a978      0x256 /usr/lib/gcc/arm-none-eabi/9.2.1/../../../arm-none-eabi/lib/thumb/v7e-m+fp/hard/libc.a(lib_a-wcrtomb.o)
 .debug_abbrev  0x000000000000abce      0x269 /usr/lib/gcc/arm-none-eabi/9.2.1/../../../arm-none-eabi/lib/thumb/v7e-m+fp/hard/libc.a(lib_a-wctomb_r.o)
 .debug_abbrev  0x000000000000ae37      0x1b6 /usr/lib/gcc/arm-none-eabi/9.2.1/../../../arm-none-eabi/lib/thumb/v7e-m+fp/hard/libc.a(lib_a-ctype_.o)
 .debug_abbrev  0x000000000000afed       0x14 /usr/lib/gcc/arm-none-eabi/9.2.1/thumb/v7e-m+fp/hard/libgcc.a(_arm_addsubdf3.o)
 .debug_abbrev  0x000000000000b001       0x14 /usr/lib/gcc/arm-none-eabi/9.2.1/thumb/v7e-m+fp/hard/libgcc.a(_arm_muldivdf3.o)
 .debug_abbrev  0x000000000000b015       0x14 /usr/lib/gcc/arm-none-eabi/9.2.1/thumb/v7e-m+fp/hard/libgcc.a(_arm_cmpdf2.o)
 .debug_abbrev  0x000000000000b029       0x14 /usr/lib/gcc/arm-none-eabi/9.2.1/thumb/v7e-m+fp/hard/libgcc.a(_arm_unorddf2.o)
 .debug_abbrev  0x000000000000b03d       0x14 /usr/lib/gcc/arm-none-eabi/9.2.1/thumb/v7e-m+fp/hard/libgcc.a(_arm_fixdfsi.o)
 .debug_abbrev  0x000000000000b051       0x14 /usr/lib/gcc/arm-none-eabi/9.2.1/thumb/v7e-m+fp/hard/libgcc.a(_aeabi_uldivmod.o)
 .debug_abbrev  0x000000000000b065      0x1c2 /usr/lib/gcc/arm-none-eabi/9.2.1/thumb/v7e-m+fp/hard/libgcc.a(_udivmoddi4.o)
 .debug_abbrev  0x000000000000b227       0x14 /usr/lib/gcc/arm-none-eabi/9.2.1/thumb/v7e-m+fp/hard/libgcc.a(_dvmd_tls.o)
 .debug_abbrev  0x000000000000b23b      0x1ea /usr/lib/gcc/arm-none-eabi/9.2.1/../../../arm-none-eabi/lib/thumb/v7e-m+fp/hard/libnosys.a(close.o)
 .debug_abbrev  0x000000000000b425      0x1fd /usr/lib/gcc/arm-none-eabi/9.2.1/../../../arm-none-eabi/lib/thumb/v7e-m+fp/hard/libnosys.a(fstat.o)
 .debug_abbrev  0x000000000000b622      0x1d6 /usr/lib/gcc/arm-none-eabi/9.2.1/../../../arm-none-eabi/lib/thumb/v7e-m+fp/hard/libnosys.a(getpid.o)
 .debug_abbrev  0x000000000000b7f8      0x1ea /usr/lib/gcc/arm-none-eabi/9.2.1/../../../arm-none-eabi/lib/thumb/v7e-m+fp/hard/libnosys.a(isatty.o)
 .debug_abbrev  0x000000000000b9e2      0x1fb /usr/lib/gcc/arm-none-eabi/9.2.1/../../../arm-none-eabi/lib/thumb/v7e-m+fp/hard/libnosys.a(kill.o)
 .debug_abbrev  0x000000000000bbdd      0x20f /usr/lib/gcc/arm-none-eabi/9.2.1/../../../arm-none-eabi/lib/thumb/v7e-m+fp/hard/libnosys.a(lseek.o)
 .debug_abbrev  0x000000000000bdec      0x20f /usr/lib/gcc/arm-none-eabi/9.2.1/../../../arm-none-eabi/lib/thumb/v7e-m+fp/hard/libnosys.a(read.o)
 .debug_abbrev  0x000000000000bffb       0xa2 /usr/lib/gcc/arm-none-eabi/9.2.1/../../../arm-none-eabi/lib/thumb/v7e-m+fp/hard/libnosys.a(sbrk.o)
 .debug_abbrev  0x000000000000c09d      0x20f /usr/lib/gcc/arm-none-eabi/9.2.1/../../../arm-none-eabi/lib/thumb/v7e-m+fp/hard/libnosys.a(write.o)
 .debug_abbrev  0x000000000000c2ac       0x6a /usr/lib/gcc/arm-none-eabi/9.2.1/../../../arm-none-eabi/lib/thumb/v7e-m+fp/hard/libnosys.a(_exit.o)

.debug_loc      0x0000000000000000    0x18ee5
 .debug_loc     0x0000000000000000      0xa01 i2c_ctx.o
 .debug_loc     0x0000000000000a01      0x364 bitops.o
 .debug_loc     0x0000000000000d65      0x636 fibre.o
 .debug_loc     0x000000000000139b      0x30b list.o
 .debug_loc     0x00000000000016a6      0x375 messageq.o
 .debug_loc     0x0000000000001a1b      0x260 regdump.o
 .debug_loc     0x0000000000001c7b      0x109 util.o
 .debug_loc     0x0000000000001d84      0xddf i2c-stm32f4-usb.o
 .debug_loc     0x0000000000002b63       0xbe /home/maddocks/USB-GPIO/i2c-star-stm32f411ceu6-blackpill/libopencm3/lib/libopencm3_stm32f4.a(gpio_common_all.o)
 .debug_loc     0x0000000000002c21      0x14d /home/maddocks/USB-GPIO/i2c-star-stm32f411ceu6-blackpill/libopencm3/lib/libopencm3_stm32f4.a(gpio_common_f0234.o)
 .debug_loc     0x0000000000002d6e      0x5aa /home/maddocks/USB-GPIO/i2c-star-stm32f411ceu6-blackpill/libopencm3/lib/libopencm3_stm32f4.a(i2c_common_v1.o)
 .debug_loc     0x0000000000003318       0xde /home/maddocks/USB-GPIO/i2c-star-stm32f411ceu6-blackpill/libopencm3/lib/libopencm3_stm32f4.a(rcc_common_all.o)
 .debug_loc     0x00000000000033f6      0x7ea /home/maddocks/USB-GPIO/i2c-star-stm32f411ceu6-blackpill/libopencm3/lib/libopencm3_stm32f4.a(rcc.o)
 .debug_loc     0x0000000000003be0      0x544 /home/maddocks/USB-GPIO/i2c-star-stm32f411ceu6-blackpill/libopencm3/lib/libopencm3_stm32f4.a(usb.o)
 .debug_loc     0x0000000000004124     0x13a7 /home/maddocks/USB-GPIO/i2c-star-stm32f411ceu6-blackpill/libopencm3/lib/libopencm3_stm32f4.a(usb_standard.o)
 .debug_loc     0x00000000000054cb      0x7e6 /home/maddocks/USB-GPIO/i2c-star-stm32f411ceu6-blackpill/libopencm3/lib/libopencm3_stm32f4.a(usb_control.o)
 .debug_loc     0x0000000000005cb1      0x128 /home/maddocks/USB-GPIO/i2c-star-stm32f411ceu6-blackpill/libopencm3/lib/libopencm3_stm32f4.a(vector.o)
 .debug_loc     0x0000000000005dd9      0x192 /home/maddocks/USB-GPIO/i2c-star-stm32f411ceu6-blackpill/libopencm3/lib/libopencm3_stm32f4.a(systick.o)
 .debug_loc     0x0000000000005f6b       0x47 /home/maddocks/USB-GPIO/i2c-star-stm32f411ceu6-blackpill/libopencm3/lib/libopencm3_stm32f4.a(flash_common_all.o)
 .debug_loc     0x0000000000005fb2       0x47 /home/maddocks/USB-GPIO/i2c-star-stm32f411ceu6-blackpill/libopencm3/lib/libopencm3_stm32f4.a(pwr.o)
 .debug_loc     0x0000000000005ff9      0x8e9 /home/maddocks/USB-GPIO/i2c-star-stm32f411ceu6-blackpill/libopencm3/lib/libopencm3_stm32f4.a(usb_dwc_common.o)
 .debug_loc     0x00000000000068e2       0xa6 /usr/lib/gcc/arm-none-eabi/9.2.1/../../../arm-none-eabi/lib/thumb/v7e-m+fp/hard/libc.a(lib_a-fprintf.o)
 .debug_loc     0x0000000000006988      0xf44 /usr/lib/gcc/arm-none-eabi/9.2.1/../../../arm-none-eabi/lib/thumb/v7e-m+fp/hard/libc.a(lib_a-mallocr.o)
 .debug_loc     0x00000000000078cc      0x231 /usr/lib/gcc/arm-none-eabi/9.2.1/../../../arm-none-eabi/lib/thumb/v7e-m+fp/hard/libc.a(lib_a-memset.o)
 .debug_loc     0x0000000000007afd      0x11a /usr/lib/gcc/arm-none-eabi/9.2.1/../../../arm-none-eabi/lib/thumb/v7e-m+fp/hard/libc.a(lib_a-puts.o)
 .debug_loc     0x0000000000007c17       0x6c /usr/lib/gcc/arm-none-eabi/9.2.1/../../../arm-none-eabi/lib/thumb/v7e-m+fp/hard/libc.a(lib_a-sbrkr.o)
 .debug_loc     0x0000000000007c83      0x560 /usr/lib/gcc/arm-none-eabi/9.2.1/../../../arm-none-eabi/lib/thumb/v7e-m+fp/hard/libc.a(lib_a-signal.o)
 .debug_loc     0x00000000000081e3       0xd0 /usr/lib/gcc/arm-none-eabi/9.2.1/../../../arm-none-eabi/lib/thumb/v7e-m+fp/hard/libc.a(lib_a-signalr.o)
 .debug_loc     0x00000000000082b3     0x364f /usr/lib/gcc/arm-none-eabi/9.2.1/../../../arm-none-eabi/lib/thumb/v7e-m+fp/hard/libc.a(lib_a-vfprintf.o)
 .debug_loc     0x000000000000b902       0xba /usr/lib/gcc/arm-none-eabi/9.2.1/../../../arm-none-eabi/lib/thumb/v7e-m+fp/hard/libc.a(lib_a-wsetup.o)
 .debug_loc     0x000000000000b9bc     0x305a /usr/lib/gcc/arm-none-eabi/9.2.1/../../../arm-none-eabi/lib/thumb/v7e-m+fp/hard/libc.a(lib_a-dtoa.o)
 .debug_loc     0x000000000000ea16      0x334 /usr/lib/gcc/arm-none-eabi/9.2.1/../../../arm-none-eabi/lib/thumb/v7e-m+fp/hard/libc.a(lib_a-fflush.o)
 .debug_loc     0x000000000000ed4a      0x32c /usr/lib/gcc/arm-none-eabi/9.2.1/../../../arm-none-eabi/lib/thumb/v7e-m+fp/hard/libc.a(lib_a-findfp.o)
 .debug_loc     0x000000000000f076      0x6f8 /usr/lib/gcc/arm-none-eabi/9.2.1/../../../arm-none-eabi/lib/thumb/v7e-m+fp/hard/libc.a(lib_a-freer.o)
 .debug_loc     0x000000000000f76e      0x669 /usr/lib/gcc/arm-none-eabi/9.2.1/../../../arm-none-eabi/lib/thumb/v7e-m+fp/hard/libc.a(lib_a-fvwrite.o)
 .debug_loc     0x000000000000fdd7      0x24f /usr/lib/gcc/arm-none-eabi/9.2.1/../../../arm-none-eabi/lib/thumb/v7e-m+fp/hard/libc.a(lib_a-fwalk.o)
 .debug_loc     0x0000000000010026       0x6f /usr/lib/gcc/arm-none-eabi/9.2.1/../../../arm-none-eabi/lib/thumb/v7e-m+fp/hard/libc.a(lib_a-localeconv.o)
 .debug_loc     0x0000000000010095      0x192 /usr/lib/gcc/arm-none-eabi/9.2.1/../../../arm-none-eabi/lib/thumb/v7e-m+fp/hard/libc.a(lib_a-makebuf.o)
 .debug_loc     0x0000000000010227      0x2f1 /usr/lib/gcc/arm-none-eabi/9.2.1/../../../arm-none-eabi/lib/thumb/v7e-m+fp/hard/libc.a(lib_a-memmove.o)
 .debug_loc     0x0000000000010518     0x234e /usr/lib/gcc/arm-none-eabi/9.2.1/../../../arm-none-eabi/lib/thumb/v7e-m+fp/hard/libc.a(lib_a-mprec.o)
 .debug_loc     0x0000000000012866     0x12c8 /usr/lib/gcc/arm-none-eabi/9.2.1/../../../arm-none-eabi/lib/thumb/v7e-m+fp/hard/libc.a(lib_a-reallocr.o)
 .debug_loc     0x0000000000013b2e      0x152 /usr/lib/gcc/arm-none-eabi/9.2.1/../../../arm-none-eabi/lib/thumb/v7e-m+fp/hard/libc.a(lib_a-reent.o)
 .debug_loc     0x0000000000013c80      0x393 /usr/lib/gcc/arm-none-eabi/9.2.1/../../../arm-none-eabi/lib/thumb/v7e-m+fp/hard/libc.a(lib_a-stdio.o)
 .debug_loc     0x0000000000014013     0x25f3 /usr/lib/gcc/arm-none-eabi/9.2.1/../../../arm-none-eabi/lib/thumb/v7e-m+fp/hard/libc.a(lib_a-vfiprintf.o)
 .debug_loc     0x0000000000016606       0xdd /usr/lib/gcc/arm-none-eabi/9.2.1/../../../arm-none-eabi/lib/thumb/v7e-m+fp/hard/libc.a(lib_a-writer.o)
 .debug_loc     0x00000000000166e3      0x15c /usr/lib/gcc/arm-none-eabi/9.2.1/../../../arm-none-eabi/lib/thumb/v7e-m+fp/hard/libc.a(lib_a-assert.o)
 .debug_loc     0x000000000001683f      0x2d6 /usr/lib/gcc/arm-none-eabi/9.2.1/../../../arm-none-eabi/lib/thumb/v7e-m+fp/hard/libc.a(lib_a-callocr.o)
 .debug_loc     0x0000000000016b15       0x6c /usr/lib/gcc/arm-none-eabi/9.2.1/../../../arm-none-eabi/lib/thumb/v7e-m+fp/hard/libc.a(lib_a-closer.o)
 .debug_loc     0x0000000000016b81      0x179 /usr/lib/gcc/arm-none-eabi/9.2.1/../../../arm-none-eabi/lib/thumb/v7e-m+fp/hard/libc.a(lib_a-fclose.o)
 .debug_loc     0x0000000000016cfa       0xa6 /usr/lib/gcc/arm-none-eabi/9.2.1/../../../arm-none-eabi/lib/thumb/v7e-m+fp/hard/libc.a(lib_a-fiprintf.o)
 .debug_loc     0x0000000000016da0      0x3cc /usr/lib/gcc/arm-none-eabi/9.2.1/../../../arm-none-eabi/lib/thumb/v7e-m+fp/hard/libc.a(lib_a-fputwc.o)